Component: ARM Compiler 5.06 update 4 (build 422) Tool: armlink [4d35d2]

==============================================================================

Section Cross References

    hello_world_core0.o(i.MAILBOX_IRQHandler) refers to fsl_common.o(i.__aeabi_assert) for __aeabi_assert
    hello_world_core0.o(i.MAILBOX_IRQHandler) refers to dfixi.o(.text) for __aeabi_d2iz
    hello_world_core0.o(i.MAILBOX_IRQHandler) refers to hello_world_core0.o(i.read_si7020_data) for i.read_si7020_data
    hello_world_core0.o(i.MAILBOX_IRQHandler) refers to hello_world_core0.o(.data) for g_msg
    hello_world_core0.o(i.MAILBOX_IRQHandler) refers to app_si70xx.o(.bss) for si7020_data
    hello_world_core0.o(i.MAILBOX_IRQHandler) refers to app_si70xx.o(.data) for sensor
    hello_world_core0.o(i.main) refers to fsl_clock.o(i.CLOCK_AttachClk) for CLOCK_AttachClk
    hello_world_core0.o(i.main) refers to pin_mux.o(i.BOARD_InitPins_Core0) for BOARD_InitPins_Core0
    hello_world_core0.o(i.main) refers to hello_world_core0.o(i.CLOCK_EnableClock) for CLOCK_EnableClock
    hello_world_core0.o(i.main) refers to clock_config.o(i.BOARD_BootClockFROHF48M) for BOARD_BootClockFROHF48M
    hello_world_core0.o(i.main) refers to board.o(i.BOARD_InitDebugConsole) for BOARD_InitDebugConsole
    hello_world_core0.o(i.main) refers to hello_world_core0.o(i.get_core1_image_size) for get_core1_image_size
    hello_world_core0.o(i.main) refers to fsl_debug_console.o(i.DbgConsole_Printf) for DbgConsole_Printf
    hello_world_core0.o(i.main) refers to memmovea.o(.text) for __aeabi_memcpy4
    hello_world_core0.o(i.main) refers to mcmgr.o(i.MCMGR_Init) for MCMGR_Init
    hello_world_core0.o(i.main) refers to mcmgr.o(i.MCMGR_StartCore) for MCMGR_StartCore
    hello_world_core0.o(i.main) refers to app_spiflash.o(i.spiflash_init) for spiflash_init
    hello_world_core0.o(i.main) refers to app_lcd.o(i.bu9796Init) for bu9796Init
    hello_world_core0.o(i.main) refers to app_key.o(i.key_init) for key_init
    hello_world_core0.o(i.main) refers to app_realy.o(i.realy_init) for realy_init
    hello_world_core0.o(i.main) refers to app_beep.o(i.beep_init) for beep_init
    hello_world_core0.o(i.main) refers to app_lcd.o(i.backlight_init) for backlight_init
    hello_world_core0.o(i.main) refers to app_dev_ctrl.o(i.app_init) for app_init
    hello_world_core0.o(i.main) refers to smart_plc.o(i.plc_init) for plc_init
    hello_world_core0.o(i.main) refers to alloter.o(i.init_chn_pool_mgr) for init_chn_pool_mgr
    hello_world_core0.o(i.main) refers to smart_plc.o(i.init_uart_infor) for init_uart_infor
    hello_world_core0.o(i.main) refers to app_dev_ctrl.o(i.dev_init) for dev_init
    hello_world_core0.o(i.main) refers to app_dev_ctrl.o(i.system_init) for system_init
    hello_world_core0.o(i.main) refers to app_dev_ctrl.o(i.task_handle) for task_handle
    hello_world_core0.o(i.main) refers to system_lpc54114_cm4.o(.data) for SystemCoreClock
    hello_world_core0.o(i.read_si7020_data) refers to fsl_debug_console.o(i.DbgConsole_Printf) for DbgConsole_Printf
    hello_world_core0.o(i.read_si7020_data) refers to fsl_common.o(i.__aeabi_assert) for __aeabi_assert
    hello_world_core0.o(i.read_si7020_data) refers to hello_world_core0.o(.bss) for s_message
    hello_world_core0.o(i.read_si7020_data) refers to hello_world_core0.o(.data) for p_message
    hello_world_core0.o(i.read_si7020_data) refers to app_lcd.o(.data) for flash_struct
    startup_lpc54114_cm4.o(RESET) refers to startup_lpc54114_cm4.o(.text) for Reset_Handler
    startup_lpc54114_cm4.o(RESET) refers to app_interrupt.o(i.SysTick_Handler) for SysTick_Handler
    startup_lpc54114_cm4.o(RESET) refers to fsl_sctimer.o(i.SCT0_IRQHandler) for SCT0_IRQHandler
    startup_lpc54114_cm4.o(RESET) refers to smart_plc.o(i.FLEXCOMM5_IRQHandler) for FLEXCOMM5_IRQHandler
    startup_lpc54114_cm4.o(RESET) refers to hello_world_core0.o(i.MAILBOX_IRQHandler) for MAILBOX_IRQHandler
    startup_lpc54114_cm4.o(.text) refers to system_lpc54114_cm4.o(i.SystemInit) for SystemInit
    startup_lpc54114_cm4.o(.text) refers to entry.o(.ARM.Collect$$$$00000000) for __main
    startup_lpc54114_cm4.o(.text) refers to fsl_dma.o(i.DMA0_DriverIRQHandler) for DMA0_DriverIRQHandler
    startup_lpc54114_cm4.o(.text) refers to fsl_pint.o(i.PIN_INT0_DriverIRQHandler) for PIN_INT0_DriverIRQHandler
    startup_lpc54114_cm4.o(.text) refers to fsl_pint.o(i.PIN_INT1_DriverIRQHandler) for PIN_INT1_DriverIRQHandler
    startup_lpc54114_cm4.o(.text) refers to fsl_pint.o(i.PIN_INT2_DriverIRQHandler) for PIN_INT2_DriverIRQHandler
    startup_lpc54114_cm4.o(.text) refers to fsl_pint.o(i.PIN_INT3_DriverIRQHandler) for PIN_INT3_DriverIRQHandler
    startup_lpc54114_cm4.o(.text) refers to fsl_ctimer.o(i.CTIMER0_DriverIRQHandler) for CTIMER0_DriverIRQHandler
    startup_lpc54114_cm4.o(.text) refers to fsl_ctimer.o(i.CTIMER1_DriverIRQHandler) for CTIMER1_DriverIRQHandler
[...]

    BuildAttributes$$THM_ISAv4$E$P$D$K$B$S$7EM$VFPi3$EXTD16$VFPS$VFMA$PE$A:L22UL41UL21$X:L11$S22US41US21$IEEE1$IW$USESV6$~STKCKD$USESV7$~SHL$OSPACE$ROPI$EBA8$MICROLIB$REQ8$PRES8$EABIv2 0x00000000   Number         0  anon$$obj.o ABSOLUTE
    Image$$VECTOR_RAM$$Base                  0x00000000   Number         0  anon$$obj.o ABSOLUTE
    Image$$VECTOR_ROM$$Base                  0x00000000   Number         0  anon$$obj.o ABSOLUTE
    __ARM_use_no_argv                        0x00000000   Number         0  hello_world_core0.o ABSOLUTE
    __Vectors                                0x00000000   Data           4  startup_lpc54114_cm4.o(RESET)
    __cpp_initialize__aeabi_                  - Undefined Weak Reference
    __cxa_finalize                            - Undefined Weak Reference
    _clock_init                               - Undefined Weak Reference
    _microlib_exit                            - Undefined Weak Reference
    __main                                   0x000000e1   Thumb Code     0  entry.o(.ARM.Collect$$$$00000000)
    _main_stk                                0x000000e1   Thumb Code     0  entry4.o(.ARM.Collect$$$$00000003)
    _main_scatterload                        0x000000e5   Thumb Code     0  entry5.o(.ARM.Collect$$$$00000004)
    __main_after_scatterload                 0x000000e9   Thumb Code     0  entry5.o(.ARM.Collect$$$$00000004)
    _main_clock                              0x000000e9   Thumb Code     0  entry7b.o(.ARM.Collect$$$$00000008)
    _main_cpp_init                           0x000000e9   Thumb Code     0  entry8b.o(.ARM.Collect$$$$0000000A)
    _main_init                               0x000000e9   Thumb Code     0  entry9a.o(.ARM.Collect$$$$0000000B)
    __rt_final_cpp                           0x000000f1   Thumb Code     0  entry10a.o(.ARM.Collect$$$$0000000D)
    __rt_final_exit                          0x000000f1   Thumb Code     0  entry11a.o(.ARM.Collect$$$$0000000F)
    Reset_Handler                            0x00000109   Thumb Code    66  startup_lpc54114_cm4.o(.text)
    NMI_Handler                              0x0000014b   Thumb Code     2  startup_lpc54114_cm4.o(.text)
    HardFault_Handler                        0x0000014d   Thumb Code     2  startup_lpc54114_cm4.o(.text)
    MemManage_Handler                        0x0000014f   Thumb Code     2  startup_lpc54114_cm4.o(.text)
    BusFault_Handler                         0x00000151   Thumb Code     2  startup_lpc54114_cm4.o(.text)
    UsageFault_Handler                       0x00000153   Thumb Code     2  startup_lpc54114_cm4.o(.text)
    SVC_Handler                              0x00000155   Thumb Code     2  startup_lpc54114_cm4.o(.text)
    DebugMon_Handler                         0x00000157   Thumb Code     2  startup_lpc54114_cm4.o(.text)
    PendSV_Handler                           0x00000159   Thumb Code     2  startup_lpc54114_cm4.o(.text)
    WDT_BOD_IRQHandler                       0x0000015d   Thumb Code     4  startup_lpc54114_cm4.o(.text)
    DMA0_IRQHandler                          0x00000161   Thumb Code     4  startup_lpc54114_cm4.o(.text)
    GINT0_IRQHandler                         0x00000165   Thumb Code     4  startup_lpc54114_cm4.o(.text)
    GINT1_IRQHandler                         0x00000169   Thumb Code     4  startup_lpc54114_cm4.o(.text)
    PIN_INT0_IRQHandler                      0x0000016d   Thumb Code     4  startup_lpc54114_cm4.o(.text)
    PIN_INT1_IRQHandler                      0x00000171   Thumb Code     4  startup_lpc54114_cm4.o(.text)
    PIN_INT2_IRQHandler                      0x00000175   Thumb Code     4  startup_lpc54114_cm4.o(.text)
    PIN_INT3_IRQHandler                      0x00000179   Thumb Code     4  startup_lpc54114_cm4.o(.text)
    UTICK0_IRQHandler                        0x0000017d   Thumb Code     4  startup_lpc54114_cm4.o(.text)
    MRT0_IRQHandler                          0x00000181   Thumb Code     4  startup_lpc54114_cm4.o(.text)
    CTIMER0_IRQHandler                       0x00000185   Thumb Code     4  startup_lpc54114_cm4.o(.text)
    CTIMER1_IRQHandler                       0x00000189   Thumb Code     4  startup_lpc54114_cm4.o(.text)
    CTIMER3_IRQHandler                       0x00000191   Thumb Code     4  startup_lpc54114_cm4.o(.text)
    FLEXCOMM0_IRQHandler                     0x00000195   Thumb Code     4  startup_lpc54114_cm4.o(.text)
    FLEXCOMM1_IRQHandler                     0x00000199   Thumb Code     4  startup_lpc54114_cm4.o(.text)
    FLEXCOMM2_IRQHandler                     0x0000019d   Thumb Code     4  startup_lpc54114_cm4.o(.text)
    FLEXCOMM3_IRQHandler                     0x000001a1   Thumb Code     4  startup_lpc54114_cm4.o(.text)
    FLEXCOMM4_IRQHandler                     0x000001a5   Thumb Code     4  startup_lpc54114_cm4.o(.text)
    FLEXCOMM6_IRQHandler                     0x000001ad   Thumb Code     4  startup_lpc54114_cm4.o(.text)
    FLEXCOMM7_IRQHandler                     0x000001b1   Thumb Code     4  startup_lpc54114_cm4.o(.text)
    ADC0_SEQA_IRQHandler                     0x000001b5   Thumb Code     4  startup_lpc54114_cm4.o(.text)
    ADC0_SEQB_IRQHandler                     0x000001b9   Thumb Code     4  startup_lpc54114_cm4.o(.text)
    ADC0_THCMP_IRQHandler                    0x000001bd   Thumb Code     4  startup_lpc54114_cm4.o(.text)
    DMIC0_IRQHandler                         0x000001c1   Thumb Code     4  startup_lpc54114_cm4.o(.text)
    HWVAD0_IRQHandler                        0x000001c5   Thumb Code     4  startup_lpc54114_cm4.o(.text)
    USB0_NEEDCLK_IRQHandler                  0x000001c9   Thumb Code     4  startup_lpc54114_cm4.o(.text)
    USB0_IRQHandler                          0x000001cd   Thumb Code     4  startup_lpc54114_cm4.o(.text)
    RTC_IRQHandler                           0x000001d1   Thumb Code     4  startup_lpc54114_cm4.o(.text)
    IOH_IRQHandler                           0x000001d5   Thumb Code     4  startup_lpc54114_cm4.o(.text)
    PIN_INT4_IRQHandler                      0x000001dd   Thumb Code     4  startup_lpc54114_cm4.o(.text)
    PIN_INT5_IRQHandler                      0x000001e1   Thumb Code     4  startup_lpc54114_cm4.o(.text)
    PIN_INT6_IRQHandler                      0x000001e5   Thumb Code     4  startup_lpc54114_cm4.o(.text)
    PIN_INT7_IRQHandler                      0x000001e9   Thumb Code     4  startup_lpc54114_cm4.o(.text)
    CTIMER2_IRQHandler                       0x000001ed   Thumb Code     4  startup_lpc54114_cm4.o(.text)
    CTIMER4_IRQHandler                       0x000001f1   Thumb Code     4  startup_lpc54114_cm4.o(.text)
    Reserved54_IRQHandler                    0x000001f5   Thumb Code     4  startup_lpc54114_cm4.o(.text)
    SPIFI0_IRQHandler                        0x000001f9   Thumb Code     4  startup_lpc54114_cm4.o(.text)
    ADC0_SEQA_DriverIRQHandler               0x000001fd   Thumb Code     0  startup_lpc54114_cm4.o(.text)
    ADC0_SEQB_DriverIRQHandler               0x000001fd   Thumb Code     0  startup_lpc54114_cm4.o(.text)
    ADC0_THCMP_DriverIRQHandler              0x000001fd   Thumb Code     0  startup_lpc54114_cm4.o(.text)
    DMIC0_DriverIRQHandler                   0x000001fd   Thumb Code     0  startup_lpc54114_cm4.o(.text)
    GINT0_DriverIRQHandler                   0x000001fd   Thumb Code     0  startup_lpc54114_cm4.o(.text)
    GINT1_DriverIRQHandler                   0x000001fd   Thumb Code     0  startup_lpc54114_cm4.o(.text)
    HWVAD0_DriverIRQHandler                  0x000001fd   Thumb Code     0  startup_lpc54114_cm4.o(.text)
    IOH_DriverIRQHandler                     0x000001fd   Thumb Code     0  startup_lpc54114_cm4.o(.text)
    MAILBOX_DriverIRQHandler                 0x000001fd   Thumb Code     0  startup_lpc54114_cm4.o(.text)
    MRT0_DriverIRQHandler                    0x000001fd   Thumb Code     0  startup_lpc54114_cm4.o(.text)
    RTC_DriverIRQHandler                     0x000001fd   Thumb Code     0  startup_lpc54114_cm4.o(.text)
    Reserved54_DriverIRQHandler              0x000001fd   Thumb Code     0  startup_lpc54114_cm4.o(.text)
    SCT0_DriverIRQHandler                    0x000001fd   Thumb Code     0  startup_lpc54114_cm4.o(.text)
    SPIFI0_DriverIRQHandler                  0x000001fd   Thumb Code     0  startup_lpc54114_cm4.o(.text)
    USB0_DriverIRQHandler                    0x000001fd   Thumb Code     0  startup_lpc54114_cm4.o(.text)
    USB0_NEEDCLK_DriverIRQHandler            0x000001fd   Thumb Code     0  startup_lpc54114_cm4.o(.text)
    UTICK0_DriverIRQHandler                  0x000001fd   Thumb Code     0  startup_lpc54114_cm4.o(.text)
    WDT_BOD_DriverIRQHandler                 0x000001fd   Thumb Code     0  startup_lpc54114_cm4.o(.text)
    ___aeabi_memcpy8$move                    0x000002ad   Thumb Code     0  memmovea.o(.text)
    __aeabi_memcpy                           0x000002ad   Thumb Code    64  memmovea.o(.text)
    __aeabi_memcpy4                          0x000002ad   Thumb Code     0  memmovea.o(.text)
    __aeabi_memmove                          0x000002ad   Thumb Code     0  memmovea.o(.text)
    __aeabi_memmove4                         0x000002ad   Thumb Code     0  memmovea.o(.text)
    __aeabi_memmove8                         0x000002ad   Thumb Code     0  memmovea.o(.text)
    strlen                                   0x000002ed   Thumb Code    14  strlen.o(.text)
    __I$use$fp                               0x000002fb   Thumb Code     0  iusefp.o(.text)
    __scatterload_null                       0x000002fb   Thumb Code     2  handlers.o(i.__scatterload_null)
    __aeabi_uldivmod                         0x00000301   Thumb Code    98  uldiv.o(.text)
    __aeabi_memset                           0x00000363   Thumb Code    14  memseta.o(.text)
    __aeabi_memset4                          0x00000363   Thumb Code     0  memseta.o(.text)
    __aeabi_memset8                          0x00000363   Thumb Code     0  memseta.o(.text)
    __aeabi_memclr                           0x00000371   Thumb Code     4  memseta.o(.text)
    __aeabi_memclr4                          0x00000371   Thumb Code     0  memseta.o(.text)
    __aeabi_memclr8                          0x00000371   Thumb Code     0  memseta.o(.text)
    _memset$wrapper                          0x00000375   Thumb Code    18  memseta.o(.text)
    memcmp                                   0x00000387   Thumb Code    26  memcmp.o(.text)
    __aeabi_d2iz                             0x000003a1   Thumb Code    62  dfixi.o(.text)
    __aeabi_d2uiz                            0x000003df   Thumb Code    50  dfixui.o(.text)
    __aeabi_cdrcmple                         0x00000411   Thumb Code    48  cdrcmple.o(.text)
    __aeabi_llsl                             0x00000441   Thumb Code    30  llshl.o(.text)
    _ll_shift_l                              0x00000441   Thumb Code     0  llshl.o(.text)
    __aeabi_llsr                             0x0000045f   Thumb Code    32  llushr.o(.text)
    _ll_ushift_r                             0x0000045f   Thumb Code     0  llushr.o(.text)
    __scatterload                            0x00000481   Thumb Code    28  init.o(.text)
    __scatterload_rt2                        0x00000481   Thumb Code     0  init.o(.text)
    __decompress                             0x000004a5   Thumb Code     0  __dczerorl2.o(.text)
    __decompress1                            0x000004a5   Thumb Code    86  __dczerorl2.o(.text)
    BOARD_BootClockFROHF48M                  0x000004fd   Thumb Code    56  clock_config.o(i.BOARD_BootClockFROHF48M)
    BOARD_InitDebugConsole                   0x00000545   Thumb Code    50  board.o(i.BOARD_InitDebugConsole)
    BOARD_InitPins_Core0                     0x000005a9   Thumb Code    40  pin_mux.o(i.BOARD_InitPins_Core0)
    CLOCK_AttachClk                          0x000005d5   Thumb Code    60  fsl_clock.o(i.CLOCK_AttachClk)
    CLOCK_GetAsyncApbClkFreq                 0x00000661   Thumb Code    40  fsl_clock.o(i.CLOCK_GetAsyncApbClkFreq)
    CLOCK_GetCoreSysClkFreq                  0x00000691   Thumb Code   120  fsl_clock.o(i.CLOCK_GetCoreSysClkFreq)
    CLOCK_GetExtClkFreq                      0x0000070d   Thumb Code     4  fsl_clock.o(i.CLOCK_GetExtClkFreq)
    CLOCK_GetFRGInputClock                   0x00000711   Thumb Code    60  fsl_clock.o(i.CLOCK_GetFRGInputClock)
    CLOCK_GetFlexCommClkFreq                 0x00000751   Thumb Code    88  fsl_clock.o(i.CLOCK_GetFlexCommClkFreq)
    CLOCK_GetFreq                            0x000007ad   Thumb Code   424  fsl_clock.o(i.CLOCK_GetFreq)
    CLOCK_GetFro12MFreq                      0x00000959   Thumb Code    18  fsl_clock.o(i.CLOCK_GetFro12MFreq)
    CLOCK_GetFroHfFreq                       0x00000975   Thumb Code    46  fsl_clock.o(i.CLOCK_GetFroHfFreq)
    CLOCK_GetI2SMClkFreq                     0x000009b5   Thumb Code     6  fsl_clock.o(i.CLOCK_GetI2SMClkFreq)
    CLOCK_GetOsc32KFreq                      0x000009c1   Thumb Code     6  fsl_clock.o(i.CLOCK_GetOsc32KFreq)
    CLOCK_GetPllOutFreq                      0x000009c9   Thumb Code     6  fsl_clock.o(i.CLOCK_GetPllOutFreq)
    CLOCK_GetWdtOscFreq                      0x000009d5   Thumb Code    50  fsl_clock.o(i.CLOCK_GetWdtOscFreq)
    CLOCK_SetClkDiv                          0x00000a15   Thumb Code    36  fsl_clock.o(i.CLOCK_SetClkDiv)
    CLOCK_SetFLASHAccessCyclesForFreq        0x00000a55   Thumb Code    68  fsl_clock.o(i.CLOCK_SetFLASHAccessCyclesForFreq)
    CLOCK_SetupFROClocking                   0x00000aa9   Thumb Code   138  fsl_clock.o(i.CLOCK_SetupFROClocking)
    CTIMER0_DriverIRQHandler                 0x00000b45   Thumb Code    10  fsl_ctimer.o(i.CTIMER0_DriverIRQHandler)
    CTIMER1_DriverIRQHandler                 0x00000b4f   Thumb Code    10  fsl_ctimer.o(i.CTIMER1_DriverIRQHandler)
    CTIMER2_DriverIRQHandler                 0x00000b59   Thumb Code    10  fsl_ctimer.o(i.CTIMER2_DriverIRQHandler)
    CTIMER3_DriverIRQHandler                 0x00000b63   Thumb Code    10  fsl_ctimer.o(i.CTIMER3_DriverIRQHandler)
    CTIMER4_DriverIRQHandler                 0x00000b6d   Thumb Code    10  fsl_ctimer.o(i.CTIMER4_DriverIRQHandler)
    CTIMER_GenericIRQHandler                 0x00000b7d   Thumb Code   110  fsl_ctimer.o(i.CTIMER_GenericIRQHandler)
    DMA0_DriverIRQHandler                    0x00000bf9   Thumb Code   168  fsl_dma.o(i.DMA0_DriverIRQHandler)
    DbgConsole_Init                          0x00000d4d   Thumb Code    74  fsl_debug_console.o(i.DbgConsole_Init)
    DbgConsole_Printf                        0x00000da5   Thumb Code    44  fsl_debug_console.o(i.DbgConsole_Printf)
    DbgConsole_Putchar                       0x0000103d   Thumb Code    30  fsl_debug_console.o(i.DbgConsole_Putchar)
    FLEXCOMM0_DriverIRQHandler               0x00001061   Thumb Code    36  fsl_flexcomm.o(i.FLEXCOMM0_DriverIRQHandler)
    FLEXCOMM1_DriverIRQHandler               0x000010e5   Thumb Code    36  fsl_flexcomm.o(i.FLEXCOMM1_DriverIRQHandler)
    FLEXCOMM2_DriverIRQHandler               0x00001169   Thumb Code    36  fsl_flexcomm.o(i.FLEXCOMM2_DriverIRQHandler)
    FLEXCOMM3_DriverIRQHandler               0x000011ed   Thumb Code    36  fsl_flexcomm.o(i.FLEXCOMM3_DriverIRQHandler)
    FLEXCOMM4_DriverIRQHandler               0x00001271   Thumb Code    36  fsl_flexcomm.o(i.FLEXCOMM4_DriverIRQHandler)
    FLEXCOMM5_DriverIRQHandler               0x000012f5   Thumb Code    36  fsl_flexcomm.o(i.FLEXCOMM5_DriverIRQHandler)
    FLEXCOMM5_IRQHandler                     0x00001379   Thumb Code    46  smart_plc.o(i.FLEXCOMM5_IRQHandler)
    FLEXCOMM6_DriverIRQHandler               0x000013ad   Thumb Code    36  fsl_flexcomm.o(i.FLEXCOMM6_DriverIRQHandler)
    FLEXCOMM7_DriverIRQHandler               0x00001431   Thumb Code    36  fsl_flexcomm.o(i.FLEXCOMM7_DriverIRQHandler)
    FLEXCOMM_GetInstance                     0x000014b5   Thumb Code    38  fsl_flexcomm.o(i.FLEXCOMM_GetInstance)
    FLEXCOMM_Init                            0x00001525   Thumb Code    68  fsl_flexcomm.o(i.FLEXCOMM_Init)
    FLEXCOMM_SetPeriph                       0x000015af   Thumb Code    68  fsl_flexcomm.o(i.FLEXCOMM_SetPeriph)
    I2C_MasterGetDefaultConfig               0x00001629   Thumb Code    14  fsl_i2c.o(i.I2C_MasterGetDefaultConfig)
    I2C_MasterInit                           0x0000163d   Thumb Code    36  fsl_i2c.o(i.I2C_MasterInit)
    I2C_MasterSetBaudRate                    0x00001661   Thumb Code   136  fsl_i2c.o(i.I2C_MasterSetBaudRate)
    I2C_MasterStart                          0x000016e9   Thumb Code    34  fsl_i2c.o(i.I2C_MasterStart)
    I2C_MasterWriteBlocking                  0x0000170d   Thumb Code   202  fsl_i2c.o(i.I2C_MasterWriteBlocking)
    INPUTMUX_AttachSignal                    0x0000183b   Thumb Code    14  fsl_inputmux.o(i.INPUTMUX_AttachSignal)
    INPUTMUX_Deinit                          0x00001849   Thumb Code    36  fsl_inputmux.o(i.INPUTMUX_Deinit)
    INPUTMUX_Init                            0x00001875   Thumb Code    36  fsl_inputmux.o(i.INPUTMUX_Init)
    MAILBOX_IRQHandler                       0x000018c5   Thumb Code   174  hello_world_core0.o(i.MAILBOX_IRQHandler)
    MCMGR_GetCurrentCore                     0x000019bd   Thumb Code    10  mcmgr.o(i.MCMGR_GetCurrentCore)
    MCMGR_Init                               0x000019cd   Thumb Code    40  mcmgr.o(i.MCMGR_Init)
    MCMGR_StartCore                          0x000019f9   Thumb Code    54  mcmgr.o(i.MCMGR_StartCore)
    PINT_EnableCallback                      0x00001a4d   Thumb Code    92  fsl_pint.o(i.PINT_EnableCallback)
    PINT_Init                                0x00001aed   Thumb Code   102  fsl_pint.o(i.PINT_Init)
    PINT_PatternMatchResetDetectLogic        0x00001ba1   Thumb Code    20  fsl_pint.o(i.PINT_PatternMatchResetDetectLogic)
    PINT_PinInterruptConfig                  0x00001bbd   Thumb Code   122  fsl_pint.o(i.PINT_PinInterruptConfig)
    PIN_INT0_DriverIRQHandler                0x00001c7d   Thumb Code    40  fsl_pint.o(i.PIN_INT0_DriverIRQHandler)
    PIN_INT1_DriverIRQHandler                0x00001ca9   Thumb Code    40  fsl_pint.o(i.PIN_INT1_DriverIRQHandler)
    PIN_INT2_DriverIRQHandler                0x00001cd5   Thumb Code    40  fsl_pint.o(i.PIN_INT2_DriverIRQHandler)
    PIN_INT3_DriverIRQHandler                0x00001d01   Thumb Code    40  fsl_pint.o(i.PIN_INT3_DriverIRQHandler)
    PIN_INT4_DriverIRQHandler                0x00001d2d   Thumb Code    40  fsl_pint.o(i.PIN_INT4_DriverIRQHandler)
    PIN_INT5_DriverIRQHandler                0x00001d59   Thumb Code    40  fsl_pint.o(i.PIN_INT5_DriverIRQHandler)
    PIN_INT6_DriverIRQHandler                0x00001d85   Thumb Code    40  fsl_pint.o(i.PIN_INT6_DriverIRQHandler)
    Image$$CORE1_REGION$$Length              0x00001da8   Number         0  anon$$obj.o ABSOLUTE
    PIN_INT7_DriverIRQHandler                0x00001db1   Thumb Code    40  fsl_pint.o(i.PIN_INT7_DriverIRQHandler)
    POWER_SetVoltageForFreq                  0x00001e05   Thumb Code   260  fsl_power_lib.o(i.POWER_SetVoltageForFreq)
    RESET_ClearPeripheralReset               0x00001f45   Thumb Code    80  fsl_reset.o(i.RESET_ClearPeripheralReset)
    RESET_PeripheralReset                    0x00001fe5   Thumb Code    18  fsl_reset.o(i.RESET_PeripheralReset)
    RESET_SetPeripheralReset                 0x00001ff9   Thumb Code    80  fsl_reset.o(i.RESET_SetPeripheralReset)
    SCT0_IRQHandler                          0x00002099   Thumb Code    12  fsl_sctimer.o(i.SCT0_IRQHandler)
    SCTIMER_CreateAndScheduleEvent           0x000020ad   Thumb Code   456  fsl_sctimer.o(i.SCTIMER_CreateAndScheduleEvent)
    SCTIMER_EventHandleIRQ                   0x00002285   Thumb Code    72  fsl_sctimer.o(i.SCTIMER_EventHandleIRQ)
    SCTIMER_GetDefaultConfig                 0x000022d5   Thumb Code    40  fsl_sctimer.o(i.SCTIMER_GetDefaultConfig)
    SCTIMER_Init                             0x000023d1   Thumb Code   218  fsl_sctimer.o(i.SCTIMER_Init)
    SCTIMER_SetupPwm                         0x00002551   Thumb Code   426  fsl_sctimer.o(i.SCTIMER_SetupPwm)
    SPI_GetInstance                          0x000027a1   Thumb Code    38  fsl_spi.o(i.SPI_GetInstance)
    SPI_MasterGetDefaultConfig               0x0000280d   Thumb Code    52  fsl_spi.o(i.SPI_MasterGetDefaultConfig)
    SPI_MasterInit                           0x0000288d   Thumb Code   276  fsl_spi.o(i.SPI_MasterInit)
    SPI_MasterSetBaud                        0x00002a49   Thumb Code    88  fsl_spi.o(i.SPI_MasterSetBaud)
    SPI_MasterTransferBlocking               0x00002b19   Thumb Code   510  fsl_spi.o(i.SPI_MasterTransferBlocking)
    SysTick_Handler                          0x00002da5   Thumb Code    56  app_interrupt.o(i.SysTick_Handler)
    SystemInit                               0x00002ded   Thumb Code    28  system_lpc54114_cm4.o(i.SystemInit)
    USART5_InitPins                          0x00002e15   Thumb Code    38  pin_mux.o(i.USART5_InitPins)
    USART_GetDefaultConfig                   0x00002e41   Thumb Code    48  fsl_usart.o(i.USART_GetDefaultConfig)
    USART_Init                               0x00002eb9   Thumb Code   226  fsl_usart.o(i.USART_Init)
    USART_ReadBlocking                       0x00003011   Thumb Code   188  fsl_usart.o(i.USART_ReadBlocking)
    USART_SetBaudRate                        0x00003129   Thumb Code   152  fsl_usart.o(i.USART_SetBaudRate)
    USART_WriteBlocking                      0x00003239   Thumb Code    90  fsl_usart.o(i.USART_WriteBlocking)
    __aeabi_assert                           0x000032f1   Thumb Code    24  fsl_common.o(i.__aeabi_assert)
    __scatterload_copy                       0x00003335   Thumb Code    14  handlers.o(i.__scatterload_copy)
    __scatterload_zeroinit                   0x00003343   Thumb Code    14  handlers.o(i.__scatterload_zeroinit)
    add_temp_handle                          0x0000335d   Thumb Code   106  app_dev_ctrl.o(i.add_temp_handle)
    app_init                                 0x00003409   Thumb Code    10  app_dev_ctrl.o(i.app_init)
    auto_report_init                         0x00003419   Thumb Code   102  auto_report.o(i.auto_report_init)
    auto_report_sec_task                     0x00003491   Thumb Code    36  auto_report.o(i.auto_report_sec_task)
    auto_speed_display                       0x000034b5   Thumb Code    88  app_dev_ctrl.o(i.auto_speed_display)
    backlight_ctrl                           0x00003511   Thumb Code    36  app_dev_ctrl.o(i.backlight_ctrl)
    backlight_init                           0x00003539   Thumb Code    36  app_lcd.o(i.backlight_init)
    backlight_off                            0x00003569   Thumb Code     8  app_lcd.o(i.backlight_off)
    backligt_on                              0x00003575   Thumb Code     8  app_lcd.o(i.backligt_on)
    bcd2hex                                  0x00003581   Thumb Code    50  utils.o(i.bcd2hex)
    beep_ctrl                                0x000035b5   Thumb Code    32  app_dev_ctrl.o(i.beep_ctrl)
    beep_init                                0x000035d9   Thumb Code   124  app_beep.o(i.beep_init)
    beep_off                                 0x00003675   Thumb Code    62  app_beep.o(i.beep_off)
    beep_on                                  0x000036c9   Thumb Code    64  app_beep.o(i.beep_on)
    bu9796Init                               0x0000371d   Thumb Code    72  app_lcd.o(i.bu9796Init)
    bu9796WriteByte                          0x00003779   Thumb Code    36  app_lcd.o(i.bu9796WriteByte)
    buffer2buff                              0x000037a1   Thumb Code    66  app_lcd.o(i.buffer2buff)
    check_alive                              0x000038cd   Thumb Code    70  app_dev_ctrl.o(i.check_alive)
    check_alive0                             0x0000393d   Thumb Code    62  app_dev_ctrl.o(i.check_alive0)
    check_fixed_fre_data                     0x00003985   Thumb Code    98  auto_report.o(i.check_fixed_fre_data)
    check_fixed_len_data                     0x00003a0d   Thumb Code   162  auto_report.o(i.check_fixed_len_data)
    checksum                                 0x00003af9   Thumb Code    24  utils.o(i.checksum)
    chg_state                                0x00003b11   Thumb Code    80  smart_plc.o(i.chg_state)
    clear_chn                                0x00003b9d   Thumb Code    22  auto_report.o(i.clear_chn)
    clear_equipment_gid_flag                 0x00003bbd   Thumb Code    10  auto_report.o(i.clear_equipment_gid_flag)
    clear_iss                                0x00003bcd   Thumb Code    12  app_key.o(i.clear_iss)
    clear_uart                               0x00003c11   Thumb Code    16  smart_plc.o(i.clear_uart)
    clr_display_group_sig                    0x00003c25   Thumb Code    84  app_lcd.o(i.clr_display_group_sig)
    clr_display_signal                       0x00003c85   Thumb Code    84  app_lcd.o(i.clr_display_signal)
    clr_num_display                          0x00003ce5   Thumb Code    84  app_lcd.o(i.clr_num_display)
    clr_position_num                         0x00003d3d   Thumb Code    26  app_lcd.o(i.clr_position_num)
    code_body                                0x00003d57   Thumb Code    60  protocol_smart.o(i.code_body)
    code_frame                               0x00003d95   Thumb Code   140  protocol_smart.o(i.code_frame)
    code_intype_body                         0x00003e35   Thumb Code    66  auto_report_app.o(i.code_intype_body)
    code_local_frame                         0x00003e77   Thumb Code    42  protocol_smart.o(i.code_local_frame)
    dec_temp_handle                          0x00003ea1   Thumb Code   106  app_dev_ctrl.o(i.dec_temp_handle)
    dev_init                                 0x00003f19   Thumb Code   154  app_dev_ctrl.o(i.dev_init)
    dev_type_get                             0x00003ffd   Thumb Code    26  app_dev_ctrl.o(i.dev_type_get)
    display_fix_signal                       0x0000401d   Thumb Code    76  app_lcd.o(i.display_fix_signal)
    display_group_sig                        0x00004075   Thumb Code   144  app_lcd.o(i.display_group_sig)
    display_signal                           0x00004111   Thumb Code    84  app_lcd.o(i.display_signal)
    do_cmd                                   0x00004171   Thumb Code   284  protocol_smart.o(i.do_cmd)
    flash_transfer_cb                        0x000043e5   Thumb Code    62  app_spiflash.o(i.flash_transfer_cb)
    get_1byte_bit1_number                    0x000044e9   Thumb Code    32  auto_report.o(i.get_1byte_bit1_number)
    get_chn                                  0x00004575   Thumb Code    24  auto_report.o(i.get_chn)
    get_chn_bytes                            0x00004591   Thumb Code   206  alloter.o(i.get_chn_bytes)
    get_core1_image_size                     0x00004665   Thumb Code     4  hello_world_core0.o(i.get_core1_image_size)
    get_dev_soft_ver                         0x00004741   Thumb Code    50  protocol_smart.o(i.get_dev_soft_ver)
    get_device_type                          0x00004779   Thumb Code    24  protocol_smart.o(i.get_device_type)
    get_id                                   0x000047cd   Thumb Code    18  smart_plc.o(i.get_id)
    get_last_bit_seqno                       0x000047df   Thumb Code    28  alloter.o(i.get_last_bit_seqno)
    get_le_val                               0x000047fb   Thumb Code    24  utils.o(i.get_le_val)
    get_min_freq                             0x00004839   Thumb Code    62  auto_report.o(i.get_min_freq)
    get_option                               0x000048a1   Thumb Code    52  protocol_smart.o(i.get_option)
    get_report_data_callback                 0x00004a09   Thumb Code   804  auto_report_app.o(i.get_report_data_callback)
    get_sensor_from_type                     0x00004e75   Thumb Code    38  auto_report.o(i.get_sensor_from_type)
    get_smart_frame                          0x00004f45   Thumb Code    96  protocol_smart.o(i.get_smart_frame)
    hex2bcd                                  0x00005115   Thumb Code    62  utils.o(i.hex2bcd)
    init_alarm_data                          0x00005155   Thumb Code    24  auto_report_app.o(i.init_alarm_data)
    init_chn_pool_mgr                        0x00005179   Thumb Code    16  alloter.o(i.init_chn_pool_mgr)
    init_relay_data                          0x0000518d   Thumb Code   164  auto_report_app.o(i.init_relay_data)
    init_sensor_data                         0x00005245   Thumb Code   152  auto_report_app.o(i.init_sensor_data)
    init_uart_infor                          0x000052e9   Thumb Code    38  smart_plc.o(i.init_uart_infor)
    is_all_bcd                               0x00005315   Thumb Code    40  utils.o(i.is_all_bcd)
    is_all_xx                                0x0000533d   Thumb Code    26  utils.o(i.is_all_xx)
    is_gid_equal                             0x00005359   Thumb Code   384  smart_plc.o(i.is_gid_equal)
    key_init                                 0x00005509   Thumb Code   110  app_key.o(i.key_init)
    key_scan                                 0x00005585   Thumb Code   418  app_key.o(i.key_scan)
    lcdReload                                0x0000573d   Thumb Code    44  app_lcd.o(i.lcdReload)
    local_ack_opt                            0x00005771   Thumb Code   114  smart_plc.o(i.local_ack_opt)
    local_frame_opt                          0x00005815   Thumb Code   104  smart_plc.o(i.local_frame_opt)
    main                                     0x00005885   Thumb Code   286  hello_world_core0.o(i.main)
    mode_handle                              0x00005c61   Thumb Code    50  app_dev_ctrl.o(i.mode_handle)
    mode_sig_display                         0x00005ca1   Thumb Code    82  app_lcd.o(i.mode_sig_display)
    mx25r_cmd_rdid                           0x00005cf3   Thumb Code    48  app_spiflash.o(i.mx25r_cmd_rdid)
    mx25r_cmd_rdsr                           0x00005d23   Thumb Code    48  app_spiflash.o(i.mx25r_cmd_rdsr)
    mx25r_cmd_read                           0x00005d53   Thumb Code    80  app_spiflash.o(i.mx25r_cmd_read)
    mx25r_cmd_sector_erase                   0x00005da3   Thumb Code    98  app_spiflash.o(i.mx25r_cmd_sector_erase)
    mx25r_cmd_wrdi                           0x00005e05   Thumb Code    30  app_spiflash.o(i.mx25r_cmd_wrdi)
    mx25r_cmd_wren                           0x00005e23   Thumb Code    30  app_spiflash.o(i.mx25r_cmd_wren)
    mx25r_cmd_write                          0x00005e41   Thumb Code   150  app_spiflash.o(i.mx25r_cmd_write)
    mx25r_init                               0x00005ed7   Thumb Code    10  app_spiflash.o(i.mx25r_init)
    num_display_ctrl                         0x00005ee1   Thumb Code   102  app_lcd.o(i.num_display_ctrl)
    on_off_handle                            0x00005f55   Thumb Code    90  app_dev_ctrl.o(i.on_off_handle)
    peek_chn                                 0x00006051   Thumb Code    24  auto_report.o(i.peek_chn)
    peek_chn_bytes                           0x0000606d   Thumb Code    84  alloter.o(i.peek_chn_bytes)
    pint_intr_callback                       0x000060c5   Thumb Code   106  app_key.o(i.pint_intr_callback)
    plc_init                                 0x000061c5   Thumb Code    16  smart_plc.o(i.plc_init)
    plc_machine_opt                          0x000061d5   Thumb Code    36  smart_plc.o(i.plc_machine_opt)
    plc_reset_init                           0x000061fd   Thumb Code    42  smart_plc.o(i.plc_reset_init)
    plc_reset_off                            0x00006235   Thumb Code     8  smart_plc.o(i.plc_reset_off)
    plc_reset_on                             0x00006241   Thumb Code     8  smart_plc.o(i.plc_reset_on)
    put_chn                                  0x00006291   Thumb Code    24  auto_report.o(i.put_chn)
    put_chn_bytes                            0x000062ad   Thumb Code   190  alloter.o(i.put_chn_bytes)
    put_le_val                               0x00006371   Thumb Code    20  utils.o(i.put_le_val)
    read_si7020_data                         0x00006645   Thumb Code   104  hello_world_core0.o(i.read_si7020_data)
    realy_init                               0x00006761   Thumb Code   104  app_realy.o(i.realy_init)
    realy_off                                0x000067e1   Thumb Code    22  app_realy.o(i.realy_off)
    realy_on                                 0x00006809   Thumb Code    22  app_realy.o(i.realy_on)
    realy_toggle                             0x00006831   Thumb Code    32  app_realy.o(i.realy_toggle)
    register_report                          0x0000685d   Thumb Code    50  auto_report.o(i.register_report)
    relay_ctrl                               0x000068dd   Thumb Code   208  app_realy.o(i.relay_ctrl)
    reload_freq_infor                        0x000069ad   Thumb Code    16  auto_report.o(i.reload_freq_infor)
    remote_frame_opt                         0x000069c1   Thumb Code   146  smart_plc.o(i.remote_frame_opt)
    report_finish_refresh_infor              0x00006a81   Thumb Code   172  auto_report_app.o(i.report_finish_refresh_infor)
    report_frame_ack                         0x00006b31   Thumb Code   112  auto_report.o(i.report_frame_ack)
    send_fixed_fre_count                     0x00006eb1   Thumb Code    52  auto_report.o(i.send_fixed_fre_count)
    send_fixed_len_count                     0x00006eed   Thumb Code    52  auto_report.o(i.send_fixed_len_count)
    send_local_frame                         0x00006f29   Thumb Code    68  smart_plc.o(i.send_local_frame)
    set_group_parameter                      0x000076a5   Thumb Code   150  smart_plc.o(i.set_group_parameter)
    set_ret_frame                            0x00007a95   Thumb Code    56  smart_plc.o(i.set_ret_frame)
    speed_realy_ctrl                         0x00007da9   Thumb Code   128  app_dev_ctrl.o(i.speed_realy_ctrl)
    speed_sig_display                        0x00007e29   Thumb Code   110  app_lcd.o(i.speed_sig_display)
    spiflash_init                            0x00007e99   Thumb Code   176  app_spiflash.o(i.spiflash_init)
    stop_fixed_reporting                     0x000080a5   Thumb Code    40  auto_report.o(i.stop_fixed_reporting)
    stop_report_para                         0x0000815d   Thumb Code    22  auto_report.o(i.stop_report_para)
    system_init                              0x00008281   Thumb Code    34  app_dev_ctrl.o(i.system_init)
    task_handle                              0x0000831d   Thumb Code    82  app_dev_ctrl.o(i.task_handle)
    temp_auto_ctrl                           0x000083dd   Thumb Code   286  app_dev_ctrl.o(i.temp_auto_ctrl)
    temp_ctrl_realy                          0x00008509   Thumb Code   748  app_dev_ctrl.o(i.temp_ctrl_realy)
    temp_display_flash                       0x0000880d   Thumb Code   396  app_lcd.o(i.temp_display_flash)
    temp_param_init                          0x000089a5   Thumb Code   184  app_dev_ctrl.o(i.temp_param_init)
    uart5_config                             0x00008a75   Thumb Code   102  smart_plc.o(i.uart5_config)
    uart_peek                                0x00008ae9   Thumb Code    20  smart_plc.o(i.uart_peek)
    uart_pop_tx                              0x00008b01   Thumb Code    20  smart_plc.o(i.uart_pop_tx)
    uart_push_rx                             0x00008b19   Thumb Code    20  smart_plc.o(i.uart_push_rx)
    uart_rx_hook                             0x00008b31   Thumb Code    38  smart_plc.o(i.uart_rx_hook)
    uart_tick_hook                           0x00008b61   Thumb Code    68  smart_plc.o(i.uart_tick_hook)
    uart_write                               0x00008ba9   Thumb Code    92  app_dev_ctrl.o(i.uart_write)
    uart_write_report                        0x00008c2d   Thumb Code    30  auto_report_app.o(i.uart_write_report)
    update_lcd_data                          0x00008c71   Thumb Code   534  app_lcd.o(i.update_lcd_data)
    win_speed_ctrl_realy                     0x00008efd   Thumb Code    80  app_dev_ctrl.o(i.win_speed_ctrl_realy)
    win_speed_handle                         0x00008f4d   Thumb Code    96  app_dev_ctrl.o(i.win_speed_handle)
    write_to_flash                           0x000090a9   Thumb Code    40  app_dev_ctrl.o(i.write_to_flash)
    xbcd2hex                                 0x000090d9   Thumb Code    50  utils.o(i.xbcd2hex)
    kFlexcommIrqs                            0x0000910c   Data           8  fsl_flexcomm.o(.constdata)
    g_Ext_Clk_Freq                           0x00009144   Data           4  fsl_clock.o(.constdata)
    g_mcmgrSystem                            0x00009240   Data          16  mcmgr_internal_core_api_lpc54114.o(.constdata)
    digit_table                              0x00009274   Data          18  app_lcd.o(.constdata)
    digit_table2                             0x00009286   Data          16  app_lcd.o(.constdata)
    sign_table                               0x00009296   Data         100  app_lcd.o(.constdata)
    KEY_GPIO_PORT                            0x00009335   Data           4  app_key.o(.constdata)
    KEY_GPIO_PIN                             0x00009339   Data           4  app_key.o(.constdata)
    REALY_GPIO_PORT                          0x0000933d   Data           4  app_realy.o(.constdata)
    REALY_GPIO_PIN                           0x00009341   Data           4  app_realy.o(.constdata)
    REALY_GPIO_ON                            0x00009345   Data           4  app_realy.o(.constdata)
    REALY_GPIO_OFF                           0x00009349   Data           4  app_realy.o(.constdata)
    Region$$Table$$Base                      0x00009400   Number         0  anon$$obj.o(Region$$Table)
    Region$$Table$$Limit                     0x00009420   Number         0  anon$$obj.o(Region$$Table)
    Image$$CORE1_REGION$$Base                0x00030000   Number         0  anon$$obj.o ABSOLUTE
    m0_image_start                           0x00030000   Data           0  incbin.o(M0CODE)
    m0_image_end                             0x00031da8   Data           0  incbin.o(M0CODE)
    Image$$ARM_LIB_STACK$$ZI$$Limit          0x04008000   Number         0  anon$$obj.o ABSOLUTE
    Image$$RW_m_data$$Base                   0x20000000   Number         0  anon$$obj.o ABSOLUTE
    p_message                                0x20000000   Data           4  hello_world_core0.o(.data)
    g_msg                                    0x20000004   Data           4  hello_world_core0.o(.data)
    message                                  0x20000008   Data           4  hello_world_core0.o(.data)
    sensor_error_flag                        0x2000000c   Data           1  hello_world_core0.o(.data)
    SystemCoreClock                          0x20000010   Data           4  system_lpc54114_cm4.o(.data)
    g_I2S_Mclk_Freq                          0x20000018   Data           4  fsl_clock.o(.data)
    sensor                                   0x20000034   Data           4  app_si70xx.o(.data)
    si70xx_buff                              0x20000038   Data           1  app_si70xx.o(.data)
    si70xx_data                              0x20000039   Data           2  app_si70xx.o(.data)
    dwSysTicks                               0x2000003c   Data           4  app_interrupt.o(.data)
    dwLedTicks                               0x20000040   Data           4  app_interrupt.o(.data)
    dwLedTime                                0x20000044   Data           4  app_interrupt.o(.data)
    deltms                                   0x20000048   Data           4  app_dev_ctrl.o(.data)
    task_monitor                             0x2000004c   Data           4  app_dev_ctrl.o(.data)
    reg                                      0x20000050   Data           2  app_dev_ctrl.o(.data)
    save_dev_flag                            0x20000052   Data           1  app_dev_ctrl.o(.data)
    low_temp_flag                            0x20000055   Data           1  app_dev_ctrl.o(.data)
    plc_alive_flag                           0x20000056   Data           1  app_dev_ctrl.o(.data)
    plc_alive_cntr_ms                        0x20000057   Data           1  app_dev_ctrl.o(.data)
    plc_communication                        0x20000058   Data           1  app_dev_ctrl.o(.data)
    tasks                                    0x20000060   Data          84  app_dev_ctrl.o(.data)
    auto_speed                               0x200000bc   Data           1  app_lcd.o(.data)
    flash_struct                             0x200000bd   Data           7  app_lcd.o(.data)
    lcd_buf                                  0x200000c4   Data           7  app_lcd.o(.data)
    lcd_buffer                               0x200000cb   Data           7  app_lcd.o(.data)
    plc_state_flag                           0x200000d2   Data           1  app_lcd.o(.data)
    temp                                     0x200000d4   Data           2  app_lcd.o(.data)
    humi                                     0x200000d6   Data           2  app_lcd.o(.data)
    lcd_temp_update                          0x200000d8   Data           1  app_lcd.o(.data)
    key_pressed                              0x200000da   Data           1  app_key.o(.data)
    key_value_temp                           0x200000f0   Data           3  app_key.o(.data)
    cap_key                                  0x200000f3   Data           2  app_key.o(.data)
    sctimerClock                             0x200000f8   Data           4  app_beep.o(.data)
    sctimerInfo                              0x200000fc   Data           8  app_beep.o(.data)
    pwmParam                                 0x20000104   Data           3  app_beep.o(.data)
    event                                    0x20000108   Data           4  app_beep.o(.data)
    plc_state                                0x2000010c   Data           8  smart_plc.o(.data)
    plc_state_slot                           0x20000114   Data          88  smart_plc.o(.data)
    g_tipString                              0x2000016c   Data          70  smart_plc.o(.data)
    g_txBuffer                               0x200001b2   Data           8  smart_plc.o(.data)
    g_rxBuffer                               0x200001ba   Data           8  smart_plc.o(.data)
    rxBufferEmpty                            0x200001c2   Data           1  smart_plc.o(.data)
    txBufferFull                             0x200001c3   Data           1  smart_plc.o(.data)
    txOnGoing                                0x200001c4   Data           1  smart_plc.o(.data)
    rxOnGoing                                0x200001c5   Data           1  smart_plc.o(.data)
    receive_String                           0x200001c6   Data          26  smart_plc.o(.data)
    send_String                              0x200001e0   Data          22  smart_plc.o(.data)
    receive_flag                             0x200001f6   Data           1  smart_plc.o(.data)
    pc_receive_index                         0x200001f7   Data           1  smart_plc.o(.data)
    pc_receive_flag                          0x200001f8   Data           1  smart_plc.o(.data)
    dev_soft_ver                             0x200001fc   Data           4  protocol_smart.o(.data)
    func_items                               0x20000200   Data         276  protocol_smart.o(.data)
    relay_data_bak                           0x20000324   Data           7  auto_report.o(.data)
    u16_relay_data                           0x2000032c   Data           4  auto_report.o(.data)
    u16_relay_data_bak                       0x20000330   Data           2  auto_report.o(.data)
    alarm_data                               0x20000334   Data           4  auto_report.o(.data)
    alarm_data_bak                           0x20000338   Data           1  auto_report.o(.data)
    s_message                                0x20000340   Data          32  hello_world_core0.o(.bss)
    s_dma_descriptor_table                   0x20000800   Data         320  fsl_dma.o(.bss)
    si7020_data                              0x20000950   Data          16  app_si70xx.o(.bss)
    g_frame_buffer                           0x20000960   Data        1024  app_dev_ctrl.o(.bss)
    mx25r                                    0x20000d60   Data          16  app_spiflash.o(.bss)
    tp_param                                 0x20000d70   Data          26  app_key.o(.bss)
    temperature_c                            0x20000d8c   Data          44  app_key.o(.bss)
    dev                                      0x20000db8   Data          88  app_key.o(.bss)
    bufferString                             0x20000e10   Data          50  smart_plc.o(.bss)
    uart_infor                               0x20000e44   Data          36  smart_plc.o(.bss)
    judge_data                               0x20000ea4   Data          40  auto_report.o(.bss)
    re_chn                                   0x20000ecc   Data         112  auto_report.o(.bss)
    relay_data                               0x20000f3c   Data          28  auto_report.o(.bss)
    sensor_data                              0x20000f58   Data          48  auto_report.o(.bss)
    chn_pool_mgr                             0x20000f88   Data        1028  alloter.o(.bss)



==============================================================================

Memory Map of the image

  Image Entry point : 0x000000e1

  Load Region LR_m_text (Base: 0x00000000, Size: 0x0000975c, Max: 0x00030000, ABSOLUTE, COMPRESSED[0x000095a8])

    Execution Region VECTOR_ROM (Base: 0x00000000, Size: 0x000000e0, Max: 0x000000e0, ABSOLUTE)

    Base Addr    Size         Type   Attr      Idx    E Section Name        Object

    0x00000000   0x000000e0   Data   RO          219    RESET               startup_lpc54114_cm4.o


    Execution Region VECTOR_RAM (Base: 0x00000000, Size: 0x00000000, Max: 0x00000000, ABSOLUTE)

    Base Addr    Size         Type   Attr      Idx    E Section Name        Object

    0x00000000   0x00000000   Zero   RW            1    VECTOR_RAM.bss      anon$$obj.o


    Execution Region ER_m_text (Base: 0x000000e0, Size: 0x00009340, Max: 0x0002ff20, ABSOLUTE)

    Base Addr    Size         Type   Attr      Idx    E Section Name        Object

    0x000000e0   0x00000000   Code   RO         4650  * .ARM.Collect$$$$00000000  mc_w.l(entry.o)
    0x000000e0   0x00000004   Code   RO         4683    .ARM.Collect$$$$00000003  mc_w.l(entry4.o)
    0x000000e4   0x00000004   Code   RO         4686    .ARM.Collect$$$$00000004  mc_w.l(entry5.o)
    0x000000e8   0x00000000   Code   RO         4688    .ARM.Collect$$$$00000008  mc_w.l(entry7b.o)
    0x000000e8   0x00000000   Code   RO         4690    .ARM.Collect$$$$0000000A  mc_w.l(entry8b.o)
    0x000000e8   0x00000008   Code   RO         4691    .ARM.Collect$$$$0000000B  mc_w.l(entry9a.o)
    0x000000f0   0x00000000   Code   RO         4693    .ARM.Collect$$$$0000000D  mc_w.l(entry10a.o)
    0x000000f0   0x00000000   Code   RO         4695    .ARM.Collect$$$$0000000F  mc_w.l(entry11a.o)
    0x000000f0   0x00000004   Code   RO         4684    .ARM.Collect$$$$00002714  mc_w.l(entry4.o)
    0x000000f4   0x000001b8   Code   RO          221    .text               startup_lpc54114_cm4.o
    0x000002ac   0x00000040   Code   RO         4657    .text               mc_w.l(memmovea.o)
    0x000002ec   0x0000000e   Code   RO         4661    .text               mc_w.l(strlen.o)
    0x000002fa   0x00000000   Code   RO         4703    .text               mc_w.l(iusefp.o)
    0x000002fa   0x00000002   Code   RO         4711    i.__scatterload_null  mc_w.l(handlers.o)
    0x000002fc   0x00000004   Code   RO          220    .ARM.__at_0x02FC    startup_lpc54114_cm4.o
    0x00000300   0x00000062   Code   RO         4653    .text               mc_w.l(uldiv.o)
    0x00000362   0x00000024   Code   RO         4659    .text               mc_w.l(memseta.o)
    0x00000386   0x0000001a   Code   RO         4663    .text               mc_w.l(memcmp.o)
    0x000003a0   0x0000003e   Code   RO         4677    .text               mf_w.l(dfixi.o)
    0x000003de   0x00000032   Code   RO         4679    .text               mf_w.l(dfixui.o)
    0x00000410   0x00000030   Code   RO         4681    .text               mf_w.l(cdrcmple.o)
    0x00000440   0x0000001e   Code   RO         4697    .text               mc_w.l(llshl.o)
    0x0000045e   0x00000020   Code   RO         4699    .text               mc_w.l(llushr.o)
    0x0000047e   0x00000002   PAD
    0x00000480   0x00000024   Code   RO         4706    .text               mc_w.l(init.o)
    0x000004a4   0x00000056   Code   RO         4716    .text               mc_w.l(__dczerorl2.o)
    0x000004fa   0x00000002   PAD
    0x000004fc   0x00000048   Code   RO         2365    i.BOARD_BootClockFROHF48M  clock_config.o
    0x00000544   0x00000064   Code   RO         2315    i.BOARD_InitDebugConsole  board.o
    0x000005a8   0x0000002c   Code   RO         2255    i.BOARD_InitPins_Core0  pin_mux.o
    0x000005d4   0x00000044   Code   RO          653    i.CLOCK_AttachClk   fsl_clock.o
    0x00000618   0x00000024   Code   RO            8    i.CLOCK_EnableClock  hello_world_core0.o
    0x0000063c   0x00000024   Code   RO         2257    i.CLOCK_EnableClock  pin_mux.o
    0x00000660   0x00000030   Code   RO          655    i.CLOCK_GetAsyncApbClkFreq  fsl_clock.o
    0x00000690   0x0000007c   Code   RO          656    i.CLOCK_GetCoreSysClkFreq  fsl_clock.o
    0x0000070c   0x00000004   Code   RO          657    i.CLOCK_GetExtClkFreq  fsl_clock.o
    0x00000710   0x00000040   Code   RO          658    i.CLOCK_GetFRGInputClock  fsl_clock.o
    0x00000750   0x0000005c   Code   RO          659    i.CLOCK_GetFlexCommClkFreq  fsl_clock.o
    0x000007ac   0x000001ac   Code   RO          660    i.CLOCK_GetFreq     fsl_clock.o
    0x00000958   0x0000001c   Code   RO          661    i.CLOCK_GetFro12MFreq  fsl_clock.o
    0x00000974   0x00000040   Code   RO          662    i.CLOCK_GetFroHfFreq  fsl_clock.o
    0x000009b4   0x0000000c   Code   RO          663    i.CLOCK_GetI2SMClkFreq  fsl_clock.o
    0x000009c0   0x00000006   Code   RO          664    i.CLOCK_GetOsc32KFreq  fsl_clock.o
    0x000009c6   0x00000002   PAD
    0x000009c8   0x0000000c   Code   RO          666    i.CLOCK_GetPllOutFreq  fsl_clock.o
    0x000009d4   0x00000040   Code   RO          671    i.CLOCK_GetWdtOscFreq  fsl_clock.o
    0x00000a14   0x00000028   Code   RO          672    i.CLOCK_SetClkDiv   fsl_clock.o
    0x00000a3c   0x00000018   Code   RO          673    i.CLOCK_SetFLASHAccessCycles  fsl_clock.o
    0x00000a54   0x00000054   Code   RO          674    i.CLOCK_SetFLASHAccessCyclesForFreq  fsl_clock.o
    0x00000aa8   0x0000009c   Code   RO          678    i.CLOCK_SetupFROClocking  fsl_clock.o
    0x00000b44   0x0000000a   Code   RO         1603    i.CTIMER0_DriverIRQHandler  fsl_ctimer.o
    0x00000b4e   0x0000000a   Code   RO         1604    i.CTIMER1_DriverIRQHandler  fsl_ctimer.o
    0x00000b58   0x0000000a   Code   RO         1605    i.CTIMER2_DriverIRQHandler  fsl_ctimer.o
    0x00000b62   0x0000000a   Code   RO         1606    i.CTIMER3_DriverIRQHandler  fsl_ctimer.o
    0x00000b6c   0x0000000a   Code   RO         1607    i.CTIMER4_DriverIRQHandler  fsl_ctimer.o
    0x00000b76   0x00000004   Code   RO         1608    i.CTIMER_ClearStatusFlags  fsl_ctimer.o
    0x00000b7a   0x00000002   PAD
    0x00000b7c   0x0000007c   Code   RO         1610    i.CTIMER_GenericIRQHandler  fsl_ctimer.o
    0x00000bf8   0x000000ac   Code   RO         1854    i.DMA0_DriverIRQHandler  fsl_dma.o
    0x00000ca4   0x000000a8   Code   RO         2580    i.DbgConsole_ConvertRadixNumToString  fsl_debug_console.o
    0x00000d4c   0x00000058   Code   RO         2583    i.DbgConsole_Init   fsl_debug_console.o
    0x00000da4   0x00000034   Code   RO         2584    i.DbgConsole_Printf  fsl_debug_console.o
    0x00000dd8   0x0000023a   Code   RO         2585    i.DbgConsole_PrintfFormattedData  fsl_debug_console.o
    0x00001012   0x00000028   Code   RO         2586    i.DbgConsole_PrintfPaddingCharacter  fsl_debug_console.o
    0x0000103a   0x00000002   PAD
    0x0000103c   0x00000024   Code   RO         2587    i.DbgConsole_Putchar  fsl_debug_console.o
    0x00001060   0x00000084   Code   RO          468    i.FLEXCOMM0_DriverIRQHandler  fsl_flexcomm.o
    0x000010e4   0x00000084   Code   RO          469    i.FLEXCOMM1_DriverIRQHandler  fsl_flexcomm.o
    0x00001168   0x00000084   Code   RO          470    i.FLEXCOMM2_DriverIRQHandler  fsl_flexcomm.o
    0x000011ec   0x00000084   Code   RO          471    i.FLEXCOMM3_DriverIRQHandler  fsl_flexcomm.o
    0x00001270   0x00000084   Code   RO          472    i.FLEXCOMM4_DriverIRQHandler  fsl_flexcomm.o
    0x000012f4   0x00000084   Code   RO          473    i.FLEXCOMM5_DriverIRQHandler  fsl_flexcomm.o
    0x00001378   0x00000034   Code   RO         3550    i.FLEXCOMM5_IRQHandler  smart_plc.o
    0x000013ac   0x00000084   Code   RO          474    i.FLEXCOMM6_DriverIRQHandler  fsl_flexcomm.o
    0x00001430   0x00000084   Code   RO          475    i.FLEXCOMM7_DriverIRQHandler  fsl_flexcomm.o
    0x000014b4   0x00000070   Code   RO          476    i.FLEXCOMM_GetInstance  fsl_flexcomm.o
    0x00001524   0x00000050   Code   RO          477    i.FLEXCOMM_Init     fsl_flexcomm.o
    0x00001574   0x0000003a   Code   RO          478    i.FLEXCOMM_PeripheralIsPresent  fsl_flexcomm.o
    0x000015ae   0x00000044   Code   RO          480    i.FLEXCOMM_SetPeriph  fsl_flexcomm.o
    0x000015f2   0x0000000a   Code   RO         3370    i.GPIO_ReadPinInput  app_key.o
    0x000015fc   0x0000000a   Code   RO          979    i.I2C_MasterClearStatusFlags  fsl_i2c.o
    0x00001606   0x00000022   Code   RO          981    i.I2C_MasterEnable  fsl_i2c.o
    0x00001628   0x00000014   Code   RO          982    i.I2C_MasterGetDefaultConfig  fsl_i2c.o
    0x0000163c   0x00000024   Code   RO          983    i.I2C_MasterInit    fsl_i2c.o
    0x00001660   0x00000088   Code   RO          986    i.I2C_MasterSetBaudRate  fsl_i2c.o
    0x000016e8   0x00000022   Code   RO          987    i.I2C_MasterStart   fsl_i2c.o
    0x0000170a   0x00000002   PAD
    0x0000170c   0x0000010c   Code   RO          995    i.I2C_MasterWriteBlocking  fsl_i2c.o
    0x00001818   0x00000022   Code   RO          996    i.I2C_PendingStatusWait  fsl_i2c.o
    0x0000183a   0x0000000e   Code   RO         1412    i.INPUTMUX_AttachSignal  fsl_inputmux.o
    0x00001848   0x0000002c   Code   RO         1413    i.INPUTMUX_Deinit   fsl_inputmux.o
    0x00001874   0x0000002c   Code   RO         1414    i.INPUTMUX_Init     fsl_inputmux.o
    0x000018a0   0x0000000c   Code   RO         2258    i.IOCON_PinMuxSet   pin_mux.o
    0x000018ac   0x0000000c   Code   RO         3054    i.IOCON_PinMuxSet   app_lcd.o
    0x000018b8   0x0000000c   Code   RO         3264    i.IOCON_PinMuxSet   app_spiflash.o
    0x000018c4   0x000000cc   Code   RO            9    i.MAILBOX_IRQHandler  hello_world_core0.o
    0x00001990   0x0000002c   Code   RO         2408    i.MAILBOX_Init      mcmgr_internal_core_api_lpc54114.o
    0x000019bc   0x00000010   Code   RO         2499    i.MCMGR_GetCurrentCore  mcmgr.o
    0x000019cc   0x0000002c   Code   RO         2502    i.MCMGR_Init        mcmgr.o
    0x000019f8   0x0000003c   Code   RO         2506    i.MCMGR_StartCore   mcmgr.o
    0x00001a34   0x00000018   Code   RO         1460    i.NVIC_ClearPendingIRQ  fsl_pint.o
    0x00001a4c   0x000000a0   Code   RO         1463    i.PINT_EnableCallback  fsl_pint.o
    0x00001aec   0x000000b4   Code   RO         1464    i.PINT_Init         fsl_pint.o
    0x00001ba0   0x00000014   Code   RO         1467    i.PINT_PatternMatchResetDetectLogic  fsl_pint.o
    0x00001bb4   0x00000008   Code   RO         1468    i.PINT_PinInterruptClrStatus  fsl_pint.o
    0x00001bbc   0x000000c0   Code   RO         1469    i.PINT_PinInterruptConfig  fsl_pint.o
    0x00001c7c   0x0000002c   Code   RO         1471    i.PIN_INT0_DriverIRQHandler  fsl_pint.o
    0x00001ca8   0x0000002c   Code   RO         1472    i.PIN_INT1_DriverIRQHandler  fsl_pint.o
    0x00001cd4   0x0000002c   Code   RO         1473    i.PIN_INT2_DriverIRQHandler  fsl_pint.o
    0x00001d00   0x0000002c   Code   RO         1474    i.PIN_INT3_DriverIRQHandler  fsl_pint.o
    0x00001d2c   0x0000002c   Code   RO         1475    i.PIN_INT4_DriverIRQHandler  fsl_pint.o
    0x00001d58   0x0000002c   Code   RO         1476    i.PIN_INT5_DriverIRQHandler  fsl_pint.o
    0x00001d84   0x0000002c   Code   RO         1477    i.PIN_INT6_DriverIRQHandler  fsl_pint.o
    0x00001db0   0x0000002c   Code   RO         1478    i.PIN_INT7_DriverIRQHandler  fsl_pint.o
    0x00001ddc   0x00000014   Code   RO          683    i.POWER_DisablePD   fsl_clock.o
    0x00001df0   0x00000014   Code   RO         2367    i.POWER_DisablePD   clock_config.o
    0x00001e04   0x0000012c   Code   RO         4633    i.POWER_SetVoltageForFreq  keil_lib_power.lib(fsl_power_lib.o)
    0x00001f30   0x00000014   Code   RO         4635    i.POWER_setVdLevel  keil_lib_power.lib(fsl_power_lib.o)
    0x00001f44   0x000000a0   Code   RO          938    i.RESET_ClearPeripheralReset  fsl_reset.o
    0x00001fe4   0x00000012   Code   RO          939    i.RESET_PeripheralReset  fsl_reset.o
    0x00001ff6   0x00000002   PAD
    0x00001ff8   0x000000a0   Code   RO          940    i.RESET_SetPeripheralReset  fsl_reset.o
    0x00002098   0x00000014   Code   RO         1730    i.SCT0_IRQHandler   fsl_sctimer.o
    0x000020ac   0x000001d8   Code   RO         1731    i.SCTIMER_CreateAndScheduleEvent  fsl_sctimer.o
    0x00002284   0x00000050   Code   RO         1733    i.SCTIMER_EventHandleIRQ  fsl_sctimer.o
    0x000022d4   0x0000006c   Code   RO         1735    i.SCTIMER_GetDefaultConfig  fsl_sctimer.o
    0x00002340   0x00000090   Code   RO         1736    i.SCTIMER_GetInstance  fsl_sctimer.o
    0x000023d0   0x00000148   Code   RO         1738    i.SCTIMER_Init      fsl_sctimer.o
    0x00002518   0x0000001e   Code   RO         1742    i.SCTIMER_SetupOutputClearAction  fsl_sctimer.o
    0x00002536   0x0000001a   Code   RO         1743    i.SCTIMER_SetupOutputSetAction  fsl_sctimer.o
    0x00002550   0x00000214   Code   RO         1745    i.SCTIMER_SetupPwm  fsl_sctimer.o
    0x00002764   0x0000001e   Code   RO         3496    i.SCTIMER_StartTimer  app_beep.o
    0x00002782   0x0000001e   Code   RO         1268    i.SPI_Enable        fsl_spi.o
    0x000027a0   0x0000006c   Code   RO         1272    i.SPI_GetInstance   fsl_spi.o
    0x0000280c   0x00000080   Code   RO         1273    i.SPI_MasterGetDefaultConfig  fsl_spi.o
    0x0000288c   0x000001bc   Code   RO         1274    i.SPI_MasterInit    fsl_spi.o
    0x00002a48   0x000000d0   Code   RO         1275    i.SPI_MasterSetBaud  fsl_spi.o
    0x00002b18   0x0000028c   Code   RO         1277    i.SPI_MasterTransferBlocking  fsl_spi.o
    0x00002da4   0x00000048   Code   RO         2752    i.SysTick_Handler   app_interrupt.o
    0x00002dec   0x00000028   Code   RO          232    i.SystemInit        system_lpc54114_cm4.o
    0x00002e14   0x0000002c   Code   RO         2260    i.USART5_InitPins   pin_mux.o
    0x00002e40   0x00000078   Code   RO          314    i.USART_GetDefaultConfig  fsl_usart.o
    0x00002eb8   0x00000158   Code   RO          316    i.USART_Init        fsl_usart.o
    0x00003010   0x00000118   Code   RO          317    i.USART_ReadBlocking  fsl_usart.o
    0x00003128   0x00000110   Code   RO          318    i.USART_SetBaudRate  fsl_usart.o
    0x00003238   0x000000b8   Code   RO          331    i.USART_WriteBlocking  fsl_usart.o
    0x000032f0   0x00000044   Code   RO          606    i.__aeabi_assert    fsl_common.o
    0x00003334   0x0000000e   Code   RO         4710    i.__scatterload_copy  mc_w.l(handlers.o)
    0x00003342   0x0000000e   Code   RO         4712    i.__scatterload_zeroinit  mc_w.l(handlers.o)
    0x00003350   0x0000000c   Code   RO         4084    i.actor_alarm_data_init  auto_report.o
    0x0000335c   0x00000078   Code   RO         2814    i.add_temp_handle   app_dev_ctrl.o
    0x000033d4   0x00000034   Code   RO         4490    i.alloc_a_slot      alloter.o
    0x00003408   0x00000010   Code   RO         2815    i.app_init          app_dev_ctrl.o
    0x00003418   0x00000078   Code   RO         4085    i.auto_report_init  auto_report.o
    0x00003490   0x00000024   Code   RO         4086    i.auto_report_sec_task  auto_report.o
    0x000034b4   0x0000005c   Code   RO         2816    i.auto_speed_display  app_dev_ctrl.o
    0x00003510   0x00000028   Code   RO         2817    i.backlight_ctrl    app_dev_ctrl.o
    0x00003538   0x00000030   Code   RO         3055    i.backlight_init    app_lcd.o
    0x00003568   0x0000000c   Code   RO         3056    i.backlight_off     app_lcd.o
    0x00003574   0x0000000c   Code   RO         3058    i.backligt_on       app_lcd.o
    0x00003580   0x00000032   Code   RO         4557    i.bcd2hex           utils.o
    0x000035b2   0x00000002   PAD
    0x000035b4   0x00000024   Code   RO         2818    i.beep_ctrl         app_dev_ctrl.o
    0x000035d8   0x0000009c   Code   RO         3497    i.beep_init         app_beep.o
    0x00003674   0x00000054   Code   RO         3498    i.beep_off          app_beep.o
    0x000036c8   0x00000054   Code   RO         3499    i.beep_on           app_beep.o
    0x0000371c   0x0000005c   Code   RO         3059    i.bu9796Init        app_lcd.o
    0x00003778   0x00000028   Code   RO         3061    i.bu9796WriteByte   app_lcd.o
    0x000037a0   0x00000042   Code   RO         3062    i.buffer2buff       app_lcd.o
    0x000037e2   0x00000002   PAD
    0x000037e4   0x00000090   Code   RO         4087    i.check_actor_data  auto_report.o
    0x00003874   0x00000058   Code   RO         4088    i.check_alarm_data  auto_report.o
    0x000038cc   0x00000070   Code   RO         2819    i.check_alive       app_dev_ctrl.o
    0x0000393c   0x00000048   Code   RO         2820    i.check_alive0      app_dev_ctrl.o
    0x00003984   0x00000088   Code   RO         4089    i.check_fixed_fre_data  auto_report.o
    0x00003a0c   0x000000ac   Code   RO         4090    i.check_fixed_len_data  auto_report.o
    0x00003ab8   0x00000040   Code   RO         3552    i.check_sole_encode  smart_plc.o
    0x00003af8   0x00000018   Code   RO         4558    i.checksum          utils.o
    0x00003b10   0x0000005c   Code   RO         3553    i.chg_state         smart_plc.o
    0x00003b6c   0x00000030   Code   RO         3837    i.chk_pwd           protocol_smart.o
    0x00003b9c   0x00000020   Code   RO         4091    i.clear_chn         auto_report.o
    0x00003bbc   0x00000010   Code   RO         4092    i.clear_equipment_gid_flag  auto_report.o
    0x00003bcc   0x00000010   Code   RO         3371    i.clear_iss         app_key.o
    0x00003bdc   0x00000034   Code   RO         4093    i.clear_subs        auto_report.o
    0x00003c10   0x00000014   Code   RO         3554    i.clear_uart        smart_plc.o
    0x00003c24   0x00000060   Code   RO         3064    i.clr_display_group_sig  app_lcd.o
    0x00003c84   0x00000060   Code   RO         3065    i.clr_display_signal  app_lcd.o
    0x00003ce4   0x00000058   Code   RO         3066    i.clr_num_display   app_lcd.o
    0x00003d3c   0x0000001a   Code   RO         3067    i.clr_position_num  app_lcd.o
    0x00003d56   0x0000003c   Code   RO         3838    i.code_body         protocol_smart.o
    0x00003d92   0x00000002   PAD
    0x00003d94   0x000000a0   Code   RO         3839    i.code_frame        protocol_smart.o
    0x00003e34   0x00000042   Code   RO         4415    i.code_intype_body  auto_report_app.o
    0x00003e76   0x0000002a   Code   RO         3840    i.code_local_frame  protocol_smart.o
    0x00003ea0   0x00000078   Code   RO         2821    i.dec_temp_handle   app_dev_ctrl.o
    0x00003f18   0x000000e4   Code   RO         2822    i.dev_init          app_dev_ctrl.o
    0x00003ffc   0x00000020   Code   RO         2823    i.dev_type_get      app_dev_ctrl.o
    0x0000401c   0x00000058   Code   RO         3070    i.display_fix_signal  app_lcd.o
    0x00004074   0x0000009c   Code   RO         3071    i.display_group_sig  app_lcd.o
    0x00004110   0x00000060   Code   RO         3072    i.display_signal    app_lcd.o
    0x00004170   0x00000120   Code   RO         3842    i.do_cmd            protocol_smart.o
    0x00004290   0x0000006c   Code   RO         3555    i.do_plc_register   smart_plc.o
    0x000042fc   0x00000034   Code   RO         3556    i.do_set_unlink     smart_plc.o
    0x00004330   0x0000001c   Code   RO         3557    i.empty_a_chn_slot  smart_plc.o
    0x0000434c   0x00000038   Code   RO         4094    i.find_sub_from_seq  auto_report.o
    0x00004384   0x00000030   Code   RO         4095    i.find_sub_from_type  auto_report.o
    0x000043b4   0x00000030   Code   RO         4096    i.finish_power_on_report  auto_report.o
    0x000043e4   0x0000003e   Code   RO         3265    i.flash_transfer_cb  app_spiflash.o
    0x00004422   0x0000002a   Code   RO         3843    i.form_error_body   protocol_smart.o
    0x0000444c   0x00000084   Code   RO         3558    i.frame_handle      smart_plc.o
    0x000044d0   0x00000018   Code   RO         4491    i.free_a_slot       alloter.o
    0x000044e8   0x00000020   Code   RO         4097    i.get_1byte_bit1_number  auto_report.o
    0x00004508   0x00000024   Code   RO         3844    i.get_air_coner_switch  protocol_smart.o
    0x0000452c   0x00000048   Code   RO         3845    i.get_app_comm_ver  protocol_smart.o
    0x00004574   0x0000001c   Code   RO         4098    i.get_chn           auto_report.o
    0x00004590   0x000000d4   Code   RO         4492    i.get_chn_bytes     alloter.o
    0x00004664   0x00000008   Code   RO           11    i.get_core1_image_size  hello_world_core0.o
    0x0000466c   0x000000a0   Code   RO         3846    i.get_dbg_info      protocol_smart.o
    0x0000470c   0x00000018   Code   RO         3847    i.get_dev_key       protocol_smart.o
    0x00004724   0x0000001c   Code   RO         3848    i.get_dev_sn        protocol_smart.o
    0x00004740   0x00000038   Code   RO         3849    i.get_dev_soft_ver  protocol_smart.o
    0x00004778   0x00000018   Code   RO         3850    i.get_device_type   protocol_smart.o
    0x00004790   0x0000003c   Code   RO         4099    i.get_different_delay_time  auto_report.o
    0x000047cc   0x00000012   Code   RO         3559    i.get_id            smart_plc.o
    0x000047de   0x0000001c   Code   RO         4493    i.get_last_bit_seqno  alloter.o
    0x000047fa   0x00000018   Code   RO         4560    i.get_le_val        utils.o
    0x00004812   0x00000002   PAD
    0x00004814   0x00000024   Code   RO         3851    i.get_low_temp_protect  protocol_smart.o
    0x00004838   0x00000044   Code   RO         4101    i.get_min_freq      auto_report.o
    0x0000487c   0x00000024   Code   RO         3852    i.get_mode_ctrl     protocol_smart.o
    0x000048a0   0x00000038   Code   RO         3853    i.get_option        protocol_smart.o
    0x000048d8   0x00000024   Code   RO         3854    i.get_panel_lock    protocol_smart.o
    0x000048fc   0x00000028   Code   RO         3560    i.get_plc_state     smart_plc.o
    0x00004924   0x00000024   Code   RO         3855    i.get_power_on_delay_time  protocol_smart.o
    0x00004948   0x000000c0   Code   RO         3561    i.get_reg           smart_plc.o
    0x00004a08   0x00000360   Code   RO         4416    i.get_report_data_callback  auto_report_app.o
    0x00004d68   0x00000054   Code   RO         3856    i.get_report_freq   protocol_smart.o
    0x00004dbc   0x00000054   Code   RO         3857    i.get_report_step   protocol_smart.o
    0x00004e10   0x00000064   Code   RO         3858    i.get_report_switch  protocol_smart.o
    0x00004e74   0x0000002c   Code   RO         4102    i.get_sensor_from_type  auto_report.o
    0x00004ea0   0x00000016   Code   RO         4417    i.get_sensor_type   auto_report_app.o
    0x00004eb6   0x00000002   PAD
    0x00004eb8   0x0000008c   Code   RO         3859    i.get_sensor_value  protocol_smart.o
    0x00004f44   0x00000060   Code   RO         3860    i.get_smart_frame   protocol_smart.o
    0x00004fa4   0x00000024   Code   RO         3861    i.get_speed_ctrl_mode  protocol_smart.o
    0x00004fc8   0x00000070   Code   RO         3862    i.get_temp_range    protocol_smart.o
    0x00005038   0x00000024   Code   RO         3863    i.get_temp_set      protocol_smart.o
    0x0000505c   0x0000002c   Code   RO         3864    i.get_temp_set_E002  protocol_smart.o
    0x00005088   0x0000003a   Code   RO         4103    i.get_time_from_trycnt  auto_report.o
    0x000050c2   0x00000002   PAD
    0x000050c4   0x00000050   Code   RO         3865    i.get_win_speed_ctrl  protocol_smart.o
    0x00005114   0x0000003e   Code   RO         4561    i.hex2bcd           utils.o
    0x00005152   0x00000002   PAD
    0x00005154   0x00000024   Code   RO         4418    i.init_alarm_data   auto_report_app.o
    0x00005178   0x00000014   Code   RO         4494    i.init_chn_pool_mgr  alloter.o
    0x0000518c   0x000000b8   Code   RO         4419    i.init_relay_data   auto_report_app.o
    0x00005244   0x000000a4   Code   RO         4420    i.init_sensor_data  auto_report_app.o
    0x000052e8   0x0000002c   Code   RO         3562    i.init_uart_infor   smart_plc.o
    0x00005314   0x00000028   Code   RO         4562    i.is_all_bcd        utils.o
    0x0000533c   0x0000001a   Code   RO         4563    i.is_all_xx         utils.o
    0x00005356   0x00000002   PAD
    0x00005358   0x00000188   Code   RO         3563    i.is_gid_equal      smart_plc.o
    0x000054e0   0x00000028   Code   RO         4105    i.judge_process     auto_report.o
    0x00005508   0x0000007c   Code   RO         3372    i.key_init          app_key.o
    0x00005584   0x000001b8   Code   RO         3373    i.key_scan          app_key.o
    0x0000573c   0x00000034   Code   RO         3075    i.lcdReload         app_lcd.o
    0x00005770   0x000000a4   Code   RO         3564    i.local_ack_opt     smart_plc.o
    0x00005814   0x00000070   Code   RO         3565    i.local_frame_opt   smart_plc.o
    0x00005884   0x000001d0   Code   RO           12    i.main              hello_world_core0.o
    0x00005a54   0x00000008   Code   RO         2409    i.mcmgr_get_core_property_lpc54114  mcmgr_internal_core_api_lpc54114.o
    0x00005a5c   0x00000004   Code   RO         2410    i.mcmgr_get_current_core_lpc54114  mcmgr_internal_core_api_lpc54114.o
    0x00005a60   0x0000006c   Code   RO         2411    i.mcmgr_get_startup_data_lpc54114  mcmgr_internal_core_api_lpc54114.o
    0x00005acc   0x0000002c   Code   RO         2412    i.mcmgr_init_lpc54114  mcmgr_internal_core_api_lpc54114.o
    0x00005af8   0x00000006   Code   RO         2413    i.mcmgr_load_app_lpc54114  mcmgr_internal_core_api_lpc54114.o
    0x00005afe   0x00000002   PAD
    0x00005b00   0x0000001c   Code   RO         2414    i.mcmgr_signal_ready_lpc54114  mcmgr_internal_core_api_lpc54114.o
    0x00005b1c   0x00000118   Code   RO         2415    i.mcmgr_start_core_lpc54114  mcmgr_internal_core_api_lpc54114.o
    0x00005c34   0x0000002c   Code   RO         2416    i.mcmgr_stop_core_lpc54114  mcmgr_internal_core_api_lpc54114.o
    0x00005c60   0x00000040   Code   RO         2826    i.mode_handle       app_dev_ctrl.o
    0x00005ca0   0x00000052   Code   RO         3076    i.mode_sig_display  app_lcd.o
    0x00005cf2   0x00000030   Code   RO         3267    i.mx25r_cmd_rdid    app_spiflash.o
    0x00005d22   0x00000030   Code   RO         3268    i.mx25r_cmd_rdsr    app_spiflash.o
    0x00005d52   0x00000050   Code   RO         3269    i.mx25r_cmd_read    app_spiflash.o
    0x00005da2   0x00000062   Code   RO         3270    i.mx25r_cmd_sector_erase  app_spiflash.o
    0x00005e04   0x0000001e   Code   RO         3271    i.mx25r_cmd_wrdi    app_spiflash.o
    0x00005e22   0x0000001e   Code   RO         3272    i.mx25r_cmd_wren    app_spiflash.o
    0x00005e40   0x00000096   Code   RO         3273    i.mx25r_cmd_write   app_spiflash.o
    0x00005ed6   0x0000000a   Code   RO         3274    i.mx25r_init        app_spiflash.o
    0x00005ee0   0x00000074   Code   RO         3078    i.num_display_ctrl  app_lcd.o
    0x00005f54   0x0000006c   Code   RO         2827    i.on_off_handle     app_dev_ctrl.o
    0x00005fc0   0x00000090   Code   RO         2828    i.on_uart_rxchar    app_dev_ctrl.o
    0x00006050   0x0000001c   Code   RO         4107    i.peek_chn          auto_report.o
    0x0000606c   0x00000058   Code   RO         4495    i.peek_chn_bytes    alloter.o
    0x000060c4   0x00000100   Code   RO         3374    i.pint_intr_callback  app_key.o
    0x000061c4   0x00000010   Code   RO         3566    i.plc_init          smart_plc.o
    0x000061d4   0x00000028   Code   RO         3567    i.plc_machine_opt   smart_plc.o
    0x000061fc   0x00000038   Code   RO         3568    i.plc_reset_init    smart_plc.o
    0x00006234   0x0000000c   Code   RO         3569    i.plc_reset_off     smart_plc.o
    0x00006240   0x0000000c   Code   RO         3570    i.plc_reset_on      smart_plc.o
    0x0000624c   0x00000044   Code   RO         4108    i.poweron_time_count  auto_report.o
    0x00006290   0x0000001c   Code   RO         4109    i.put_chn           auto_report.o
    0x000062ac   0x000000c4   Code   RO         4497    i.put_chn_bytes     alloter.o
    0x00006370   0x00000014   Code   RO         4565    i.put_le_val        utils.o
    0x00006384   0x000000e4   Code   RO         3572    i.rd_gw_aid         smart_plc.o
    0x00006468   0x000000ec   Code   RO         3573    i.rd_plc_eid        smart_plc.o
    0x00006554   0x000000f0   Code   RO         3574    i.rd_plc_sid        smart_plc.o
    0x00006644   0x0000011c   Code   RO           13    i.read_si7020_data  hello_world_core0.o
    0x00006760   0x00000080   Code   RO         3441    i.realy_init        app_realy.o
    0x000067e0   0x00000028   Code   RO         3442    i.realy_off         app_realy.o
    0x00006808   0x00000028   Code   RO         3443    i.realy_on          app_realy.o
    0x00006830   0x0000002c   Code   RO         3444    i.realy_toggle      app_realy.o
    0x0000685c   0x00000044   Code   RO         4110    i.register_report   auto_report.o
    0x000068a0   0x0000003c   Code   RO         4111    i.register_time_count  auto_report.o
    0x000068dc   0x000000d0   Code   RO         3445    i.relay_ctrl        app_realy.o
    0x000069ac   0x00000014   Code   RO         4112    i.reload_freq_infor  auto_report.o
    0x000069c0   0x00000092   Code   RO         3575    i.remote_frame_opt  smart_plc.o
    0x00006a52   0x00000002   PAD
    0x00006a54   0x0000002c   Code   RO         4113    i.report_alloter_init  auto_report.o
    0x00006a80   0x000000b0   Code   RO         4421    i.report_finish_refresh_infor  auto_report_app.o
    0x00006b30   0x000000b4   Code   RO         4114    i.report_frame_ack  auto_report.o
    0x00006be4   0x00000114   Code   RO         4115    i.report_time_hook  auto_report.o
    0x00006cf8   0x00000094   Code   RO         3576    i.reset_plc         smart_plc.o
    0x00006d8c   0x00000088   Code   RO         4116    i.save_subs_infor   auto_report.o
    0x00006e14   0x00000080   Code   RO         4118    i.send_actor_count  auto_report.o
    0x00006e94   0x0000001c   Code   RO         4119    i.send_alarm_count  auto_report.o
    0x00006eb0   0x0000003c   Code   RO         4120    i.send_fixed_fre_count  auto_report.o
    0x00006eec   0x0000003c   Code   RO         4121    i.send_fixed_len_count  auto_report.o
    0x00006f28   0x00000044   Code   RO         3577    i.send_local_frame  smart_plc.o
    0x00006f6c   0x00000014   Code   RO         4122    i.send_max_retry    auto_report.o
    0x00006f80   0x0000003c   Code   RO         4123    i.send_over         auto_report.o
    0x00006fbc   0x00000064   Code   RO         4124    i.send_power_or_register_report  auto_report.o
    0x00007020   0x00000042   Code   RO         4125    i.send_report_frame  auto_report.o
    0x00007062   0x00000002   PAD
    0x00007064   0x00000060   Code   RO         4126    i.send_retry        auto_report.o
    0x000070c4   0x00000140   Code   RO         4127    i.send_to_both_subs_gateway  auto_report.o
    0x00007204   0x00000080   Code   RO         4128    i.send_to_gateway   auto_report.o
    0x00007284   0x00000020   Code   RO         4129    i.send_to_only_gateway  auto_report.o
    0x000072a4   0x000000ac   Code   RO         4130    i.send_to_only_subs  auto_report.o
    0x00007350   0x00000204   Code   RO         4131    i.sensor_need_report_or_not  auto_report.o
    0x00007554   0x00000048   Code   RO         3578    i.set_aid           smart_plc.o
    0x0000759c   0x00000044   Code   RO         3866    i.set_air_coner_switch  protocol_smart.o
    0x000075e0   0x000000c4   Code   RO         3867    i.set_dbg_info      protocol_smart.o
    0x000076a4   0x0000009c   Code   RO         3579    i.set_group_parameter  smart_plc.o
    0x00007740   0x00000044   Code   RO         3868    i.set_low_temp_protect  protocol_smart.o
    0x00007784   0x00000044   Code   RO         3869    i.set_mode_ctrl     protocol_smart.o
    0x000077c8   0x00000044   Code   RO         3870    i.set_panel_lock    protocol_smart.o
    0x0000780c   0x00000088   Code   RO         3580    i.set_panid         smart_plc.o
    0x00007894   0x00000044   Code   RO         3871    i.set_power_on_delay_time  protocol_smart.o
    0x000078d8   0x00000044   Code   RO         3581    i.set_register      smart_plc.o
    0x0000791c   0x00000060   Code   RO         3872    i.set_report_freq   protocol_smart.o
    0x0000797c   0x000000a8   Code   RO         3873    i.set_report_step   protocol_smart.o
    0x00007a24   0x00000070   Code   RO         3874    i.set_report_switch  protocol_smart.o
    0x00007a94   0x0000003c   Code   RO         3582    i.set_ret_frame     smart_plc.o
    0x00007ad0   0x00000044   Code   RO         3875    i.set_speed_ctrl_mode  protocol_smart.o
    0x00007b14   0x00000110   Code   RO         3876    i.set_temp_range    protocol_smart.o
    0x00007c24   0x00000068   Code   RO         3877    i.set_temp_set      protocol_smart.o
    0x00007c8c   0x00000070   Code   RO         3878    i.set_temp_set_E002  protocol_smart.o
    0x00007cfc   0x00000044   Code   RO         3583    i.set_unlink        smart_plc.o
    0x00007d40   0x00000068   Code   RO         3879    i.set_win_speed_ctrl  protocol_smart.o
    0x00007da8   0x00000080   Code   RO         2831    i.speed_realy_ctrl  app_dev_ctrl.o
    0x00007e28   0x0000006e   Code   RO         3080    i.speed_sig_display  app_lcd.o
    0x00007e96   0x00000002   PAD
    0x00007e98   0x000000c8   Code   RO         3275    i.spiflash_init     app_spiflash.o
    0x00007f60   0x00000024   Code   RO         4132    i.start_fixed_report_save  auto_report.o
    0x00007f84   0x00000084   Code   RO         4133    i.start_new_report_or_not  auto_report.o
    0x00008008   0x0000007c   Code   RO         4134    i.start_report      auto_report.o
    0x00008084   0x0000000c   Code   RO         2832    i.state_machine     app_dev_ctrl.o
    0x00008090   0x00000014   Code   RO         4135    i.stop_fixed_report_save  auto_report.o
    0x000080a4   0x0000002c   Code   RO         4136    i.stop_fixed_reporting  auto_report.o
    0x000080d0   0x0000008c   Code   RO         4137    i.stop_report       auto_report.o
    0x0000815c   0x0000001c   Code   RO         4138    i.stop_report_para  auto_report.o
    0x00008178   0x00000034   Code   RO         4139    i.sub_report_or_not  auto_report.o
    0x000081ac   0x000000d4   Code   RO         2833    i.sys_tick          app_dev_ctrl.o
    0x00008280   0x00000030   Code   RO         2834    i.system_init       app_dev_ctrl.o
    0x000082b0   0x0000004c   Code   RO         2835    i.task_100ms        app_dev_ctrl.o
    0x000082fc   0x00000020   Code   RO         2836    i.task_20ms         app_dev_ctrl.o
    0x0000831c   0x0000005c   Code   RO         2837    i.task_handle       app_dev_ctrl.o
    0x00008378   0x00000002   Code   RO         2838    i.task_key          app_dev_ctrl.o
    0x0000837a   0x00000002   PAD
    0x0000837c   0x00000060   Code   RO         2839    i.task_sec          app_dev_ctrl.o
    0x000083dc   0x0000012c   Code   RO         2840    i.temp_auto_ctrl    app_dev_ctrl.o
    0x00008508   0x00000304   Code   RO         2841    i.temp_ctrl_realy   app_dev_ctrl.o
    0x0000880c   0x00000198   Code   RO         3081    i.temp_display_flash  app_lcd.o
    0x000089a4   0x000000d0   Code   RO         2842    i.temp_param_init   app_dev_ctrl.o
    0x00008a74   0x00000074   Code   RO         3584    i.uart5_config      smart_plc.o
    0x00008ae8   0x00000018   Code   RO         3585    i.uart_peek         smart_plc.o
    0x00008b00   0x00000018   Code   RO         3586    i.uart_pop_tx       smart_plc.o
    0x00008b18   0x00000018   Code   RO         3587    i.uart_push_rx      smart_plc.o
    0x00008b30   0x00000030   Code   RO         3588    i.uart_rx_hook      smart_plc.o
    0x00008b60   0x00000048   Code   RO         3589    i.uart_tick_hook    smart_plc.o
    0x00008ba8   0x00000084   Code   RO         2843    i.uart_write        app_dev_ctrl.o
    0x00008c2c   0x00000044   Code   RO         4422    i.uart_write_report  auto_report_app.o
    0x00008c70   0x00000238   Code   RO         3082    i.update_lcd_data   app_lcd.o
    0x00008ea8   0x00000054   Code   RO         3590    i.wait_sec          smart_plc.o
    0x00008efc   0x00000050   Code   RO         2844    i.win_speed_ctrl_realy  app_dev_ctrl.o
    0x00008f4c   0x0000006c   Code   RO         2845    i.win_speed_handle  app_dev_ctrl.o
    0x00008fb8   0x00000048   Code   RO         3591    i.wr_plc_aid        smart_plc.o
    0x00009000   0x000000a8   Code   RO         3592    i.wr_plc_panid      smart_plc.o
    0x000090a8   0x00000030   Code   RO         2846    i.write_to_flash    app_dev_ctrl.o
    0x000090d8   0x00000032   Code   RO         4566    i.xbcd2hex          utils.o
    0x0000910a   0x00000002   PAD
    0x0000910c   0x00000038   Data   RO          482    .constdata          fsl_flexcomm.o
    0x00009144   0x00000024   Data   RO          695    .constdata          fsl_clock.o
    0x00009168   0x00000028   Data   RO         1288    .constdata          fsl_spi.o
    0x00009190   0x00000008   Data   RO         1480    .constdata          fsl_pint.o
    0x00009198   0x00000039   Data   RO         1621    .constdata          fsl_ctimer.o
    0x000091d1   0x00000003   PAD
    0x000091d4   0x0000000c   Data   RO         1748    .constdata          fsl_sctimer.o
    0x000091e0   0x00000070   Data   RO         2417    .constdata          mcmgr_internal_core_api_lpc54114.o
    0x00009250   0x00000022   Data   RO         2848    .constdata          app_dev_ctrl.o
    0x00009272   0x00000002   PAD
    0x00009274   0x000000c1   Data   RO         3084    .constdata          app_lcd.o
    0x00009335   0x00000008   Data   RO         3376    .constdata          app_key.o
    0x0000933d   0x00000010   Data   RO         3446    .constdata          app_realy.o
    0x0000934d   0x00000003   PAD
    0x00009350   0x0000005a   Data   RO         1289    .conststring        fsl_spi.o
    0x000093aa   0x00000002   PAD
    0x000093ac   0x00000012   Data   RO         2418    .conststring        mcmgr_internal_core_api_lpc54114.o
    0x000093be   0x00000002   PAD
    0x000093c0   0x0000001d   Data   RO         2849    .conststring        app_dev_ctrl.o
    0x000093dd   0x00000003   PAD
    0x000093e0   0x00000020   Data   RO         3880    .conststring        protocol_smart.o
    0x00009400   0x00000020   Data   RO         4708    Region$$Table       anon$$obj.o


    Execution Region ARM_LIB_STACK (Base: 0x04007c00, Size: 0x00000400, Max: 0x00000400, ABSOLUTE)

    Base Addr    Size         Type   Attr      Idx    E Section Name        Object

    0x04007c00   0x00000400   Zero   RW            3    ARM_LIB_STACK.bss   anon$$obj.o


    Execution Region RW_m_data (Base: 0x20000000, Size: 0x0000138c, Max: 0x0000e800, ABSOLUTE, COMPRESSED[0x00000188])

    Base Addr    Size         Type   Attr      Idx    E Section Name        Object

    0x20000000   0x0000000d   Data   RW           15    .data               hello_world_core0.o
    0x2000000d   0x00000003   PAD
    0x20000010   0x00000004   Data   RW          240    .data               system_lpc54114_cm4.o
    0x20000014   0x00000008   Data   RW          696    .data               fsl_clock.o
    0x2000001c   0x00000005   Data   RW         1622    .data               fsl_ctimer.o
    0x20000021   0x00000003   PAD
    0x20000024   0x00000010   Data   RW         1749    .data               fsl_sctimer.o
    0x20000034   0x00000007   Data   RW         2694    .data               app_si70xx.o
    0x2000003b   0x00000001   PAD
    0x2000003c   0x0000000c   Data   RW         2753    .data               app_interrupt.o
    0x20000048   0x00000074   Data   RW         2850    .data               app_dev_ctrl.o
    0x200000bc   0x0000001e   Data   RW         3085    .data               app_lcd.o
    0x200000da   0x0000001b   Data   RW         3377    .data               app_key.o
    0x200000f5   0x00000003   PAD
    0x200000f8   0x00000014   Data   RW         3500    .data               app_beep.o
    0x2000010c   0x000000ee   Data   RW         3594    .data               smart_plc.o
    0x200001fa   0x00000002   PAD
    0x200001fc   0x00000119   Data   RW         3881    .data               protocol_smart.o
    0x20000315   0x00000003   PAD
    0x20000318   0x00000023   Data   RW         4141    .data               auto_report.o
    0x2000033b   0x00000005   PAD
    0x20000340   0x00000020   Zero   RW           14    .bss                hello_world_core0.o
    0x20000360   0x00000040   Zero   RW          481    .bss                fsl_flexcomm.o
    0x200003a0   0x00000010   Zero   RW         1287    .bss                fsl_spi.o
    0x200003b0   0x00000020   Zero   RW         1479    .bss                fsl_pint.o
    0x200003d0   0x00000014   Zero   RW         1620    .bss                fsl_ctimer.o
    0x200003e4   0x00000028   Zero   RW         1747    .bss                fsl_sctimer.o
    0x2000040c   0x000001f4   PAD
    0x20000600   0x00000340   Zero   RW         1872    .bss                fsl_dma.o
    0x20000940   0x00000010   Zero   RW         2593    .bss                fsl_debug_console.o
    0x20000950   0x00000010   Zero   RW         2693    .bss                app_si70xx.o
    0x20000960   0x00000400   Zero   RW         2847    .bss                app_dev_ctrl.o
    0x20000d60   0x00000010   Zero   RW         3276    .bss                app_spiflash.o
    0x20000d70   0x000000a0   Zero   RW         3375    .bss                app_key.o
    0x20000e10   0x00000058   Zero   RW         3593    .bss                smart_plc.o
    0x20000e68   0x00000120   Zero   RW         4140    .bss                auto_report.o
    0x20000f88   0x00000404   Zero   RW         4498    .bss                alloter.o


    Execution Region ARM_LIB_HEAP (Base: 0x2000138c, Size: 0x00000400, Max: 0x00000400, ABSOLUTE)

    Base Addr    Size         Type   Attr      Idx    E Section Name        Object

    0x2000138c   0x00000400   Zero   RW            2    ARM_LIB_HEAP.bss    anon$$obj.o


    Execution Region RPMSG_SH_MEM (Base: 0x20026800, Size: 0x00000000, Max: 0x00001800, ABSOLUTE, UNINIT)

    **** No section assigned to this execution region ****



  Load Region LR_CORE1_IMAGE (Base: 0x00030000, Size: 0x00001da8, Max: 0xffffffff, ABSOLUTE)

    Execution Region CORE1_REGION (Base: 0x00030000, Size: 0x00001da8, Max: 0x00010000, ABSOLUTE)

    Base Addr    Size         Type   Attr      Idx    E Section Name        Object

    0x00030000   0x00001da8   Data   RO            4    M0CODE              incbin.o


==============================================================================

Image component sizes


      Code (inc. data)   RO Data    RW Data    ZI Data      Debug   Object Name

       620         28          0          0       1028       6349   alloter.o
       354         74          0         20          0      19383   app_beep.o
      3530        450         63        116       1024      29429   app_dev_ctrl.o
        72         16          0         12          0       1669   app_interrupt.o
       846        196          8         27        160      10606   app_key.o
      2264        176        193         30          0      25442   app_lcd.o
       460         72         16          0          0       4858   app_realy.o
         0          0          0          7         16       2861   app_si70xx.o
       768         24          0          0         16      15169   app_spiflash.o
      4560        932          0         35        288      41140   auto_report.o
      1580        146          0          0          0       9033   auto_report_app.o
       100         50          0          0          0     253837   board.o
        92         22          0          0          0       2670   clock_config.o
      1338        156         36          8          0      27605   fsl_clock.o
        68         44          0          0          0        813   fsl_common.o
       178         14         57          5         20       8874   fsl_ctimer.o
       954         28          0          0         16      13219   fsl_debug_console.o
       172          4          0          0        832       5137   fsl_dma.o
      1374        854         56          0         64      23888   fsl_flexcomm.o
       572         72          0          0          0      18394   fsl_i2c.o
       102         16          0          0          0      21106   fsl_inputmux.o
       936        254          8          0         32      45579   fsl_pint.o
       338        160          0          0          0       3164   fsl_reset.o
      1740        410         12         16         40      14961   fsl_sctimer.o
      1570        576        130          0         16      14777   fsl_spi.o
      1200        496          0          0          0      14757   fsl_usart.o
       996        400          0         13         32     315834   hello_world_core0.o
         0          0       7592          0          0          0   incbin.o
       120         16          0          0          0       2430   mcmgr.o
       566        170        130          0          0      23284   mcmgr_internal_core_api_lpc54114.o
       136         18          0          0          0       5209   pin_mux.o
      3624        266         32        281          0      38137   protocol_smart.o
      3904       1036          0        238         88      68549   smart_plc.o
       444        198        224          0          0       3304   startup_lpc54114_cm4.o
        40         12          0          4          0     251931   system_lpc54114_cm4.o
       296          0          0          0          0       6245   utils.o

    ----------------------------------------------------------------------
     35952       7386       8604        828       6224    1349643   Object Totals
         0          0         32          0       2048          0   (incl. Generated)
        38          0         15         16        504          0   (incl. Padding)

    ----------------------------------------------------------------------

      Code (inc. data)   RO Data    RW Data    ZI Data      Debug   Library Member Name

       320         46          0          0          0        248   fsl_power_lib.o
        86          0          0          0          0          0   __dczerorl2.o
         0          0          0          0          0          0   entry.o
         0          0          0          0          0          0   entry10a.o
         0          0          0          0          0          0   entry11a.o
         8          4          0          0          0          0   entry4.o
         4          0          0          0          0          0   entry5.o
         0          0          0          0          0          0   entry7b.o
         0          0          0          0          0          0   entry8b.o
         8          4          0          0          0          0   entry9a.o
        30          0          0          0          0          0   handlers.o
        36          8          0          0          0         68   init.o
         0          0          0          0          0          0   iusefp.o
        30          0          0          0          0         68   llshl.o
        32          0          0          0          0         68   llushr.o
        26          0          0          0          0         80   memcmp.o
        64          0          0          0          0         76   memmovea.o
        36          0          0          0          0        108   memseta.o
        14          0          0          0          0         68   strlen.o
        98          0          0          0          0         92   uldiv.o
        48          0          0          0          0         68   cdrcmple.o
        62          0          0          0          0         80   dfixi.o
        50          0          0          0          0         76   dfixui.o

    ----------------------------------------------------------------------
       956         62          0          0          0       1100   Library Totals
         4          0          0          0          0          0   (incl. Padding)

    ----------------------------------------------------------------------

      Code (inc. data)   RO Data    RW Data    ZI Data      Debug   Library Name

       320         46          0          0          0        248   keil_lib_power.lib
       472         16          0          0          0        628   mc_w.l
       160          0          0          0          0        224   mf_w.l

    ----------------------------------------------------------------------
       956         62          0          0          0       1100   Library Totals

    ----------------------------------------------------------------------

==============================================================================


      Code (inc. data)   RO Data    RW Data    ZI Data      Debug   

     36908       7448       8604        828       6224    1315863   Grand Totals
     36908       7448       8604        392       6224    1315863   ELF Image Totals (compressed)
     36908       7448       8604        392          0          0   ROM Totals

==============================================================================

    Total RO  Size (Code + RO Data)                45512 (  44.45kB)
    Total RW  Size (RW Data + ZI Data)              7052 (   6.89kB)
    Total ROM Size (Code + RO Data + RW Data)      45904 (  44.83kB)

==============================================================================

