<!doctype html public "-//w3c//dtd html 4.0 transitional//en">
<html><head>
<title>Static Call Graph - [debug\hello_world_cm0plus.out]</title></head>
<body><HR>
<H1>Static Call Graph for image debug\hello_world_cm0plus.out</H1><HR>
<BR><P>#&#060CALLGRAPH&#062# ARM Linker, 5060422: Last Updated: Fri Jun 29 10:22:34 2018
<BR><P>
<H3>Maximum Stack Usage =        348 bytes + Unknown(Cycles, Untraceable Function Pointers)</H3><H3>
Call chain for Maximum Stack Depth:</H3>
main &rArr; si7020Measure &rArr; I2C_MasterWriteBlocking &rArr; __aeabi_assert &rArr; DbgConsole_Printf &rArr; DbgConsole_PrintfFormattedData &rArr; DbgConsole_ConvertRadixNumToString &rArr; __aeabi_idivmod &rArr; __aeabi_uidivmod
<P>
<H3>
Mutually Recursive functions
</H3> <LI><a href="#[1]">NMI_Handler</a>&nbsp;&nbsp;&nbsp;&rArr;&nbsp;&nbsp;&nbsp;<a href="#[1]">NMI_Handler</a><BR>
 <LI><a href="#[2]">HardFault_Handler</a>&nbsp;&nbsp;&nbsp;&rArr;&nbsp;&nbsp;&nbsp;<a href="#[2]">HardFault_Handler</a><BR>
 <LI><a href="#[3]">SVC_Handler</a>&nbsp;&nbsp;&nbsp;&rArr;&nbsp;&nbsp;&nbsp;<a href="#[3]">SVC_Handler</a><BR>
 <LI><a href="#[4]">PendSV_Handler</a>&nbsp;&nbsp;&nbsp;&rArr;&nbsp;&nbsp;&nbsp;<a href="#[4]">PendSV_Handler</a><BR>
 <LI><a href="#[5]">SysTick_Handler</a>&nbsp;&nbsp;&nbsp;&rArr;&nbsp;&nbsp;&nbsp;<a href="#[5]">SysTick_Handler</a><BR>
 <LI><a href="#[3f]">ADC0_SEQA_DriverIRQHandler</a>&nbsp;&nbsp;&nbsp;&rArr;&nbsp;&nbsp;&nbsp;<a href="#[3f]">ADC0_SEQA_DriverIRQHandler</a><BR>
</UL>
<P>
<H3>
Function Pointers
</H3><UL>
 <LI><a href="#[3f]">ADC0_SEQA_DriverIRQHandler</a> from startup_lpc54114_cm0plus.o(.text) referenced from startup_lpc54114_cm0plus.o(.text)
 <LI><a href="#[1c]">ADC0_SEQA_IRQHandler</a> from startup_lpc54114_cm0plus.o(.text) referenced from startup_lpc54114_cm0plus.o(RESET)
 <LI><a href="#[40]">ADC0_SEQB_DriverIRQHandler</a> from startup_lpc54114_cm0plus.o(.text) referenced from startup_lpc54114_cm0plus.o(.text)
 <LI><a href="#[1d]">ADC0_SEQB_IRQHandler</a> from startup_lpc54114_cm0plus.o(.text) referenced from startup_lpc54114_cm0plus.o(RESET)
 <LI><a href="#[41]">ADC0_THCMP_DriverIRQHandler</a> from startup_lpc54114_cm0plus.o(.text) referenced from startup_lpc54114_cm0plus.o(.text)
 <LI><a href="#[1e]">ADC0_THCMP_IRQHandler</a> from startup_lpc54114_cm0plus.o(.text) referenced from startup_lpc54114_cm0plus.o(RESET)
 <LI><a href="#[33]">CTIMER0_DriverIRQHandler</a> from startup_lpc54114_cm0plus.o(.text) referenced from startup_lpc54114_cm0plus.o(.text)
 <LI><a href="#[10]">CTIMER0_IRQHandler</a> from startup_lpc54114_cm0plus.o(.text) referenced from startup_lpc54114_cm0plus.o(RESET)
 <LI><a href="#[34]">CTIMER1_DriverIRQHandler</a> from startup_lpc54114_cm0plus.o(.text) referenced from startup_lpc54114_cm0plus.o(.text)
 <LI><a href="#[11]">CTIMER1_IRQHandler</a> from startup_lpc54114_cm0plus.o(.text) referenced from startup_lpc54114_cm0plus.o(RESET)
 <LI><a href="#[36]">CTIMER3_DriverIRQHandler</a> from startup_lpc54114_cm0plus.o(.text) referenced from startup_lpc54114_cm0plus.o(.text)
 <LI><a href="#[13]">CTIMER3_IRQHandler</a> from startup_lpc54114_cm0plus.o(.text) referenced from startup_lpc54114_cm0plus.o(RESET)
 <LI><a href="#[2a]">DMA0_DriverIRQHandler</a> from startup_lpc54114_cm0plus.o(.text) referenced from startup_lpc54114_cm0plus.o(.text)
 <LI><a href="#[7]">DMA0_IRQHandler</a> from startup_lpc54114_cm0plus.o(.text) referenced from startup_lpc54114_cm0plus.o(RESET)
 <LI><a href="#[42]">DMIC0_DriverIRQHandler</a> from startup_lpc54114_cm0plus.o(.text) referenced from startup_lpc54114_cm0plus.o(.text)
 <LI><a href="#[1f]">DMIC0_IRQHandler</a> from startup_lpc54114_cm0plus.o(.text) referenced from startup_lpc54114_cm0plus.o(RESET)
 <LI><a href="#[49]">DbgConsole_Putchar</a> from fsl_debug_console.o(i.DbgConsole_Putchar) referenced from fsl_debug_console.o(i.DbgConsole_Printf)
 <LI><a href="#[37]">FLEXCOMM0_DriverIRQHandler</a> from fsl_flexcomm.o(i.FLEXCOMM0_DriverIRQHandler) referenced from startup_lpc54114_cm0plus.o(.text)
 <LI><a href="#[14]">FLEXCOMM0_IRQHandler</a> from startup_lpc54114_cm0plus.o(.text) referenced from startup_lpc54114_cm0plus.o(RESET)
 <LI><a href="#[38]">FLEXCOMM1_DriverIRQHandler</a> from fsl_flexcomm.o(i.FLEXCOMM1_DriverIRQHandler) referenced from startup_lpc54114_cm0plus.o(.text)
 <LI><a href="#[15]">FLEXCOMM1_IRQHandler</a> from startup_lpc54114_cm0plus.o(.text) referenced from startup_lpc54114_cm0plus.o(RESET)
 <LI><a href="#[39]">FLEXCOMM2_DriverIRQHandler</a> from fsl_flexcomm.o(i.FLEXCOMM2_DriverIRQHandler) referenced from startup_lpc54114_cm0plus.o(.text)
 <LI><a href="#[16]">FLEXCOMM2_IRQHandler</a> from startup_lpc54114_cm0plus.o(.text) referenced from startup_lpc54114_cm0plus.o(RESET)
 <LI><a href="#[3a]">FLEXCOMM3_DriverIRQHandler</a> from fsl_flexcomm.o(i.FLEXCOMM3_DriverIRQHandler) referenced from startup_lpc54114_cm0plus.o(.text)
 <LI><a href="#[17]">FLEXCOMM3_IRQHandler</a> from startup_lpc54114_cm0plus.o(.text) referenced from startup_lpc54114_cm0plus.o(RESET)
 <LI><a href="#[3b]">FLEXCOMM4_DriverIRQHandler</a> from fsl_flexcomm.o(i.FLEXCOMM4_DriverIRQHandler) referenced from startup_lpc54114_cm0plus.o(.text)
 <LI><a href="#[18]">FLEXCOMM4_IRQHandler</a> from startup_lpc54114_cm0plus.o(.text) referenced from startup_lpc54114_cm0plus.o(RESET)
 <LI><a href="#[3c]">FLEXCOMM5_DriverIRQHandler</a> from fsl_flexcomm.o(i.FLEXCOMM5_DriverIRQHandler) referenced from startup_lpc54114_cm0plus.o(.text)
 <LI><a href="#[19]">FLEXCOMM5_IRQHandler</a> from startup_lpc54114_cm0plus.o(.text) referenced from startup_lpc54114_cm0plus.o(RESET)
 <LI><a href="#[3d]">FLEXCOMM6_DriverIRQHandler</a> from fsl_flexcomm.o(i.FLEXCOMM6_DriverIRQHandler) referenced from startup_lpc54114_cm0plus.o(.text)
 <LI><a href="#[1a]">FLEXCOMM6_IRQHandler</a> from startup_lpc54114_cm0plus.o(.text) referenced from startup_lpc54114_cm0plus.o(RESET)
 <LI><a href="#[3e]">FLEXCOMM7_DriverIRQHandler</a> from fsl_flexcomm.o(i.FLEXCOMM7_DriverIRQHandler) referenced from startup_lpc54114_cm0plus.o(.text)
 <LI><a href="#[1b]">FLEXCOMM7_IRQHandler</a> from startup_lpc54114_cm0plus.o(.text) referenced from startup_lpc54114_cm0plus.o(RESET)
 <LI><a href="#[2b]">GINT0_DriverIRQHandler</a> from startup_lpc54114_cm0plus.o(.text) referenced from startup_lpc54114_cm0plus.o(.text)
 <LI><a href="#[8]">GINT0_IRQHandler</a> from startup_lpc54114_cm0plus.o(.text) referenced from startup_lpc54114_cm0plus.o(RESET)
 <LI><a href="#[2c]">GINT1_DriverIRQHandler</a> from startup_lpc54114_cm0plus.o(.text) referenced from startup_lpc54114_cm0plus.o(.text)
 <LI><a href="#[9]">GINT1_IRQHandler</a> from startup_lpc54114_cm0plus.o(.text) referenced from startup_lpc54114_cm0plus.o(RESET)
 <LI><a href="#[43]">HWVAD0_DriverIRQHandler</a> from startup_lpc54114_cm0plus.o(.text) referenced from startup_lpc54114_cm0plus.o(.text)
 <LI><a href="#[20]">HWVAD0_IRQHandler</a> from startup_lpc54114_cm0plus.o(.text) referenced from startup_lpc54114_cm0plus.o(RESET)
 <LI><a href="#[2]">HardFault_Handler</a> from startup_lpc54114_cm0plus.o(.text) referenced from startup_lpc54114_cm0plus.o(RESET)
 <LI><a href="#[47]">IOH_DriverIRQHandler</a> from startup_lpc54114_cm0plus.o(.text) referenced from startup_lpc54114_cm0plus.o(.text)
 <LI><a href="#[24]">IOH_IRQHandler</a> from startup_lpc54114_cm0plus.o(.text) referenced from startup_lpc54114_cm0plus.o(RESET)
 <LI><a href="#[48]">MAILBOX_DriverIRQHandler</a> from startup_lpc54114_cm0plus.o(.text) referenced from startup_lpc54114_cm0plus.o(.text)
 <LI><a href="#[25]">MAILBOX_IRQHandler</a> from hello_world_core1.o(i.MAILBOX_IRQHandler) referenced from startup_lpc54114_cm0plus.o(RESET)
 <LI><a href="#[32]">MRT0_DriverIRQHandler</a> from startup_lpc54114_cm0plus.o(.text) referenced from startup_lpc54114_cm0plus.o(.text)
 <LI><a href="#[f]">MRT0_IRQHandler</a> from startup_lpc54114_cm0plus.o(.text) referenced from startup_lpc54114_cm0plus.o(RESET)
 <LI><a href="#[1]">NMI_Handler</a> from startup_lpc54114_cm0plus.o(.text) referenced from startup_lpc54114_cm0plus.o(RESET)
 <LI><a href="#[2d]">PIN_INT0_DriverIRQHandler</a> from startup_lpc54114_cm0plus.o(.text) referenced from startup_lpc54114_cm0plus.o(.text)
 <LI><a href="#[a]">PIN_INT0_IRQHandler</a> from startup_lpc54114_cm0plus.o(.text) referenced from startup_lpc54114_cm0plus.o(RESET)
 <LI><a href="#[2e]">PIN_INT1_DriverIRQHandler</a> from startup_lpc54114_cm0plus.o(.text) referenced from startup_lpc54114_cm0plus.o(.text)
 <LI><a href="#[b]">PIN_INT1_IRQHandler</a> from startup_lpc54114_cm0plus.o(.text) referenced from startup_lpc54114_cm0plus.o(RESET)
 <LI><a href="#[2f]">PIN_INT2_DriverIRQHandler</a> from startup_lpc54114_cm0plus.o(.text) referenced from startup_lpc54114_cm0plus.o(.text)
 <LI><a href="#[c]">PIN_INT2_IRQHandler</a> from startup_lpc54114_cm0plus.o(.text) referenced from startup_lpc54114_cm0plus.o(RESET)
 <LI><a href="#[30]">PIN_INT3_DriverIRQHandler</a> from startup_lpc54114_cm0plus.o(.text) referenced from startup_lpc54114_cm0plus.o(.text)
 <LI><a href="#[d]">PIN_INT3_IRQHandler</a> from startup_lpc54114_cm0plus.o(.text) referenced from startup_lpc54114_cm0plus.o(RESET)
 <LI><a href="#[4]">PendSV_Handler</a> from startup_lpc54114_cm0plus.o(.text) referenced from startup_lpc54114_cm0plus.o(RESET)
 <LI><a href="#[46]">RTC_DriverIRQHandler</a> from startup_lpc54114_cm0plus.o(.text) referenced from startup_lpc54114_cm0plus.o(.text)
 <LI><a href="#[23]">RTC_IRQHandler</a> from startup_lpc54114_cm0plus.o(.text) referenced from startup_lpc54114_cm0plus.o(RESET)
 <LI><a href="#[0]">Reset_Handler</a> from startup_lpc54114_cm0plus.o(.text) referenced from startup_lpc54114_cm0plus.o(RESET)
 <LI><a href="#[35]">SCT0_DriverIRQHandler</a> from startup_lpc54114_cm0plus.o(.text) referenced from startup_lpc54114_cm0plus.o(.text)
 <LI><a href="#[12]">SCT0_IRQHandler</a> from startup_lpc54114_cm0plus.o(.text) referenced from startup_lpc54114_cm0plus.o(RESET)
 <LI><a href="#[3]">SVC_Handler</a> from startup_lpc54114_cm0plus.o(.text) referenced from startup_lpc54114_cm0plus.o(RESET)
 <LI><a href="#[5]">SysTick_Handler</a> from startup_lpc54114_cm0plus.o(.text) referenced from startup_lpc54114_cm0plus.o(RESET)
 <LI><a href="#[27]">SystemInit</a> from system_lpc54114_cm0plus.o(i.SystemInit) referenced from startup_lpc54114_cm0plus.o(.text)
 <LI><a href="#[45]">USB0_DriverIRQHandler</a> from startup_lpc54114_cm0plus.o(.text) referenced from startup_lpc54114_cm0plus.o(.text)
 <LI><a href="#[22]">USB0_IRQHandler</a> from startup_lpc54114_cm0plus.o(.text) referenced from startup_lpc54114_cm0plus.o(RESET)
 <LI><a href="#[44]">USB0_NEEDCLK_DriverIRQHandler</a> from startup_lpc54114_cm0plus.o(.text) referenced from startup_lpc54114_cm0plus.o(.text)
 <LI><a href="#[21]">USB0_NEEDCLK_IRQHandler</a> from startup_lpc54114_cm0plus.o(.text) referenced from startup_lpc54114_cm0plus.o(RESET)
 <LI><a href="#[31]">UTICK0_DriverIRQHandler</a> from startup_lpc54114_cm0plus.o(.text) referenced from startup_lpc54114_cm0plus.o(.text)
 <LI><a href="#[e]">UTICK0_IRQHandler</a> from startup_lpc54114_cm0plus.o(.text) referenced from startup_lpc54114_cm0plus.o(RESET)
 <LI><a href="#[29]">WDT_BOD_DriverIRQHandler</a> from startup_lpc54114_cm0plus.o(.text) referenced from startup_lpc54114_cm0plus.o(.text)
 <LI><a href="#[6]">WDT_BOD_IRQHandler</a> from startup_lpc54114_cm0plus.o(.text) referenced from startup_lpc54114_cm0plus.o(RESET)
 <LI><a href="#[28]">__main</a> from entry.o(.ARM.Collect$$$$00000000) referenced from startup_lpc54114_cm0plus.o(.text)
 <LI><a href="#[26]">main</a> from hello_world_core1.o(i.main) referenced from entry9a.o(.ARM.Collect$$$$0000000B)
 <LI><a href="#[50]">mcmgr_get_core_property_lpc54114</a> from mcmgr_internal_core_api_lpc54114.o(i.mcmgr_get_core_property_lpc54114) referenced 2 times from mcmgr_internal_core_api_lpc54114.o(.constdata)
 <LI><a href="#[51]">mcmgr_get_current_core_lpc54114</a> from mcmgr_internal_core_api_lpc54114.o(i.mcmgr_get_current_core_lpc54114) referenced from mcmgr_internal_core_api_lpc54114.o(.constdata)
 <LI><a href="#[4d]">mcmgr_get_startup_data_lpc54114</a> from mcmgr_internal_core_api_lpc54114.o(i.mcmgr_get_startup_data_lpc54114) referenced 2 times from mcmgr_internal_core_api_lpc54114.o(.constdata)
 <LI><a href="#[4a]">mcmgr_init_lpc54114</a> from mcmgr_internal_core_api_lpc54114.o(i.mcmgr_init_lpc54114) referenced 2 times from mcmgr_internal_core_api_lpc54114.o(.constdata)
 <LI><a href="#[4b]">mcmgr_load_app_lpc54114</a> from mcmgr_internal_core_api_lpc54114.o(i.mcmgr_load_app_lpc54114) referenced 2 times from mcmgr_internal_core_api_lpc54114.o(.constdata)
 <LI><a href="#[4e]">mcmgr_signal_ready_lpc54114</a> from mcmgr_internal_core_api_lpc54114.o(i.mcmgr_signal_ready_lpc54114) referenced 2 times from mcmgr_internal_core_api_lpc54114.o(.constdata)
 <LI><a href="#[4c]">mcmgr_start_core_lpc54114</a> from mcmgr_internal_core_api_lpc54114.o(i.mcmgr_start_core_lpc54114) referenced 2 times from mcmgr_internal_core_api_lpc54114.o(.constdata)
 <LI><a href="#[4f]">mcmgr_stop_core_lpc54114</a> from mcmgr_internal_core_api_lpc54114.o(i.mcmgr_stop_core_lpc54114) referenced 2 times from mcmgr_internal_core_api_lpc54114.o(.constdata)
</UL>
<P>
<H3>
Global Symbols
</H3>
<P><STRONG><a name="[28]"></a>__main</STRONG> (Thumb, 0 bytes, Stack size unknown bytes, entry.o(.ARM.Collect$$$$00000000))
<BR>[Address Reference Count : 1]<UL><LI> startup_lpc54114_cm0plus.o(.text)
</UL>
<P><STRONG><a name="[85]"></a>_main_stk</STRONG> (Thumb, 0 bytes, Stack size unknown bytes, entry4.o(.ARM.Collect$$$$00000003))

<P><STRONG><a name="[52]"></a>_main_scatterload</STRONG> (Thumb, 0 bytes, Stack size unknown bytes, entry5.o(.ARM.Collect$$$$00000004))
<BR><BR>[Calls]<UL><LI><a href="#[53]">&gt;&gt;</a>&nbsp;&nbsp;&nbsp;__scatterload
</UL>

<P><STRONG><a name="[62]"></a>__main_after_scatterload</STRONG> (Thumb, 0 bytes, Stack size unknown bytes, entry5.o(.ARM.Collect$$$$00000004))
<BR><BR>[Called By]<UL><LI><a href="#[53]">&gt;&gt;</a>&nbsp;&nbsp;&nbsp;__scatterload
</UL>

<P><STRONG><a name="[86]"></a>_main_clock</STRONG> (Thumb, 0 bytes, Stack size unknown bytes, entry7b.o(.ARM.Collect$$$$00000008))

<P><STRONG><a name="[87]"></a>_main_cpp_init</STRONG> (Thumb, 0 bytes, Stack size unknown bytes, entry8b.o(.ARM.Collect$$$$0000000A))

<P><STRONG><a name="[88]"></a>_main_init</STRONG> (Thumb, 0 bytes, Stack size unknown bytes, entry9a.o(.ARM.Collect$$$$0000000B))

<P><STRONG><a name="[89]"></a>__rt_final_cpp</STRONG> (Thumb, 0 bytes, Stack size unknown bytes, entry10a.o(.ARM.Collect$$$$0000000D))

<P><STRONG><a name="[8a]"></a>__rt_final_exit</STRONG> (Thumb, 0 bytes, Stack size unknown bytes, entry11a.o(.ARM.Collect$$$$0000000F))

<P><STRONG><a name="[0]"></a>Reset_Handler</STRONG> (Thumb, 8 bytes, Stack size 0 bytes, startup_lpc54114_cm0plus.o(.text))
<BR>[Address Reference Count : 1]<UL><LI> startup_lpc54114_cm0plus.o(RESET)
</UL>
<P><STRONG><a name="[1]"></a>NMI_Handler</STRONG> (Thumb, 2 bytes, Stack size 0 bytes, startup_lpc54114_cm0plus.o(.text))
<BR><BR>[Calls]<UL><LI><a href="#[1]">&gt;&gt;</a>&nbsp;&nbsp;&nbsp;NMI_Handler
</UL>
<BR>[Called By]<UL><LI><a href="#[1]">&gt;&gt;</a>&nbsp;&nbsp;&nbsp;NMI_Handler
</UL>
<BR>[Address Reference Count : 1]<UL><LI> startup_lpc54114_cm0plus.o(RESET)
</UL>
<P><STRONG><a name="[2]"></a>HardFault_Handler</STRONG> (Thumb, 2 bytes, Stack size 0 bytes, startup_lpc54114_cm0plus.o(.text))
<BR><BR>[Calls]<UL><LI><a href="#[2]">&gt;&gt;</a>&nbsp;&nbsp;&nbsp;HardFault_Handler
</UL>
<BR>[Called By]<UL><LI><a href="#[2]">&gt;&gt;</a>&nbsp;&nbsp;&nbsp;HardFault_Handler
</UL>
<BR>[Address Reference Count : 1]<UL><LI> startup_lpc54114_cm0plus.o(RESET)
</UL>
<P><STRONG><a name="[3]"></a>SVC_Handler</STRONG> (Thumb, 2 bytes, Stack size 0 bytes, startup_lpc54114_cm0plus.o(.text))
<BR><BR>[Calls]<UL><LI><a href="#[3]">&gt;&gt;</a>&nbsp;&nbsp;&nbsp;SVC_Handler
</UL>
<BR>[Called By]<UL><LI><a href="#[3]">&gt;&gt;</a>&nbsp;&nbsp;&nbsp;SVC_Handler
</UL>
<BR>[Address Reference Count : 1]<UL><LI> startup_lpc54114_cm0plus.o(RESET)
</UL>
<P><STRONG><a name="[4]"></a>PendSV_Handler</STRONG> (Thumb, 2 bytes, Stack size 0 bytes, startup_lpc54114_cm0plus.o(.text))
<BR><BR>[Calls]<UL><LI><a href="#[4]">&gt;&gt;</a>&nbsp;&nbsp;&nbsp;PendSV_Handler
</UL>
<BR>[Called By]<UL><LI><a href="#[4]">&gt;&gt;</a>&nbsp;&nbsp;&nbsp;PendSV_Handler
</UL>
<BR>[Address Reference Count : 1]<UL><LI> startup_lpc54114_cm0plus.o(RESET)
</UL>
<P><STRONG><a name="[5]"></a>SysTick_Handler</STRONG> (Thumb, 2 bytes, Stack size 0 bytes, startup_lpc54114_cm0plus.o(.text))
<BR><BR>[Calls]<UL><LI><a href="#[5]">&gt;&gt;</a>&nbsp;&nbsp;&nbsp;SysTick_Handler
</UL>
<BR>[Called By]<UL><LI><a href="#[5]">&gt;&gt;</a>&nbsp;&nbsp;&nbsp;SysTick_Handler
</UL>
<BR>[Address Reference Count : 1]<UL><LI> startup_lpc54114_cm0plus.o(RESET)
</UL>
<P><STRONG><a name="[6]"></a>WDT_BOD_IRQHandler</STRONG> (Thumb, 4 bytes, Stack size 0 bytes, startup_lpc54114_cm0plus.o(.text))
<BR>[Address Reference Count : 1]<UL><LI> startup_lpc54114_cm0plus.o(RESET)
</UL>
<P><STRONG><a name="[7]"></a>DMA0_IRQHandler</STRONG> (Thumb, 4 bytes, Stack size 0 bytes, startup_lpc54114_cm0plus.o(.text))
<BR>[Address Reference Count : 1]<UL><LI> startup_lpc54114_cm0plus.o(RESET)
</UL>
<P><STRONG><a name="[8]"></a>GINT0_IRQHandler</STRONG> (Thumb, 4 bytes, Stack size 0 bytes, startup_lpc54114_cm0plus.o(.text))
<BR>[Address Reference Count : 1]<UL><LI> startup_lpc54114_cm0plus.o(RESET)
</UL>
<P><STRONG><a name="[9]"></a>GINT1_IRQHandler</STRONG> (Thumb, 4 bytes, Stack size 0 bytes, startup_lpc54114_cm0plus.o(.text))
<BR>[Address Reference Count : 1]<UL><LI> startup_lpc54114_cm0plus.o(RESET)
</UL>
<P><STRONG><a name="[a]"></a>PIN_INT0_IRQHandler</STRONG> (Thumb, 4 bytes, Stack size 0 bytes, startup_lpc54114_cm0plus.o(.text))
<BR>[Address Reference Count : 1]<UL><LI> startup_lpc54114_cm0plus.o(RESET)
</UL>
<P><STRONG><a name="[b]"></a>PIN_INT1_IRQHandler</STRONG> (Thumb, 4 bytes, Stack size 0 bytes, startup_lpc54114_cm0plus.o(.text))
<BR>[Address Reference Count : 1]<UL><LI> startup_lpc54114_cm0plus.o(RESET)
</UL>
<P><STRONG><a name="[c]"></a>PIN_INT2_IRQHandler</STRONG> (Thumb, 4 bytes, Stack size 0 bytes, startup_lpc54114_cm0plus.o(.text))
<BR>[Address Reference Count : 1]<UL><LI> startup_lpc54114_cm0plus.o(RESET)
</UL>
<P><STRONG><a name="[d]"></a>PIN_INT3_IRQHandler</STRONG> (Thumb, 4 bytes, Stack size 0 bytes, startup_lpc54114_cm0plus.o(.text))
<BR>[Address Reference Count : 1]<UL><LI> startup_lpc54114_cm0plus.o(RESET)
</UL>
<P><STRONG><a name="[e]"></a>UTICK0_IRQHandler</STRONG> (Thumb, 4 bytes, Stack size 0 bytes, startup_lpc54114_cm0plus.o(.text))
<BR>[Address Reference Count : 1]<UL><LI> startup_lpc54114_cm0plus.o(RESET)
</UL>
<P><STRONG><a name="[f]"></a>MRT0_IRQHandler</STRONG> (Thumb, 4 bytes, Stack size 0 bytes, startup_lpc54114_cm0plus.o(.text))
<BR>[Address Reference Count : 1]<UL><LI> startup_lpc54114_cm0plus.o(RESET)
</UL>
<P><STRONG><a name="[10]"></a>CTIMER0_IRQHandler</STRONG> (Thumb, 4 bytes, Stack size 0 bytes, startup_lpc54114_cm0plus.o(.text))
<BR>[Address Reference Count : 1]<UL><LI> startup_lpc54114_cm0plus.o(RESET)
</UL>
<P><STRONG><a name="[11]"></a>CTIMER1_IRQHandler</STRONG> (Thumb, 4 bytes, Stack size 0 bytes, startup_lpc54114_cm0plus.o(.text))
<BR>[Address Reference Count : 1]<UL><LI> startup_lpc54114_cm0plus.o(RESET)
</UL>
<P><STRONG><a name="[12]"></a>SCT0_IRQHandler</STRONG> (Thumb, 4 bytes, Stack size 0 bytes, startup_lpc54114_cm0plus.o(.text))
<BR>[Address Reference Count : 1]<UL><LI> startup_lpc54114_cm0plus.o(RESET)
</UL>
<P><STRONG><a name="[13]"></a>CTIMER3_IRQHandler</STRONG> (Thumb, 4 bytes, Stack size 0 bytes, startup_lpc54114_cm0plus.o(.text))
<BR>[Address Reference Count : 1]<UL><LI> startup_lpc54114_cm0plus.o(RESET)
</UL>
<P><STRONG><a name="[14]"></a>FLEXCOMM0_IRQHandler</STRONG> (Thumb, 4 bytes, Stack size 0 bytes, startup_lpc54114_cm0plus.o(.text))
<BR>[Address Reference Count : 1]<UL><LI> startup_lpc54114_cm0plus.o(RESET)
</UL>
<P><STRONG><a name="[15]"></a>FLEXCOMM1_IRQHandler</STRONG> (Thumb, 4 bytes, Stack size 0 bytes, startup_lpc54114_cm0plus.o(.text))
<BR>[Address Reference Count : 1]<UL><LI> startup_lpc54114_cm0plus.o(RESET)
</UL>
<P><STRONG><a name="[16]"></a>FLEXCOMM2_IRQHandler</STRONG> (Thumb, 4 bytes, Stack size 0 bytes, startup_lpc54114_cm0plus.o(.text))
<BR>[Address Reference Count : 1]<UL><LI> startup_lpc54114_cm0plus.o(RESET)
</UL>
<P><STRONG><a name="[17]"></a>FLEXCOMM3_IRQHandler</STRONG> (Thumb, 4 bytes, Stack size 0 bytes, startup_lpc54114_cm0plus.o(.text))
<BR>[Address Reference Count : 1]<UL><LI> startup_lpc54114_cm0plus.o(RESET)
</UL>
<P><STRONG><a name="[18]"></a>FLEXCOMM4_IRQHandler</STRONG> (Thumb, 4 bytes, Stack size 0 bytes, startup_lpc54114_cm0plus.o(.text))
<BR>[Address Reference Count : 1]<UL><LI> startup_lpc54114_cm0plus.o(RESET)
</UL>
<P><STRONG><a name="[19]"></a>FLEXCOMM5_IRQHandler</STRONG> (Thumb, 4 bytes, Stack size 0 bytes, startup_lpc54114_cm0plus.o(.text))
<BR>[Address Reference Count : 1]<UL><LI> startup_lpc54114_cm0plus.o(RESET)
</UL>
<P><STRONG><a name="[1a]"></a>FLEXCOMM6_IRQHandler</STRONG> (Thumb, 4 bytes, Stack size 0 bytes, startup_lpc54114_cm0plus.o(.text))
<BR>[Address Reference Count : 1]<UL><LI> startup_lpc54114_cm0plus.o(RESET)
</UL>
<P><STRONG><a name="[1b]"></a>FLEXCOMM7_IRQHandler</STRONG> (Thumb, 4 bytes, Stack size 0 bytes, startup_lpc54114_cm0plus.o(.text))
<BR>[Address Reference Count : 1]<UL><LI> startup_lpc54114_cm0plus.o(RESET)
</UL>
<P><STRONG><a name="[1c]"></a>ADC0_SEQA_IRQHandler</STRONG> (Thumb, 4 bytes, Stack size 0 bytes, startup_lpc54114_cm0plus.o(.text))
<BR>[Address Reference Count : 1]<UL><LI> startup_lpc54114_cm0plus.o(RESET)
</UL>
<P><STRONG><a name="[1d]"></a>ADC0_SEQB_IRQHandler</STRONG> (Thumb, 4 bytes, Stack size 0 bytes, startup_lpc54114_cm0plus.o(.text))
<BR>[Address Reference Count : 1]<UL><LI> startup_lpc54114_cm0plus.o(RESET)
</UL>
<P><STRONG><a name="[1e]"></a>ADC0_THCMP_IRQHandler</STRONG> (Thumb, 4 bytes, Stack size 0 bytes, startup_lpc54114_cm0plus.o(.text))
<BR>[Address Reference Count : 1]<UL><LI> startup_lpc54114_cm0plus.o(RESET)
</UL>
<P><STRONG><a name="[1f]"></a>DMIC0_IRQHandler</STRONG> (Thumb, 4 bytes, Stack size 0 bytes, startup_lpc54114_cm0plus.o(.text))
<BR>[Address Reference Count : 1]<UL><LI> startup_lpc54114_cm0plus.o(RESET)
</UL>
<P><STRONG><a name="[20]"></a>HWVAD0_IRQHandler</STRONG> (Thumb, 4 bytes, Stack size 0 bytes, startup_lpc54114_cm0plus.o(.text))
<BR>[Address Reference Count : 1]<UL><LI> startup_lpc54114_cm0plus.o(RESET)
</UL>
<P><STRONG><a name="[21]"></a>USB0_NEEDCLK_IRQHandler</STRONG> (Thumb, 4 bytes, Stack size 0 bytes, startup_lpc54114_cm0plus.o(.text))
<BR>[Address Reference Count : 1]<UL><LI> startup_lpc54114_cm0plus.o(RESET)
</UL>
<P><STRONG><a name="[22]"></a>USB0_IRQHandler</STRONG> (Thumb, 4 bytes, Stack size 0 bytes, startup_lpc54114_cm0plus.o(.text))
<BR>[Address Reference Count : 1]<UL><LI> startup_lpc54114_cm0plus.o(RESET)
</UL>
<P><STRONG><a name="[23]"></a>RTC_IRQHandler</STRONG> (Thumb, 4 bytes, Stack size 0 bytes, startup_lpc54114_cm0plus.o(.text))
<BR>[Address Reference Count : 1]<UL><LI> startup_lpc54114_cm0plus.o(RESET)
</UL>
<P><STRONG><a name="[24]"></a>IOH_IRQHandler</STRONG> (Thumb, 4 bytes, Stack size 0 bytes, startup_lpc54114_cm0plus.o(.text))
<BR>[Address Reference Count : 1]<UL><LI> startup_lpc54114_cm0plus.o(RESET)
</UL>
<P><STRONG><a name="[3f]"></a>ADC0_SEQA_DriverIRQHandler</STRONG> (Thumb, 0 bytes, Stack size 0 bytes, startup_lpc54114_cm0plus.o(.text))
<BR><BR>[Calls]<UL><LI><a href="#[3f]">&gt;&gt;</a>&nbsp;&nbsp;&nbsp;ADC0_SEQA_DriverIRQHandler
</UL>
<BR>[Called By]<UL><LI><a href="#[3f]">&gt;&gt;</a>&nbsp;&nbsp;&nbsp;ADC0_SEQA_DriverIRQHandler
</UL>
<BR>[Address Reference Count : 1]<UL><LI> startup_lpc54114_cm0plus.o(.text)
</UL>
<P><STRONG><a name="[40]"></a>ADC0_SEQB_DriverIRQHandler</STRONG> (Thumb, 0 bytes, Stack size 0 bytes, startup_lpc54114_cm0plus.o(.text))
<BR>[Address Reference Count : 1]<UL><LI> startup_lpc54114_cm0plus.o(.text)
</UL>
<P><STRONG><a name="[41]"></a>ADC0_THCMP_DriverIRQHandler</STRONG> (Thumb, 0 bytes, Stack size 0 bytes, startup_lpc54114_cm0plus.o(.text))
<BR>[Address Reference Count : 1]<UL><LI> startup_lpc54114_cm0plus.o(.text)
</UL>
<P><STRONG><a name="[33]"></a>CTIMER0_DriverIRQHandler</STRONG> (Thumb, 0 bytes, Stack size 0 bytes, startup_lpc54114_cm0plus.o(.text))
<BR>[Address Reference Count : 1]<UL><LI> startup_lpc54114_cm0plus.o(.text)
</UL>
<P><STRONG><a name="[34]"></a>CTIMER1_DriverIRQHandler</STRONG> (Thumb, 0 bytes, Stack size 0 bytes, startup_lpc54114_cm0plus.o(.text))
<BR>[Address Reference Count : 1]<UL><LI> startup_lpc54114_cm0plus.o(.text)
</UL>
<P><STRONG><a name="[36]"></a>CTIMER3_DriverIRQHandler</STRONG> (Thumb, 0 bytes, Stack size 0 bytes, startup_lpc54114_cm0plus.o(.text))
<BR>[Address Reference Count : 1]<UL><LI> startup_lpc54114_cm0plus.o(.text)
</UL>
<P><STRONG><a name="[2a]"></a>DMA0_DriverIRQHandler</STRONG> (Thumb, 0 bytes, Stack size 0 bytes, startup_lpc54114_cm0plus.o(.text))
<BR>[Address Reference Count : 1]<UL><LI> startup_lpc54114_cm0plus.o(.text)
</UL>
<P><STRONG><a name="[42]"></a>DMIC0_DriverIRQHandler</STRONG> (Thumb, 0 bytes, Stack size 0 bytes, startup_lpc54114_cm0plus.o(.text))
<BR>[Address Reference Count : 1]<UL><LI> startup_lpc54114_cm0plus.o(.text)
</UL>
<P><STRONG><a name="[2b]"></a>GINT0_DriverIRQHandler</STRONG> (Thumb, 0 bytes, Stack size 0 bytes, startup_lpc54114_cm0plus.o(.text))
<BR>[Address Reference Count : 1]<UL><LI> startup_lpc54114_cm0plus.o(.text)
</UL>
<P><STRONG><a name="[2c]"></a>GINT1_DriverIRQHandler</STRONG> (Thumb, 0 bytes, Stack size 0 bytes, startup_lpc54114_cm0plus.o(.text))
<BR>[Address Reference Count : 1]<UL><LI> startup_lpc54114_cm0plus.o(.text)
</UL>
<P><STRONG><a name="[43]"></a>HWVAD0_DriverIRQHandler</STRONG> (Thumb, 0 bytes, Stack size 0 bytes, startup_lpc54114_cm0plus.o(.text))
<BR>[Address Reference Count : 1]<UL><LI> startup_lpc54114_cm0plus.o(.text)
</UL>
<P><STRONG><a name="[47]"></a>IOH_DriverIRQHandler</STRONG> (Thumb, 0 bytes, Stack size 0 bytes, startup_lpc54114_cm0plus.o(.text))
<BR>[Address Reference Count : 1]<UL><LI> startup_lpc54114_cm0plus.o(.text)
</UL>
<P><STRONG><a name="[48]"></a>MAILBOX_DriverIRQHandler</STRONG> (Thumb, 0 bytes, Stack size 0 bytes, startup_lpc54114_cm0plus.o(.text))
<BR>[Address Reference Count : 1]<UL><LI> startup_lpc54114_cm0plus.o(.text)
</UL>
<P><STRONG><a name="[32]"></a>MRT0_DriverIRQHandler</STRONG> (Thumb, 0 bytes, Stack size 0 bytes, startup_lpc54114_cm0plus.o(.text))
<BR>[Address Reference Count : 1]<UL><LI> startup_lpc54114_cm0plus.o(.text)
</UL>
<P><STRONG><a name="[2d]"></a>PIN_INT0_DriverIRQHandler</STRONG> (Thumb, 0 bytes, Stack size 0 bytes, startup_lpc54114_cm0plus.o(.text))
<BR>[Address Reference Count : 1]<UL><LI> startup_lpc54114_cm0plus.o(.text)
</UL>
<P><STRONG><a name="[2e]"></a>PIN_INT1_DriverIRQHandler</STRONG> (Thumb, 0 bytes, Stack size 0 bytes, startup_lpc54114_cm0plus.o(.text))
<BR>[Address Reference Count : 1]<UL><LI> startup_lpc54114_cm0plus.o(.text)
</UL>
<P><STRONG><a name="[2f]"></a>PIN_INT2_DriverIRQHandler</STRONG> (Thumb, 0 bytes, Stack size 0 bytes, startup_lpc54114_cm0plus.o(.text))
<BR>[Address Reference Count : 1]<UL><LI> startup_lpc54114_cm0plus.o(.text)
</UL>
<P><STRONG><a name="[30]"></a>PIN_INT3_DriverIRQHandler</STRONG> (Thumb, 0 bytes, Stack size 0 bytes, startup_lpc54114_cm0plus.o(.text))
<BR>[Address Reference Count : 1]<UL><LI> startup_lpc54114_cm0plus.o(.text)
</UL>
<P><STRONG><a name="[46]"></a>RTC_DriverIRQHandler</STRONG> (Thumb, 0 bytes, Stack size 0 bytes, startup_lpc54114_cm0plus.o(.text))
<BR>[Address Reference Count : 1]<UL><LI> startup_lpc54114_cm0plus.o(.text)
</UL>
<P><STRONG><a name="[35]"></a>SCT0_DriverIRQHandler</STRONG> (Thumb, 0 bytes, Stack size 0 bytes, startup_lpc54114_cm0plus.o(.text))
<BR>[Address Reference Count : 1]<UL><LI> startup_lpc54114_cm0plus.o(.text)
</UL>
<P><STRONG><a name="[45]"></a>USB0_DriverIRQHandler</STRONG> (Thumb, 0 bytes, Stack size 0 bytes, startup_lpc54114_cm0plus.o(.text))
<BR>[Address Reference Count : 1]<UL><LI> startup_lpc54114_cm0plus.o(.text)
</UL>
<P><STRONG><a name="[44]"></a>USB0_NEEDCLK_DriverIRQHandler</STRONG> (Thumb, 0 bytes, Stack size 0 bytes, startup_lpc54114_cm0plus.o(.text))
<BR>[Address Reference Count : 1]<UL><LI> startup_lpc54114_cm0plus.o(.text)
</UL>
<P><STRONG><a name="[31]"></a>UTICK0_DriverIRQHandler</STRONG> (Thumb, 0 bytes, Stack size 0 bytes, startup_lpc54114_cm0plus.o(.text))
<BR>[Address Reference Count : 1]<UL><LI> startup_lpc54114_cm0plus.o(.text)
</UL>
<P><STRONG><a name="[29]"></a>WDT_BOD_DriverIRQHandler</STRONG> (Thumb, 0 bytes, Stack size 0 bytes, startup_lpc54114_cm0plus.o(.text))
<BR>[Address Reference Count : 1]<UL><LI> startup_lpc54114_cm0plus.o(.text)
</UL>
<P><STRONG><a name="[8b]"></a>__aeabi_uidiv</STRONG> (Thumb, 0 bytes, Stack size 12 bytes, uidiv.o(.text), UNUSED)

<P><STRONG><a name="[55]"></a>__aeabi_uidivmod</STRONG> (Thumb, 44 bytes, Stack size 12 bytes, uidiv.o(.text))
<BR><BR>[Stack]<UL><LI>Max Depth = 12<LI>Call Chain = __aeabi_uidivmod
</UL>
<BR>[Called By]<UL><LI><a href="#[63]">&gt;&gt;</a>&nbsp;&nbsp;&nbsp;DbgConsole_ConvertRadixNumToString
<LI><a href="#[6f]">&gt;&gt;</a>&nbsp;&nbsp;&nbsp;I2C_MasterSetBaudRate
<LI><a href="#[54]">&gt;&gt;</a>&nbsp;&nbsp;&nbsp;__aeabi_idivmod
</UL>

<P><STRONG><a name="[8c]"></a>__aeabi_idiv</STRONG> (Thumb, 0 bytes, Stack size 16 bytes, idiv.o(.text), UNUSED)

<P><STRONG><a name="[54]"></a>__aeabi_idivmod</STRONG> (Thumb, 40 bytes, Stack size 16 bytes, idiv.o(.text))
<BR><BR>[Stack]<UL><LI>Max Depth = 28<LI>Call Chain = __aeabi_idivmod &rArr; __aeabi_uidivmod
</UL>
<BR>[Calls]<UL><LI><a href="#[55]">&gt;&gt;</a>&nbsp;&nbsp;&nbsp;__aeabi_uidivmod
</UL>
<BR>[Called By]<UL><LI><a href="#[63]">&gt;&gt;</a>&nbsp;&nbsp;&nbsp;DbgConsole_ConvertRadixNumToString
</UL>

<P><STRONG><a name="[67]"></a>strlen</STRONG> (Thumb, 14 bytes, Stack size 0 bytes, strlen.o(.text))
<BR><BR>[Called By]<UL><LI><a href="#[65]">&gt;&gt;</a>&nbsp;&nbsp;&nbsp;DbgConsole_PrintfFormattedData
</UL>

<P><STRONG><a name="[56]"></a>__aeabi_dadd</STRONG> (Thumb, 328 bytes, Stack size 48 bytes, dadd.o(.text))
<BR><BR>[Stack]<UL><LI>Max Depth = 104<LI>Call Chain = __aeabi_dadd &rArr; _double_epilogue &rArr; __aeabi_llsr
</UL>
<BR>[Calls]<UL><LI><a href="#[58]">&gt;&gt;</a>&nbsp;&nbsp;&nbsp;__aeabi_lasr
<LI><a href="#[57]">&gt;&gt;</a>&nbsp;&nbsp;&nbsp;__aeabi_llsl
<LI><a href="#[5a]">&gt;&gt;</a>&nbsp;&nbsp;&nbsp;_double_round
<LI><a href="#[59]">&gt;&gt;</a>&nbsp;&nbsp;&nbsp;_double_epilogue
</UL>
<BR>[Called By]<UL><LI><a href="#[5b]">&gt;&gt;</a>&nbsp;&nbsp;&nbsp;__aeabi_dsub
<LI><a href="#[5c]">&gt;&gt;</a>&nbsp;&nbsp;&nbsp;__aeabi_drsub
</UL>

<P><STRONG><a name="[5b]"></a>__aeabi_dsub</STRONG> (Thumb, 12 bytes, Stack size 8 bytes, dadd.o(.text))
<BR><BR>[Stack]<UL><LI>Max Depth = 112<LI>Call Chain = __aeabi_dsub &rArr; __aeabi_dadd &rArr; _double_epilogue &rArr; __aeabi_llsr
</UL>
<BR>[Calls]<UL><LI><a href="#[56]">&gt;&gt;</a>&nbsp;&nbsp;&nbsp;__aeabi_dadd
</UL>
<BR>[Called By]<UL><LI><a href="#[80]">&gt;&gt;</a>&nbsp;&nbsp;&nbsp;si7020Measure
</UL>

<P><STRONG><a name="[5c]"></a>__aeabi_drsub</STRONG> (Thumb, 12 bytes, Stack size 8 bytes, dadd.o(.text), UNUSED)
<BR><BR>[Calls]<UL><LI><a href="#[56]">&gt;&gt;</a>&nbsp;&nbsp;&nbsp;__aeabi_dadd
</UL>

<P><STRONG><a name="[5d]"></a>__aeabi_dmul</STRONG> (Thumb, 202 bytes, Stack size 72 bytes, dmul.o(.text))
<BR><BR>[Stack]<UL><LI>Max Depth = 128<LI>Call Chain = __aeabi_dmul &rArr; _double_epilogue &rArr; __aeabi_llsr
</UL>
<BR>[Calls]<UL><LI><a href="#[59]">&gt;&gt;</a>&nbsp;&nbsp;&nbsp;_double_epilogue
</UL>
<BR>[Called By]<UL><LI><a href="#[80]">&gt;&gt;</a>&nbsp;&nbsp;&nbsp;si7020Measure
</UL>

<P><STRONG><a name="[5e]"></a>__aeabi_ddiv</STRONG> (Thumb, 234 bytes, Stack size 40 bytes, ddiv.o(.text))
<BR><BR>[Stack]<UL><LI>Max Depth = 48<LI>Call Chain = __aeabi_ddiv &rArr; _double_round
</UL>
<BR>[Calls]<UL><LI><a href="#[5a]">&gt;&gt;</a>&nbsp;&nbsp;&nbsp;_double_round
</UL>
<BR>[Called By]<UL><LI><a href="#[80]">&gt;&gt;</a>&nbsp;&nbsp;&nbsp;si7020Measure
</UL>

<P><STRONG><a name="[5f]"></a>__aeabi_ui2d</STRONG> (Thumb, 24 bytes, Stack size 16 bytes, dfltui.o(.text))
<BR><BR>[Stack]<UL><LI>Max Depth = 72<LI>Call Chain = __aeabi_ui2d &rArr; _double_epilogue &rArr; __aeabi_llsr
</UL>
<BR>[Calls]<UL><LI><a href="#[59]">&gt;&gt;</a>&nbsp;&nbsp;&nbsp;_double_epilogue
</UL>
<BR>[Called By]<UL><LI><a href="#[80]">&gt;&gt;</a>&nbsp;&nbsp;&nbsp;si7020Measure
</UL>

<P><STRONG><a name="[57]"></a>__aeabi_llsl</STRONG> (Thumb, 32 bytes, Stack size 8 bytes, llshl.o(.text))
<BR><BR>[Stack]<UL><LI>Max Depth = 8<LI>Call Chain = __aeabi_llsl
</UL>
<BR>[Called By]<UL><LI><a href="#[59]">&gt;&gt;</a>&nbsp;&nbsp;&nbsp;_double_epilogue
<LI><a href="#[56]">&gt;&gt;</a>&nbsp;&nbsp;&nbsp;__aeabi_dadd
</UL>

<P><STRONG><a name="[8d]"></a>_ll_shift_l</STRONG> (Thumb, 0 bytes, Stack size 8 bytes, llshl.o(.text), UNUSED)

<P><STRONG><a name="[61]"></a>__aeabi_llsr</STRONG> (Thumb, 34 bytes, Stack size 8 bytes, llushr.o(.text))
<BR><BR>[Stack]<UL><LI>Max Depth = 8<LI>Call Chain = __aeabi_llsr
</UL>
<BR>[Called By]<UL><LI><a href="#[59]">&gt;&gt;</a>&nbsp;&nbsp;&nbsp;_double_epilogue
</UL>

<P><STRONG><a name="[8e]"></a>_ll_ushift_r</STRONG> (Thumb, 0 bytes, Stack size 8 bytes, llushr.o(.text), UNUSED)

<P><STRONG><a name="[58]"></a>__aeabi_lasr</STRONG> (Thumb, 38 bytes, Stack size 8 bytes, llsshr.o(.text))
<BR><BR>[Stack]<UL><LI>Max Depth = 8<LI>Call Chain = __aeabi_lasr
</UL>
<BR>[Called By]<UL><LI><a href="#[56]">&gt;&gt;</a>&nbsp;&nbsp;&nbsp;__aeabi_dadd
</UL>

<P><STRONG><a name="[8f]"></a>_ll_sshift_r</STRONG> (Thumb, 0 bytes, Stack size 8 bytes, llsshr.o(.text), UNUSED)

<P><STRONG><a name="[90]"></a>__I$use$fp</STRONG> (Thumb, 0 bytes, Stack size 8 bytes, iusefp.o(.text), UNUSED)

<P><STRONG><a name="[5a]"></a>_double_round</STRONG> (Thumb, 26 bytes, Stack size 8 bytes, depilogue.o(.text))
<BR><BR>[Stack]<UL><LI>Max Depth = 8<LI>Call Chain = _double_round
</UL>
<BR>[Called By]<UL><LI><a href="#[5e]">&gt;&gt;</a>&nbsp;&nbsp;&nbsp;__aeabi_ddiv
<LI><a href="#[59]">&gt;&gt;</a>&nbsp;&nbsp;&nbsp;_double_epilogue
<LI><a href="#[56]">&gt;&gt;</a>&nbsp;&nbsp;&nbsp;__aeabi_dadd
</UL>

<P><STRONG><a name="[59]"></a>_double_epilogue</STRONG> (Thumb, 164 bytes, Stack size 48 bytes, depilogue.o(.text))
<BR><BR>[Stack]<UL><LI>Max Depth = 56<LI>Call Chain = _double_epilogue &rArr; __aeabi_llsr
</UL>
<BR>[Calls]<UL><LI><a href="#[60]">&gt;&gt;</a>&nbsp;&nbsp;&nbsp;__ARM_clz
<LI><a href="#[61]">&gt;&gt;</a>&nbsp;&nbsp;&nbsp;__aeabi_llsr
<LI><a href="#[57]">&gt;&gt;</a>&nbsp;&nbsp;&nbsp;__aeabi_llsl
<LI><a href="#[5a]">&gt;&gt;</a>&nbsp;&nbsp;&nbsp;_double_round
</UL>
<BR>[Called By]<UL><LI><a href="#[5f]">&gt;&gt;</a>&nbsp;&nbsp;&nbsp;__aeabi_ui2d
<LI><a href="#[5d]">&gt;&gt;</a>&nbsp;&nbsp;&nbsp;__aeabi_dmul
<LI><a href="#[56]">&gt;&gt;</a>&nbsp;&nbsp;&nbsp;__aeabi_dadd
</UL>

<P><STRONG><a name="[53]"></a>__scatterload</STRONG> (Thumb, 28 bytes, Stack size 0 bytes, init.o(.text))
<BR><BR>[Calls]<UL><LI><a href="#[62]">&gt;&gt;</a>&nbsp;&nbsp;&nbsp;__main_after_scatterload
</UL>
<BR>[Called By]<UL><LI><a href="#[52]">&gt;&gt;</a>&nbsp;&nbsp;&nbsp;_main_scatterload
</UL>

<P><STRONG><a name="[91]"></a>__scatterload_rt2</STRONG> (Thumb, 0 bytes, Stack size 0 bytes, init.o(.text), UNUSED)

<P><STRONG><a name="[83]"></a>CLOCK_AttachClk</STRONG> (Thumb, 68 bytes, Stack size 20 bytes, fsl_clock.o(i.CLOCK_AttachClk))
<BR><BR>[Stack]<UL><LI>Max Depth = 20<LI>Call Chain = CLOCK_AttachClk
</UL>
<BR>[Called By]<UL><LI><a href="#[7f]">&gt;&gt;</a>&nbsp;&nbsp;&nbsp;si70xxInit
</UL>

<P><STRONG><a name="[64]"></a>DbgConsole_Printf</STRONG> (Thumb, 46 bytes, Stack size 32 bytes, fsl_debug_console.o(i.DbgConsole_Printf))
<BR><BR>[Stack]<UL><LI>Max Depth = 236<LI>Call Chain = DbgConsole_Printf &rArr; DbgConsole_PrintfFormattedData &rArr; DbgConsole_ConvertRadixNumToString &rArr; __aeabi_idivmod &rArr; __aeabi_uidivmod
</UL>
<BR>[Calls]<UL><LI><a href="#[65]">&gt;&gt;</a>&nbsp;&nbsp;&nbsp;DbgConsole_PrintfFormattedData
</UL>
<BR>[Called By]<UL><LI><a href="#[68]">&gt;&gt;</a>&nbsp;&nbsp;&nbsp;__aeabi_assert
</UL>

<P><STRONG><a name="[49]"></a>DbgConsole_Putchar</STRONG> (Thumb, 30 bytes, Stack size 8 bytes, fsl_debug_console.o(i.DbgConsole_Putchar))
<BR><BR>[Stack]<UL><LI>Max Depth = 8<LI>Call Chain = DbgConsole_Putchar
</UL>
<BR>[Address Reference Count : 1]<UL><LI> fsl_debug_console.o(i.DbgConsole_Printf)
</UL>
<P><STRONG><a name="[37]"></a>FLEXCOMM0_DriverIRQHandler</STRONG> (Thumb, 38 bytes, Stack size 8 bytes, fsl_flexcomm.o(i.FLEXCOMM0_DriverIRQHandler))
<BR><BR>[Stack]<UL><LI>Max Depth = 244<LI>Call Chain = FLEXCOMM0_DriverIRQHandler &rArr; __aeabi_assert &rArr; DbgConsole_Printf &rArr; DbgConsole_PrintfFormattedData &rArr; DbgConsole_ConvertRadixNumToString &rArr; __aeabi_idivmod &rArr; __aeabi_uidivmod
</UL>
<BR>[Calls]<UL><LI><a href="#[68]">&gt;&gt;</a>&nbsp;&nbsp;&nbsp;__aeabi_assert
</UL>
<BR>[Address Reference Count : 1]<UL><LI> startup_lpc54114_cm0plus.o(.text)
</UL>
<P><STRONG><a name="[38]"></a>FLEXCOMM1_DriverIRQHandler</STRONG> (Thumb, 38 bytes, Stack size 8 bytes, fsl_flexcomm.o(i.FLEXCOMM1_DriverIRQHandler))
<BR><BR>[Stack]<UL><LI>Max Depth = 244<LI>Call Chain = FLEXCOMM1_DriverIRQHandler &rArr; __aeabi_assert &rArr; DbgConsole_Printf &rArr; DbgConsole_PrintfFormattedData &rArr; DbgConsole_ConvertRadixNumToString &rArr; __aeabi_idivmod &rArr; __aeabi_uidivmod
</UL>
<BR>[Calls]<UL><LI><a href="#[68]">&gt;&gt;</a>&nbsp;&nbsp;&nbsp;__aeabi_assert
</UL>
<BR>[Address Reference Count : 1]<UL><LI> startup_lpc54114_cm0plus.o(.text)
</UL>
<P><STRONG><a name="[39]"></a>FLEXCOMM2_DriverIRQHandler</STRONG> (Thumb, 38 bytes, Stack size 8 bytes, fsl_flexcomm.o(i.FLEXCOMM2_DriverIRQHandler))
<BR><BR>[Stack]<UL><LI>Max Depth = 244<LI>Call Chain = FLEXCOMM2_DriverIRQHandler &rArr; __aeabi_assert &rArr; DbgConsole_Printf &rArr; DbgConsole_PrintfFormattedData &rArr; DbgConsole_ConvertRadixNumToString &rArr; __aeabi_idivmod &rArr; __aeabi_uidivmod
</UL>
<BR>[Calls]<UL><LI><a href="#[68]">&gt;&gt;</a>&nbsp;&nbsp;&nbsp;__aeabi_assert
</UL>
<BR>[Address Reference Count : 1]<UL><LI> startup_lpc54114_cm0plus.o(.text)
</UL>
<P><STRONG><a name="[3a]"></a>FLEXCOMM3_DriverIRQHandler</STRONG> (Thumb, 38 bytes, Stack size 8 bytes, fsl_flexcomm.o(i.FLEXCOMM3_DriverIRQHandler))
<BR><BR>[Stack]<UL><LI>Max Depth = 244<LI>Call Chain = FLEXCOMM3_DriverIRQHandler &rArr; __aeabi_assert &rArr; DbgConsole_Printf &rArr; DbgConsole_PrintfFormattedData &rArr; DbgConsole_ConvertRadixNumToString &rArr; __aeabi_idivmod &rArr; __aeabi_uidivmod
</UL>
<BR>[Calls]<UL><LI><a href="#[68]">&gt;&gt;</a>&nbsp;&nbsp;&nbsp;__aeabi_assert
</UL>
<BR>[Address Reference Count : 1]<UL><LI> startup_lpc54114_cm0plus.o(.text)
</UL>
<P><STRONG><a name="[3b]"></a>FLEXCOMM4_DriverIRQHandler</STRONG> (Thumb, 38 bytes, Stack size 8 bytes, fsl_flexcomm.o(i.FLEXCOMM4_DriverIRQHandler))
<BR><BR>[Stack]<UL><LI>Max Depth = 244<LI>Call Chain = FLEXCOMM4_DriverIRQHandler &rArr; __aeabi_assert &rArr; DbgConsole_Printf &rArr; DbgConsole_PrintfFormattedData &rArr; DbgConsole_ConvertRadixNumToString &rArr; __aeabi_idivmod &rArr; __aeabi_uidivmod
</UL>
<BR>[Calls]<UL><LI><a href="#[68]">&gt;&gt;</a>&nbsp;&nbsp;&nbsp;__aeabi_assert
</UL>
<BR>[Address Reference Count : 1]<UL><LI> startup_lpc54114_cm0plus.o(.text)
</UL>
<P><STRONG><a name="[3c]"></a>FLEXCOMM5_DriverIRQHandler</STRONG> (Thumb, 38 bytes, Stack size 8 bytes, fsl_flexcomm.o(i.FLEXCOMM5_DriverIRQHandler))
<BR><BR>[Stack]<UL><LI>Max Depth = 244<LI>Call Chain = FLEXCOMM5_DriverIRQHandler &rArr; __aeabi_assert &rArr; DbgConsole_Printf &rArr; DbgConsole_PrintfFormattedData &rArr; DbgConsole_ConvertRadixNumToString &rArr; __aeabi_idivmod &rArr; __aeabi_uidivmod
</UL>
<BR>[Calls]<UL><LI><a href="#[68]">&gt;&gt;</a>&nbsp;&nbsp;&nbsp;__aeabi_assert
</UL>
<BR>[Address Reference Count : 1]<UL><LI> startup_lpc54114_cm0plus.o(.text)
</UL>
<P><STRONG><a name="[3d]"></a>FLEXCOMM6_DriverIRQHandler</STRONG> (Thumb, 38 bytes, Stack size 8 bytes, fsl_flexcomm.o(i.FLEXCOMM6_DriverIRQHandler))
<BR><BR>[Stack]<UL><LI>Max Depth = 244<LI>Call Chain = FLEXCOMM6_DriverIRQHandler &rArr; __aeabi_assert &rArr; DbgConsole_Printf &rArr; DbgConsole_PrintfFormattedData &rArr; DbgConsole_ConvertRadixNumToString &rArr; __aeabi_idivmod &rArr; __aeabi_uidivmod
</UL>
<BR>[Calls]<UL><LI><a href="#[68]">&gt;&gt;</a>&nbsp;&nbsp;&nbsp;__aeabi_assert
</UL>
<BR>[Address Reference Count : 1]<UL><LI> startup_lpc54114_cm0plus.o(.text)
</UL>
<P><STRONG><a name="[3e]"></a>FLEXCOMM7_DriverIRQHandler</STRONG> (Thumb, 38 bytes, Stack size 8 bytes, fsl_flexcomm.o(i.FLEXCOMM7_DriverIRQHandler))
<BR><BR>[Stack]<UL><LI>Max Depth = 244<LI>Call Chain = FLEXCOMM7_DriverIRQHandler &rArr; __aeabi_assert &rArr; DbgConsole_Printf &rArr; DbgConsole_PrintfFormattedData &rArr; DbgConsole_ConvertRadixNumToString &rArr; __aeabi_idivmod &rArr; __aeabi_uidivmod
</UL>
<BR>[Calls]<UL><LI><a href="#[68]">&gt;&gt;</a>&nbsp;&nbsp;&nbsp;__aeabi_assert
</UL>
<BR>[Address Reference Count : 1]<UL><LI> startup_lpc54114_cm0plus.o(.text)
</UL>
<P><STRONG><a name="[69]"></a>FLEXCOMM_GetInstance</STRONG> (Thumb, 38 bytes, Stack size 16 bytes, fsl_flexcomm.o(i.FLEXCOMM_GetInstance))
<BR><BR>[Stack]<UL><LI>Max Depth = 252<LI>Call Chain = FLEXCOMM_GetInstance &rArr; __aeabi_assert &rArr; DbgConsole_Printf &rArr; DbgConsole_PrintfFormattedData &rArr; DbgConsole_ConvertRadixNumToString &rArr; __aeabi_idivmod &rArr; __aeabi_uidivmod
</UL>
<BR>[Calls]<UL><LI><a href="#[68]">&gt;&gt;</a>&nbsp;&nbsp;&nbsp;__aeabi_assert
</UL>
<BR>[Called By]<UL><LI><a href="#[6a]">&gt;&gt;</a>&nbsp;&nbsp;&nbsp;FLEXCOMM_Init
</UL>

<P><STRONG><a name="[6a]"></a>FLEXCOMM_Init</STRONG> (Thumb, 76 bytes, Stack size 24 bytes, fsl_flexcomm.o(i.FLEXCOMM_Init))
<BR><BR>[Stack]<UL><LI>Max Depth = 276<LI>Call Chain = FLEXCOMM_Init &rArr; FLEXCOMM_GetInstance &rArr; __aeabi_assert &rArr; DbgConsole_Printf &rArr; DbgConsole_PrintfFormattedData &rArr; DbgConsole_ConvertRadixNumToString &rArr; __aeabi_idivmod &rArr; __aeabi_uidivmod
</UL>
<BR>[Calls]<UL><LI><a href="#[6b]">&gt;&gt;</a>&nbsp;&nbsp;&nbsp;FLEXCOMM_SetPeriph
<LI><a href="#[69]">&gt;&gt;</a>&nbsp;&nbsp;&nbsp;FLEXCOMM_GetInstance
</UL>
<BR>[Called By]<UL><LI><a href="#[6d]">&gt;&gt;</a>&nbsp;&nbsp;&nbsp;I2C_MasterInit
</UL>

<P><STRONG><a name="[6b]"></a>FLEXCOMM_SetPeriph</STRONG> (Thumb, 90 bytes, Stack size 16 bytes, fsl_flexcomm.o(i.FLEXCOMM_SetPeriph))
<BR><BR>[Stack]<UL><LI>Max Depth = 24<LI>Call Chain = FLEXCOMM_SetPeriph &rArr; FLEXCOMM_PeripheralIsPresent
</UL>
<BR>[Calls]<UL><LI><a href="#[6c]">&gt;&gt;</a>&nbsp;&nbsp;&nbsp;FLEXCOMM_PeripheralIsPresent
</UL>
<BR>[Called By]<UL><LI><a href="#[6a]">&gt;&gt;</a>&nbsp;&nbsp;&nbsp;FLEXCOMM_Init
</UL>

<P><STRONG><a name="[84]"></a>I2C_MasterGetDefaultConfig</STRONG> (Thumb, 14 bytes, Stack size 0 bytes, fsl_i2c.o(i.I2C_MasterGetDefaultConfig))
<BR><BR>[Called By]<UL><LI><a href="#[7f]">&gt;&gt;</a>&nbsp;&nbsp;&nbsp;si70xxInit
</UL>

<P><STRONG><a name="[6d]"></a>I2C_MasterInit</STRONG> (Thumb, 36 bytes, Stack size 16 bytes, fsl_i2c.o(i.I2C_MasterInit))
<BR><BR>[Stack]<UL><LI>Max Depth = 292<LI>Call Chain = I2C_MasterInit &rArr; FLEXCOMM_Init &rArr; FLEXCOMM_GetInstance &rArr; __aeabi_assert &rArr; DbgConsole_Printf &rArr; DbgConsole_PrintfFormattedData &rArr; DbgConsole_ConvertRadixNumToString &rArr; __aeabi_idivmod &rArr; __aeabi_uidivmod
</UL>
<BR>[Calls]<UL><LI><a href="#[6a]">&gt;&gt;</a>&nbsp;&nbsp;&nbsp;FLEXCOMM_Init
<LI><a href="#[6f]">&gt;&gt;</a>&nbsp;&nbsp;&nbsp;I2C_MasterSetBaudRate
<LI><a href="#[6e]">&gt;&gt;</a>&nbsp;&nbsp;&nbsp;I2C_MasterEnable
</UL>
<BR>[Called By]<UL><LI><a href="#[7f]">&gt;&gt;</a>&nbsp;&nbsp;&nbsp;si70xxInit
</UL>

<P><STRONG><a name="[70]"></a>I2C_MasterReadBlocking</STRONG> (Thumb, 208 bytes, Stack size 48 bytes, fsl_i2c.o(i.I2C_MasterReadBlocking))
<BR><BR>[Stack]<UL><LI>Max Depth = 284<LI>Call Chain = I2C_MasterReadBlocking &rArr; __aeabi_assert &rArr; DbgConsole_Printf &rArr; DbgConsole_PrintfFormattedData &rArr; DbgConsole_ConvertRadixNumToString &rArr; __aeabi_idivmod &rArr; __aeabi_uidivmod
</UL>
<BR>[Calls]<UL><LI><a href="#[68]">&gt;&gt;</a>&nbsp;&nbsp;&nbsp;__aeabi_assert
<LI><a href="#[71]">&gt;&gt;</a>&nbsp;&nbsp;&nbsp;I2C_PendingStatusWait
</UL>
<BR>[Called By]<UL><LI><a href="#[80]">&gt;&gt;</a>&nbsp;&nbsp;&nbsp;si7020Measure
</UL>

<P><STRONG><a name="[6f]"></a>I2C_MasterSetBaudRate</STRONG> (Thumb, 140 bytes, Stack size 48 bytes, fsl_i2c.o(i.I2C_MasterSetBaudRate))
<BR><BR>[Stack]<UL><LI>Max Depth = 60<LI>Call Chain = I2C_MasterSetBaudRate &rArr; __aeabi_uidivmod
</UL>
<BR>[Calls]<UL><LI><a href="#[55]">&gt;&gt;</a>&nbsp;&nbsp;&nbsp;__aeabi_uidivmod
</UL>
<BR>[Called By]<UL><LI><a href="#[6d]">&gt;&gt;</a>&nbsp;&nbsp;&nbsp;I2C_MasterInit
</UL>

<P><STRONG><a name="[72]"></a>I2C_MasterStart</STRONG> (Thumb, 42 bytes, Stack size 16 bytes, fsl_i2c.o(i.I2C_MasterStart))
<BR><BR>[Stack]<UL><LI>Max Depth = 32<LI>Call Chain = I2C_MasterStart &rArr; I2C_PendingStatusWait
</UL>
<BR>[Calls]<UL><LI><a href="#[71]">&gt;&gt;</a>&nbsp;&nbsp;&nbsp;I2C_PendingStatusWait
</UL>
<BR>[Called By]<UL><LI><a href="#[80]">&gt;&gt;</a>&nbsp;&nbsp;&nbsp;si7020Measure
</UL>

<P><STRONG><a name="[73]"></a>I2C_MasterStop</STRONG> (Thumb, 22 bytes, Stack size 8 bytes, fsl_i2c.o(i.I2C_MasterStop))
<BR><BR>[Stack]<UL><LI>Max Depth = 24<LI>Call Chain = I2C_MasterStop &rArr; I2C_PendingStatusWait
</UL>
<BR>[Calls]<UL><LI><a href="#[71]">&gt;&gt;</a>&nbsp;&nbsp;&nbsp;I2C_PendingStatusWait
</UL>
<BR>[Called By]<UL><LI><a href="#[80]">&gt;&gt;</a>&nbsp;&nbsp;&nbsp;si7020Measure
</UL>

<P><STRONG><a name="[74]"></a>I2C_MasterWriteBlocking</STRONG> (Thumb, 228 bytes, Stack size 48 bytes, fsl_i2c.o(i.I2C_MasterWriteBlocking))
<BR><BR>[Stack]<UL><LI>Max Depth = 284<LI>Call Chain = I2C_MasterWriteBlocking &rArr; __aeabi_assert &rArr; DbgConsole_Printf &rArr; DbgConsole_PrintfFormattedData &rArr; DbgConsole_ConvertRadixNumToString &rArr; __aeabi_idivmod &rArr; __aeabi_uidivmod
</UL>
<BR>[Calls]<UL><LI><a href="#[68]">&gt;&gt;</a>&nbsp;&nbsp;&nbsp;__aeabi_assert
<LI><a href="#[71]">&gt;&gt;</a>&nbsp;&nbsp;&nbsp;I2C_PendingStatusWait
</UL>
<BR>[Called By]<UL><LI><a href="#[80]">&gt;&gt;</a>&nbsp;&nbsp;&nbsp;si7020Measure
</UL>

<P><STRONG><a name="[25]"></a>MAILBOX_IRQHandler</STRONG> (Thumb, 92 bytes, Stack size 16 bytes, hello_world_core1.o(i.MAILBOX_IRQHandler))
<BR><BR>[Stack]<UL><LI>Max Depth = 252<LI>Call Chain = MAILBOX_IRQHandler &rArr; __aeabi_assert &rArr; DbgConsole_Printf &rArr; DbgConsole_PrintfFormattedData &rArr; DbgConsole_ConvertRadixNumToString &rArr; __aeabi_idivmod &rArr; __aeabi_uidivmod
</UL>
<BR>[Calls]<UL><LI><a href="#[68]">&gt;&gt;</a>&nbsp;&nbsp;&nbsp;__aeabi_assert
</UL>
<BR>[Address Reference Count : 1]<UL><LI> startup_lpc54114_cm0plus.o(RESET)
</UL>
<P><STRONG><a name="[77]"></a>MCMGR_GetCurrentCore</STRONG> (Thumb, 10 bytes, Stack size 8 bytes, mcmgr.o(i.MCMGR_GetCurrentCore))
<BR><BR>[Stack]<UL><LI>Max Depth = 8<LI>Call Chain = MCMGR_GetCurrentCore
</UL>
<BR>[Called By]<UL><LI><a href="#[76]">&gt;&gt;</a>&nbsp;&nbsp;&nbsp;MCMGR_Init
</UL>

<P><STRONG><a name="[7b]"></a>MCMGR_GetStartupData</STRONG> (Thumb, 38 bytes, Stack size 16 bytes, mcmgr.o(i.MCMGR_GetStartupData))
<BR><BR>[Stack]<UL><LI>Max Depth = 16<LI>Call Chain = MCMGR_GetStartupData
</UL>
<BR>[Called By]<UL><LI><a href="#[26]">&gt;&gt;</a>&nbsp;&nbsp;&nbsp;main
</UL>

<P><STRONG><a name="[76]"></a>MCMGR_Init</STRONG> (Thumb, 38 bytes, Stack size 8 bytes, mcmgr.o(i.MCMGR_Init))
<BR><BR>[Stack]<UL><LI>Max Depth = 16<LI>Call Chain = MCMGR_Init &rArr; MCMGR_GetCurrentCore
</UL>
<BR>[Calls]<UL><LI><a href="#[77]">&gt;&gt;</a>&nbsp;&nbsp;&nbsp;MCMGR_GetCurrentCore
</UL>
<BR>[Called By]<UL><LI><a href="#[26]">&gt;&gt;</a>&nbsp;&nbsp;&nbsp;main
</UL>

<P><STRONG><a name="[7e]"></a>MCMGR_SignalReady</STRONG> (Thumb, 34 bytes, Stack size 8 bytes, mcmgr.o(i.MCMGR_SignalReady))
<BR><BR>[Stack]<UL><LI>Max Depth = 8<LI>Call Chain = MCMGR_SignalReady
</UL>
<BR>[Called By]<UL><LI><a href="#[26]">&gt;&gt;</a>&nbsp;&nbsp;&nbsp;main
</UL>

<P><STRONG><a name="[78]"></a>RESET_ClearPeripheralReset</STRONG> (Thumb, 76 bytes, Stack size 24 bytes, fsl_reset.o(i.RESET_ClearPeripheralReset))
<BR><BR>[Stack]<UL><LI>Max Depth = 260<LI>Call Chain = RESET_ClearPeripheralReset &rArr; __aeabi_assert &rArr; DbgConsole_Printf &rArr; DbgConsole_PrintfFormattedData &rArr; DbgConsole_ConvertRadixNumToString &rArr; __aeabi_idivmod &rArr; __aeabi_uidivmod
</UL>
<BR>[Calls]<UL><LI><a href="#[68]">&gt;&gt;</a>&nbsp;&nbsp;&nbsp;__aeabi_assert
</UL>
<BR>[Called By]<UL><LI><a href="#[79]">&gt;&gt;</a>&nbsp;&nbsp;&nbsp;RESET_PeripheralReset
</UL>

<P><STRONG><a name="[79]"></a>RESET_PeripheralReset</STRONG> (Thumb, 18 bytes, Stack size 8 bytes, fsl_reset.o(i.RESET_PeripheralReset))
<BR><BR>[Stack]<UL><LI>Max Depth = 268<LI>Call Chain = RESET_PeripheralReset &rArr; RESET_SetPeripheralReset &rArr; __aeabi_assert &rArr; DbgConsole_Printf &rArr; DbgConsole_PrintfFormattedData &rArr; DbgConsole_ConvertRadixNumToString &rArr; __aeabi_idivmod &rArr; __aeabi_uidivmod
</UL>
<BR>[Calls]<UL><LI><a href="#[7a]">&gt;&gt;</a>&nbsp;&nbsp;&nbsp;RESET_SetPeripheralReset
<LI><a href="#[78]">&gt;&gt;</a>&nbsp;&nbsp;&nbsp;RESET_ClearPeripheralReset
</UL>
<BR>[Called By]<UL><LI><a href="#[7f]">&gt;&gt;</a>&nbsp;&nbsp;&nbsp;si70xxInit
</UL>

<P><STRONG><a name="[7a]"></a>RESET_SetPeripheralReset</STRONG> (Thumb, 76 bytes, Stack size 24 bytes, fsl_reset.o(i.RESET_SetPeripheralReset))
<BR><BR>[Stack]<UL><LI>Max Depth = 260<LI>Call Chain = RESET_SetPeripheralReset &rArr; __aeabi_assert &rArr; DbgConsole_Printf &rArr; DbgConsole_PrintfFormattedData &rArr; DbgConsole_ConvertRadixNumToString &rArr; __aeabi_idivmod &rArr; __aeabi_uidivmod
</UL>
<BR>[Calls]<UL><LI><a href="#[68]">&gt;&gt;</a>&nbsp;&nbsp;&nbsp;__aeabi_assert
</UL>
<BR>[Called By]<UL><LI><a href="#[79]">&gt;&gt;</a>&nbsp;&nbsp;&nbsp;RESET_PeripheralReset
</UL>

<P><STRONG><a name="[27]"></a>SystemInit</STRONG> (Thumb, 8 bytes, Stack size 0 bytes, system_lpc54114_cm0plus.o(i.SystemInit))
<BR>[Address Reference Count : 1]<UL><LI> startup_lpc54114_cm0plus.o(.text)
</UL>
<P><STRONG><a name="[60]"></a>__ARM_clz</STRONG> (Thumb, 46 bytes, Stack size 0 bytes, depilogue.o(i.__ARM_clz))
<BR><BR>[Called By]<UL><LI><a href="#[59]">&gt;&gt;</a>&nbsp;&nbsp;&nbsp;_double_epilogue
</UL>

<P><STRONG><a name="[68]"></a>__aeabi_assert</STRONG> (Thumb, 24 bytes, Stack size 0 bytes, fsl_common.o(i.__aeabi_assert))
<BR><BR>[Stack]<UL><LI>Max Depth = 236<LI>Call Chain = __aeabi_assert &rArr; DbgConsole_Printf &rArr; DbgConsole_PrintfFormattedData &rArr; DbgConsole_ConvertRadixNumToString &rArr; __aeabi_idivmod &rArr; __aeabi_uidivmod
</UL>
<BR>[Calls]<UL><LI><a href="#[64]">&gt;&gt;</a>&nbsp;&nbsp;&nbsp;DbgConsole_Printf
</UL>
<BR>[Called By]<UL><LI><a href="#[7a]">&gt;&gt;</a>&nbsp;&nbsp;&nbsp;RESET_SetPeripheralReset
<LI><a href="#[78]">&gt;&gt;</a>&nbsp;&nbsp;&nbsp;RESET_ClearPeripheralReset
<LI><a href="#[69]">&gt;&gt;</a>&nbsp;&nbsp;&nbsp;FLEXCOMM_GetInstance
<LI><a href="#[3e]">&gt;&gt;</a>&nbsp;&nbsp;&nbsp;FLEXCOMM7_DriverIRQHandler
<LI><a href="#[3d]">&gt;&gt;</a>&nbsp;&nbsp;&nbsp;FLEXCOMM6_DriverIRQHandler
<LI><a href="#[3c]">&gt;&gt;</a>&nbsp;&nbsp;&nbsp;FLEXCOMM5_DriverIRQHandler
<LI><a href="#[3b]">&gt;&gt;</a>&nbsp;&nbsp;&nbsp;FLEXCOMM4_DriverIRQHandler
<LI><a href="#[3a]">&gt;&gt;</a>&nbsp;&nbsp;&nbsp;FLEXCOMM3_DriverIRQHandler
<LI><a href="#[39]">&gt;&gt;</a>&nbsp;&nbsp;&nbsp;FLEXCOMM2_DriverIRQHandler
<LI><a href="#[38]">&gt;&gt;</a>&nbsp;&nbsp;&nbsp;FLEXCOMM1_DriverIRQHandler
<LI><a href="#[37]">&gt;&gt;</a>&nbsp;&nbsp;&nbsp;FLEXCOMM0_DriverIRQHandler
<LI><a href="#[4c]">&gt;&gt;</a>&nbsp;&nbsp;&nbsp;mcmgr_start_core_lpc54114
<LI><a href="#[4d]">&gt;&gt;</a>&nbsp;&nbsp;&nbsp;mcmgr_get_startup_data_lpc54114
<LI><a href="#[26]">&gt;&gt;</a>&nbsp;&nbsp;&nbsp;main
<LI><a href="#[25]">&gt;&gt;</a>&nbsp;&nbsp;&nbsp;MAILBOX_IRQHandler
<LI><a href="#[74]">&gt;&gt;</a>&nbsp;&nbsp;&nbsp;I2C_MasterWriteBlocking
<LI><a href="#[70]">&gt;&gt;</a>&nbsp;&nbsp;&nbsp;I2C_MasterReadBlocking
</UL>

<P><STRONG><a name="[92]"></a>__scatterload_copy</STRONG> (Thumb, 14 bytes, Stack size unknown bytes, handlers.o(i.__scatterload_copy), UNUSED)

<P><STRONG><a name="[93]"></a>__scatterload_null</STRONG> (Thumb, 2 bytes, Stack size unknown bytes, handlers.o(i.__scatterload_null), UNUSED)

<P><STRONG><a name="[94]"></a>__scatterload_zeroinit</STRONG> (Thumb, 14 bytes, Stack size unknown bytes, handlers.o(i.__scatterload_zeroinit), UNUSED)

<P><STRONG><a name="[7c]"></a>delay</STRONG> (Thumb, 28 bytes, Stack size 8 bytes, hello_world_core1.o(i.delay))
<BR><BR>[Stack]<UL><LI>Max Depth = 8<LI>Call Chain = delay
</UL>
<BR>[Called By]<UL><LI><a href="#[26]">&gt;&gt;</a>&nbsp;&nbsp;&nbsp;main
</UL>

<P><STRONG><a name="[26]"></a>main</STRONG> (Thumb, 196 bytes, Stack size 16 bytes, hello_world_core1.o(i.main))
<BR><BR>[Stack]<UL><LI>Max Depth = 348<LI>Call Chain = main &rArr; si7020Measure &rArr; I2C_MasterWriteBlocking &rArr; __aeabi_assert &rArr; DbgConsole_Printf &rArr; DbgConsole_PrintfFormattedData &rArr; DbgConsole_ConvertRadixNumToString &rArr; __aeabi_idivmod &rArr; __aeabi_uidivmod
</UL>
<BR>[Calls]<UL><LI><a href="#[68]">&gt;&gt;</a>&nbsp;&nbsp;&nbsp;__aeabi_assert
<LI><a href="#[7f]">&gt;&gt;</a>&nbsp;&nbsp;&nbsp;si70xxInit
<LI><a href="#[80]">&gt;&gt;</a>&nbsp;&nbsp;&nbsp;si7020Measure
<LI><a href="#[7e]">&gt;&gt;</a>&nbsp;&nbsp;&nbsp;MCMGR_SignalReady
<LI><a href="#[76]">&gt;&gt;</a>&nbsp;&nbsp;&nbsp;MCMGR_Init
<LI><a href="#[7b]">&gt;&gt;</a>&nbsp;&nbsp;&nbsp;MCMGR_GetStartupData
<LI><a href="#[7c]">&gt;&gt;</a>&nbsp;&nbsp;&nbsp;delay
<LI><a href="#[7d]">&gt;&gt;</a>&nbsp;&nbsp;&nbsp;CLOCK_EnableClock
</UL>
<BR>[Address Reference Count : 1]<UL><LI> entry9a.o(.ARM.Collect$$$$0000000B)
</UL>
<P><STRONG><a name="[80]"></a>si7020Measure</STRONG> (Thumb, 330 bytes, Stack size 48 bytes, app_si70xx.o(i.si7020Measure))
<BR><BR>[Stack]<UL><LI>Max Depth = 332<LI>Call Chain = si7020Measure &rArr; I2C_MasterWriteBlocking &rArr; __aeabi_assert &rArr; DbgConsole_Printf &rArr; DbgConsole_PrintfFormattedData &rArr; DbgConsole_ConvertRadixNumToString &rArr; __aeabi_idivmod &rArr; __aeabi_uidivmod
</UL>
<BR>[Calls]<UL><LI><a href="#[5f]">&gt;&gt;</a>&nbsp;&nbsp;&nbsp;__aeabi_ui2d
<LI><a href="#[5b]">&gt;&gt;</a>&nbsp;&nbsp;&nbsp;__aeabi_dsub
<LI><a href="#[5d]">&gt;&gt;</a>&nbsp;&nbsp;&nbsp;__aeabi_dmul
<LI><a href="#[5e]">&gt;&gt;</a>&nbsp;&nbsp;&nbsp;__aeabi_ddiv
<LI><a href="#[74]">&gt;&gt;</a>&nbsp;&nbsp;&nbsp;I2C_MasterWriteBlocking
<LI><a href="#[73]">&gt;&gt;</a>&nbsp;&nbsp;&nbsp;I2C_MasterStop
<LI><a href="#[72]">&gt;&gt;</a>&nbsp;&nbsp;&nbsp;I2C_MasterStart
<LI><a href="#[70]">&gt;&gt;</a>&nbsp;&nbsp;&nbsp;I2C_MasterReadBlocking
</UL>
<BR>[Called By]<UL><LI><a href="#[26]">&gt;&gt;</a>&nbsp;&nbsp;&nbsp;main
</UL>

<P><STRONG><a name="[7f]"></a>si70xxInit</STRONG> (Thumb, 66 bytes, Stack size 16 bytes, app_si70xx.o(i.si70xxInit))
<BR><BR>[Stack]<UL><LI>Max Depth = 308<LI>Call Chain = si70xxInit &rArr; I2C_MasterInit &rArr; FLEXCOMM_Init &rArr; FLEXCOMM_GetInstance &rArr; __aeabi_assert &rArr; DbgConsole_Printf &rArr; DbgConsole_PrintfFormattedData &rArr; DbgConsole_ConvertRadixNumToString &rArr; __aeabi_idivmod &rArr; __aeabi_uidivmod
</UL>
<BR>[Calls]<UL><LI><a href="#[79]">&gt;&gt;</a>&nbsp;&nbsp;&nbsp;RESET_PeripheralReset
<LI><a href="#[83]">&gt;&gt;</a>&nbsp;&nbsp;&nbsp;CLOCK_AttachClk
<LI><a href="#[82]">&gt;&gt;</a>&nbsp;&nbsp;&nbsp;IOCON_PinMuxSet
<LI><a href="#[6d]">&gt;&gt;</a>&nbsp;&nbsp;&nbsp;I2C_MasterInit
<LI><a href="#[84]">&gt;&gt;</a>&nbsp;&nbsp;&nbsp;I2C_MasterGetDefaultConfig
</UL>
<BR>[Called By]<UL><LI><a href="#[26]">&gt;&gt;</a>&nbsp;&nbsp;&nbsp;main
</UL>
<P>
<H3>
Local Symbols
</H3>
<P><STRONG><a name="[6c]"></a>FLEXCOMM_PeripheralIsPresent</STRONG> (Thumb, 72 bytes, Stack size 8 bytes, fsl_flexcomm.o(i.FLEXCOMM_PeripheralIsPresent))
<BR><BR>[Stack]<UL><LI>Max Depth = 8<LI>Call Chain = FLEXCOMM_PeripheralIsPresent
</UL>
<BR>[Called By]<UL><LI><a href="#[6b]">&gt;&gt;</a>&nbsp;&nbsp;&nbsp;FLEXCOMM_SetPeriph
</UL>

<P><STRONG><a name="[75]"></a>I2C_MasterClearStatusFlags</STRONG> (Thumb, 14 bytes, Stack size 0 bytes, fsl_i2c.o(i.I2C_MasterClearStatusFlags))
<BR><BR>[Called By]<UL><LI><a href="#[71]">&gt;&gt;</a>&nbsp;&nbsp;&nbsp;I2C_PendingStatusWait
</UL>

<P><STRONG><a name="[6e]"></a>I2C_MasterEnable</STRONG> (Thumb, 54 bytes, Stack size 0 bytes, fsl_i2c.o(i.I2C_MasterEnable))
<BR><BR>[Called By]<UL><LI><a href="#[6d]">&gt;&gt;</a>&nbsp;&nbsp;&nbsp;I2C_MasterInit
</UL>

<P><STRONG><a name="[71]"></a>I2C_PendingStatusWait</STRONG> (Thumb, 38 bytes, Stack size 16 bytes, fsl_i2c.o(i.I2C_PendingStatusWait))
<BR><BR>[Stack]<UL><LI>Max Depth = 16<LI>Call Chain = I2C_PendingStatusWait
</UL>
<BR>[Calls]<UL><LI><a href="#[75]">&gt;&gt;</a>&nbsp;&nbsp;&nbsp;I2C_MasterClearStatusFlags
</UL>
<BR>[Called By]<UL><LI><a href="#[74]">&gt;&gt;</a>&nbsp;&nbsp;&nbsp;I2C_MasterWriteBlocking
<LI><a href="#[73]">&gt;&gt;</a>&nbsp;&nbsp;&nbsp;I2C_MasterStop
<LI><a href="#[72]">&gt;&gt;</a>&nbsp;&nbsp;&nbsp;I2C_MasterStart
<LI><a href="#[70]">&gt;&gt;</a>&nbsp;&nbsp;&nbsp;I2C_MasterReadBlocking
</UL>

<P><STRONG><a name="[7d]"></a>CLOCK_EnableClock</STRONG> (Thumb, 38 bytes, Stack size 8 bytes, hello_world_core1.o(i.CLOCK_EnableClock))
<BR><BR>[Stack]<UL><LI>Max Depth = 8<LI>Call Chain = CLOCK_EnableClock
</UL>
<BR>[Called By]<UL><LI><a href="#[26]">&gt;&gt;</a>&nbsp;&nbsp;&nbsp;main
</UL>

<P><STRONG><a name="[82]"></a>IOCON_PinMuxSet</STRONG> (Thumb, 12 bytes, Stack size 12 bytes, app_si70xx.o(i.IOCON_PinMuxSet))
<BR><BR>[Stack]<UL><LI>Max Depth = 12<LI>Call Chain = IOCON_PinMuxSet
</UL>
<BR>[Called By]<UL><LI><a href="#[7f]">&gt;&gt;</a>&nbsp;&nbsp;&nbsp;si70xxInit
</UL>

<P><STRONG><a name="[81]"></a>MAILBOX_Init</STRONG> (Thumb, 42 bytes, Stack size 12 bytes, mcmgr_internal_core_api_lpc54114.o(i.MAILBOX_Init))
<BR><BR>[Stack]<UL><LI>Max Depth = 12<LI>Call Chain = MAILBOX_Init
</UL>
<BR>[Called By]<UL><LI><a href="#[4a]">&gt;&gt;</a>&nbsp;&nbsp;&nbsp;mcmgr_init_lpc54114
</UL>

<P><STRONG><a name="[50]"></a>mcmgr_get_core_property_lpc54114</STRONG> (Thumb, 8 bytes, Stack size 8 bytes, mcmgr_internal_core_api_lpc54114.o(i.mcmgr_get_core_property_lpc54114))
<BR><BR>[Stack]<UL><LI>Max Depth = 8<LI>Call Chain = mcmgr_get_core_property_lpc54114
</UL>
<BR>[Address Reference Count : 1]<UL><LI> mcmgr_internal_core_api_lpc54114.o(.constdata)
</UL>
<P><STRONG><a name="[51]"></a>mcmgr_get_current_core_lpc54114</STRONG> (Thumb, 4 bytes, Stack size 0 bytes, mcmgr_internal_core_api_lpc54114.o(i.mcmgr_get_current_core_lpc54114))
<BR>[Address Reference Count : 1]<UL><LI> mcmgr_internal_core_api_lpc54114.o(.constdata)
</UL>
<P><STRONG><a name="[4d]"></a>mcmgr_get_startup_data_lpc54114</STRONG> (Thumb, 96 bytes, Stack size 32 bytes, mcmgr_internal_core_api_lpc54114.o(i.mcmgr_get_startup_data_lpc54114))
<BR><BR>[Stack]<UL><LI>Max Depth = 268<LI>Call Chain = mcmgr_get_startup_data_lpc54114 &rArr; __aeabi_assert &rArr; DbgConsole_Printf &rArr; DbgConsole_PrintfFormattedData &rArr; DbgConsole_ConvertRadixNumToString &rArr; __aeabi_idivmod &rArr; __aeabi_uidivmod
</UL>
<BR>[Calls]<UL><LI><a href="#[68]">&gt;&gt;</a>&nbsp;&nbsp;&nbsp;__aeabi_assert
</UL>
<BR>[Address Reference Count : 1]<UL><LI> mcmgr_internal_core_api_lpc54114.o(.constdata)
</UL>
<P><STRONG><a name="[4a]"></a>mcmgr_init_lpc54114</STRONG> (Thumb, 40 bytes, Stack size 8 bytes, mcmgr_internal_core_api_lpc54114.o(i.mcmgr_init_lpc54114))
<BR><BR>[Stack]<UL><LI>Max Depth = 20<LI>Call Chain = mcmgr_init_lpc54114 &rArr; MAILBOX_Init
</UL>
<BR>[Calls]<UL><LI><a href="#[81]">&gt;&gt;</a>&nbsp;&nbsp;&nbsp;MAILBOX_Init
</UL>
<BR>[Address Reference Count : 1]<UL><LI> mcmgr_internal_core_api_lpc54114.o(.constdata)
</UL>
<P><STRONG><a name="[4b]"></a>mcmgr_load_app_lpc54114</STRONG> (Thumb, 6 bytes, Stack size 0 bytes, mcmgr_internal_core_api_lpc54114.o(i.mcmgr_load_app_lpc54114))
<BR>[Address Reference Count : 1]<UL><LI> mcmgr_internal_core_api_lpc54114.o(.constdata)
</UL>
<P><STRONG><a name="[4e]"></a>mcmgr_signal_ready_lpc54114</STRONG> (Thumb, 24 bytes, Stack size 0 bytes, mcmgr_internal_core_api_lpc54114.o(i.mcmgr_signal_ready_lpc54114))
<BR>[Address Reference Count : 1]<UL><LI> mcmgr_internal_core_api_lpc54114.o(.constdata)
</UL>
<P><STRONG><a name="[4c]"></a>mcmgr_start_core_lpc54114</STRONG> (Thumb, 144 bytes, Stack size 40 bytes, mcmgr_internal_core_api_lpc54114.o(i.mcmgr_start_core_lpc54114))
<BR><BR>[Stack]<UL><LI>Max Depth = 276<LI>Call Chain = mcmgr_start_core_lpc54114 &rArr; __aeabi_assert &rArr; DbgConsole_Printf &rArr; DbgConsole_PrintfFormattedData &rArr; DbgConsole_ConvertRadixNumToString &rArr; __aeabi_idivmod &rArr; __aeabi_uidivmod
</UL>
<BR>[Calls]<UL><LI><a href="#[68]">&gt;&gt;</a>&nbsp;&nbsp;&nbsp;__aeabi_assert
</UL>
<BR>[Address Reference Count : 1]<UL><LI> mcmgr_internal_core_api_lpc54114.o(.constdata)
</UL>
<P><STRONG><a name="[4f]"></a>mcmgr_stop_core_lpc54114</STRONG> (Thumb, 36 bytes, Stack size 0 bytes, mcmgr_internal_core_api_lpc54114.o(i.mcmgr_stop_core_lpc54114))
<BR>[Address Reference Count : 1]<UL><LI> mcmgr_internal_core_api_lpc54114.o(.constdata)
</UL>
<P><STRONG><a name="[63]"></a>DbgConsole_ConvertRadixNumToString</STRONG> (Thumb, 196 bytes, Stack size 56 bytes, fsl_debug_console.o(i.DbgConsole_ConvertRadixNumToString))
<BR><BR>[Stack]<UL><LI>Max Depth = 84<LI>Call Chain = DbgConsole_ConvertRadixNumToString &rArr; __aeabi_idivmod &rArr; __aeabi_uidivmod
</UL>
<BR>[Calls]<UL><LI><a href="#[54]">&gt;&gt;</a>&nbsp;&nbsp;&nbsp;__aeabi_idivmod
<LI><a href="#[55]">&gt;&gt;</a>&nbsp;&nbsp;&nbsp;__aeabi_uidivmod
</UL>
<BR>[Called By]<UL><LI><a href="#[65]">&gt;&gt;</a>&nbsp;&nbsp;&nbsp;DbgConsole_PrintfFormattedData
</UL>

<P><STRONG><a name="[65]"></a>DbgConsole_PrintfFormattedData</STRONG> (Thumb, 570 bytes, Stack size 120 bytes, fsl_debug_console.o(i.DbgConsole_PrintfFormattedData))
<BR><BR>[Stack]<UL><LI>Max Depth = 204<LI>Call Chain = DbgConsole_PrintfFormattedData &rArr; DbgConsole_ConvertRadixNumToString &rArr; __aeabi_idivmod &rArr; __aeabi_uidivmod
</UL>
<BR>[Calls]<UL><LI><a href="#[66]">&gt;&gt;</a>&nbsp;&nbsp;&nbsp;DbgConsole_PrintfPaddingCharacter
<LI><a href="#[63]">&gt;&gt;</a>&nbsp;&nbsp;&nbsp;DbgConsole_ConvertRadixNumToString
<LI><a href="#[67]">&gt;&gt;</a>&nbsp;&nbsp;&nbsp;strlen
</UL>
<BR>[Called By]<UL><LI><a href="#[64]">&gt;&gt;</a>&nbsp;&nbsp;&nbsp;DbgConsole_Printf
</UL>

<P><STRONG><a name="[66]"></a>DbgConsole_PrintfPaddingCharacter</STRONG> (Thumb, 36 bytes, Stack size 40 bytes, fsl_debug_console.o(i.DbgConsole_PrintfPaddingCharacter))
<BR><BR>[Stack]<UL><LI>Max Depth = 40<LI>Call Chain = DbgConsole_PrintfPaddingCharacter
</UL>
<BR>[Called By]<UL><LI><a href="#[65]">&gt;&gt;</a>&nbsp;&nbsp;&nbsp;DbgConsole_PrintfFormattedData
</UL>
<P>
<H3>
Undefined Global Symbols
</H3><HR></body></html>
